<html>
<body>
<pre>
<h1>µVision Build Log</h1>
<h2>Tool Versions:</h2>
IDE-Version: µVision V5.26.2.0
Copyright (C) 2018 ARM Ltd and ARM Germany GmbH. All rights reserved.
License Information: jorge lucas, unizar, LIC=----
 
Tool Versions:
Toolchain:       MDK-Lite  Version: 5.26.2.0
Toolchain Path:  C:\Keil_v5\ARM\ARMCC\Bin
C Compiler:      Armcc.exe V5.06 update 6 (build 750)
Assembler:       Armasm.exe V5.06 update 6 (build 750)
Linker/Locator:  ArmLink.exe V5.06 update 6 (build 750)
Library Manager: ArmAr.exe V5.06 update 6 (build 750)
Hex Converter:   FromElf.exe V5.06 update 6 (build 750)
CPU DLL:         SARM.DLL V5.26.2.0
Dialog DLL:      DARMP.DLL V1.53.0.0
Target DLL:      UL2ARM.DLL V1.74.10.0
Dialog DLL:      TARMP.DLL V1.53.0.0
 
<h2>Project:</h2>
D:\Informatica\Tercero\HARDWARE\matriz_3x3.uvproj
Project File Date:  09/17/2024

<h2>Output:</h2>
*** Using Compiler 'V5.06 update 6 (build 750)', folder: 'C:\Keil_v5\ARM\ARMCC\Bin'
Rebuild target 'Target 1'
assembling Startup.s...
compiling main.c...
main.c(112): warning:  #550-D: variable "terminos_no_cero_C"  was set but never used
  	uint8_t terminos_no_cero_C;
main.c(113): warning:  #177-D: variable "terminos_no_cero_ARM_C"  was declared but never referenced
  	uint8_t terminos_no_cero_ARM_C;
main.c(114): warning:  #177-D: variable "terminos_no_cero_ARM"  was declared but never referenced
  	uint8_t terminos_no_cero_ARM;
main.c(115): warning:  #177-D: variable "terminos_no_cero_THB"  was declared but never referenced
  	uint8_t terminos_no_cero_THB;
main.c(131): warning:  #550-D: variable "error"  was set but never used
  	int error;
main.c: 5 warnings, 0 errors
linking...
Program Size: Code=1228 RO-data=104 RW-data=72 ZI-data=1256  
".\Objects\matriz_3x3.axf" - 0 Error(s), 5 Warning(s).
Build Time Elapsed:  00:00:00
</pre>
</body>
</html>
