Component: ARM Compiler 5.06 update 6 (build 750) Tool: armlink [4d35ed]

==============================================================================

Section Cross References

    main.o(i.blink_v1) refers to drv_leds.o(i.drv_led_conmutar) for drv_led_conmutar
    main.o(i.blink_v2) refers to drv_leds.o(i.drv_led_encender) for drv_led_encender
    main.o(i.blink_v2) refers to drv_tiempo.o(i.drv_tiempo_actual_ms) for drv_tiempo_actual_ms
    main.o(i.blink_v2) refers to drv_tiempo.o(i.drv_tiempo_esperar_hasta_ms) for drv_tiempo_esperar_hasta_ms
    main.o(i.blink_v2) refers to drv_leds.o(i.drv_led_conmutar) for drv_led_conmutar
    main.o(i.blink_v3) refers to drv_leds.o(i.drv_led_encender) for drv_led_encender
    main.o(i.blink_v3) refers to drv_tiempo.o(i.drv_tiempo_periodico_ms) for drv_tiempo_periodico_ms
    main.o(i.blink_v3) refers to drv_consumo.o(i.drv_consumo_esperar) for drv_consumo_esperar
    main.o(i.blink_v3) refers to main.o(i.leds_c) for leds_c
    main.o(i.blink_v4) refers to rt_fifo.o(i.rt_FIFO_inicializar) for rt_FIFO_inicializar
    main.o(i.blink_v4) refers to drv_leds.o(i.drv_led_encender) for drv_led_encender
    main.o(i.blink_v4) refers to drv_tiempo.o(i.drv_tiempo_periodico_ms) for drv_tiempo_periodico_ms
    main.o(i.blink_v4) refers to rt_fifo.o(i.rt_FIFO_extraer) for rt_FIFO_extraer
    main.o(i.blink_v4) refers to drv_leds.o(i.drv_led_conmutar) for drv_led_conmutar
    main.o(i.blink_v4) refers to drv_consumo.o(i.drv_consumo_esperar) for drv_consumo_esperar
    main.o(i.blink_v4) refers to rt_fifo.o(i.rt_FIFO_encolar) for rt_FIFO_encolar
    main.o(i.encolar) refers to rt_fifo.o(i.rt_FIFO_encolar) for rt_FIFO_encolar
    main.o(i.leds_c) refers to drv_leds.o(i.drv_led_conmutar) for drv_led_conmutar
    main.o(i.main) refers to drv_tiempo.o(i.drv_tiempo_iniciar) for drv_tiempo_iniciar
    main.o(i.main) refers to hal_gpio_nrf.o(i.hal_gpio_iniciar) for hal_gpio_iniciar
    main.o(i.main) refers to drv_leds.o(i.drv_leds_iniciar) for drv_leds_iniciar
    main.o(i.main) refers to drv_monitor.o(i.drv_monitor_iniciar) for drv_monitor_iniciar
    main.o(i.main) refers to rt_fifo.o(i.rt_FIFO_inicializar) for rt_FIFO_inicializar
    main.o(i.main) refers to drv_leds.o(i.drv_led_encender) for drv_led_encender
    main.o(i.main) refers to drv_tiempo.o(i.drv_tiempo_periodico_ms) for drv_tiempo_periodico_ms
    main.o(i.main) refers to rt_fifo.o(i.rt_FIFO_extraer) for rt_FIFO_extraer
    main.o(i.main) refers to drv_leds.o(i.drv_led_conmutar) for drv_led_conmutar
    main.o(i.main) refers to drv_consumo.o(i.drv_consumo_esperar) for drv_consumo_esperar
    main.o(i.main) refers to rt_fifo.o(i.rt_FIFO_encolar) for rt_FIFO_encolar
    drv_leds.o(i.drv_led_apagar) refers to hal_gpio_nrf.o(i.hal_gpio_escribir) for hal_gpio_escribir
    drv_leds.o(i.drv_led_apagar) refers to drv_leds.o(.constdata) for .constdata
    drv_leds.o(i.drv_led_conmutar) refers to hal_gpio_nrf.o(i.hal_gpio_leer) for hal_gpio_leer
    drv_leds.o(i.drv_led_conmutar) refers to hal_gpio_nrf.o(i.hal_gpio_escribir) for hal_gpio_escribir
    drv_leds.o(i.drv_led_conmutar) refers to drv_leds.o(.constdata) for .constdata
    drv_leds.o(i.drv_led_encender) refers to hal_gpio_nrf.o(i.hal_gpio_escribir) for hal_gpio_escribir
    drv_leds.o(i.drv_led_encender) refers to drv_leds.o(.constdata) for .constdata
    drv_leds.o(i.drv_leds_iniciar) refers to hal_gpio_nrf.o(i.hal_gpio_sentido) for hal_gpio_sentido
    drv_leds.o(i.drv_leds_iniciar) refers to hal_gpio_nrf.o(i.hal_gpio_escribir) for hal_gpio_escribir
    drv_leds.o(i.drv_leds_iniciar) refers to drv_leds.o(.constdata) for .constdata
    drv_tiempo.o(i.drv_tiempo_actual_ms) refers to hal_tiempo_nrf.o(i.hal_tiempo_actual_tick) for hal_tiempo_actual_tick
    drv_tiempo.o(i.drv_tiempo_actual_ms) refers to uldiv.o(.text) for __aeabi_uldivmod
    drv_tiempo.o(i.drv_tiempo_actual_ms) refers to drv_tiempo.o(.data) for .data
    drv_tiempo.o(i.drv_tiempo_actual_us) refers to hal_tiempo_nrf.o(i.hal_tiempo_actual_tick) for hal_tiempo_actual_tick
    drv_tiempo.o(i.drv_tiempo_actual_us) refers to uldiv.o(.text) for __aeabi_uldivmod
    drv_tiempo.o(i.drv_tiempo_actual_us) refers to drv_tiempo.o(.data) for .data
    drv_tiempo.o(i.drv_tiempo_esperar_hasta_ms) refers to hal_tiempo_nrf.o(i.hal_tiempo_actual_tick) for hal_tiempo_actual_tick
    drv_tiempo.o(i.drv_tiempo_esperar_hasta_ms) refers to uldiv.o(.text) for __aeabi_uldivmod
    drv_tiempo.o(i.drv_tiempo_esperar_hasta_ms) refers to drv_tiempo.o(i.drv_tiempo_actual_ms) for drv_tiempo_actual_ms
    drv_tiempo.o(i.drv_tiempo_esperar_hasta_ms) refers to drv_tiempo.o(.data) for .data
    drv_tiempo.o(i.drv_tiempo_esperar_ms) refers to drv_tiempo.o(i.drv_tiempo_actual_ms) for drv_tiempo_actual_ms
    drv_tiempo.o(i.drv_tiempo_esperar_ms) refers to hal_tiempo_nrf.o(i.hal_tiempo_actual_tick) for hal_tiempo_actual_tick
    drv_tiempo.o(i.drv_tiempo_esperar_ms) refers to uldiv.o(.text) for __aeabi_uldivmod
    drv_tiempo.o(i.drv_tiempo_esperar_ms) refers to drv_tiempo.o(.data) for .data
    drv_tiempo.o(i.drv_tiempo_iniciar) refers to hal_tiempo_nrf.o(i.hal_tiempo_iniciar_tick) for hal_tiempo_iniciar_tick
    drv_tiempo.o(i.drv_tiempo_iniciar) refers to drv_tiempo.o(.data) for .data
    drv_tiempo.o(i.drv_tiempo_periodico_ms) refers to hal_tiempo_nrf.o(i.hal_tiempo_reloj_periodico_tick) for hal_tiempo_reloj_periodico_tick
    drv_tiempo.o(i.drv_tiempo_periodico_ms) refers to drv_tiempo.o(.data) for .data
    drv_tiempo.o(i.drv_tiempo_periodico_ms) refers to drv_tiempo.o(i.funcionQueLlama) for funcionQueLlama
    drv_tiempo.o(i.funcionQueLlama) refers to drv_tiempo.o(i.drv_tiempo_actual_ms) for drv_tiempo_actual_ms
    drv_tiempo.o(i.funcionQueLlama) refers to drv_tiempo.o(.data) for .data
    drv_consumo.o(i.drv_consumo_dormir) refers to drv_monitor.o(i.drv_monitor_desmarcar) for drv_monitor_desmarcar
    drv_consumo.o(i.drv_consumo_dormir) refers to drv_monitor.o(i.drv_monitor_marcar) for drv_monitor_marcar
    drv_consumo.o(i.drv_consumo_dormir) refers to hal_consumo_nrf.o(i.hal_consumo_dormir) for hal_consumo_dormir
    drv_consumo.o(i.drv_consumo_dormir) refers to drv_consumo.o(.data) for .data
    drv_consumo.o(i.drv_consumo_esperar) refers to drv_monitor.o(i.drv_monitor_desmarcar) for drv_monitor_desmarcar
    drv_consumo.o(i.drv_consumo_esperar) refers to hal_consumo_nrf.o(i.hal_consumo_esperar) for hal_consumo_esperar
    drv_consumo.o(i.drv_consumo_esperar) refers to drv_consumo.o(.data) for .data
    drv_consumo.o(i.drv_consumo_iniciar) refers to drv_monitor.o(i.drv_monitor_iniciar) for drv_monitor_iniciar
    drv_consumo.o(i.drv_consumo_iniciar) refers to drv_monitor.o(i.drv_monitor_marcar) for drv_monitor_marcar
    drv_consumo.o(i.drv_consumo_iniciar) refers to drv_consumo.o(.data) for .data
    drv_monitor.o(i.drv_monitor_conmutar) refers to hal_gpio_nrf.o(i.hal_gpio_leer) for hal_gpio_leer
    drv_monitor.o(i.drv_monitor_conmutar) refers to hal_gpio_nrf.o(i.hal_gpio_escribir) for hal_gpio_escribir
    drv_monitor.o(i.drv_monitor_conmutar) refers to drv_monitor.o(.constdata) for .constdata
    drv_monitor.o(i.drv_monitor_desmarcar) refers to hal_gpio_nrf.o(i.hal_gpio_escribir) for hal_gpio_escribir
    drv_monitor.o(i.drv_monitor_desmarcar) refers to drv_monitor.o(.constdata) for .constdata
    drv_monitor.o(i.drv_monitor_iniciar) refers to hal_gpio_nrf.o(i.hal_gpio_sentido) for hal_gpio_sentido
    drv_monitor.o(i.drv_monitor_iniciar) refers to hal_gpio_nrf.o(i.hal_gpio_escribir) for hal_gpio_escribir
    drv_monitor.o(i.drv_monitor_iniciar) refers to drv_monitor.o(.constdata) for .constdata
    drv_monitor.o(i.drv_monitor_marcar) refers to hal_gpio_nrf.o(i.hal_gpio_escribir) for hal_gpio_escribir
    drv_monitor.o(i.drv_monitor_marcar) refers to drv_monitor.o(.constdata) for .constdata
    rt_fifo.o(i.rt_FIFO_encolar) refers to drv_tiempo.o(i.drv_tiempo_actual_us) for drv_tiempo_actual_us
    rt_fifo.o(i.rt_FIFO_encolar) refers to rt_fifo.o(.data) for .data
    rt_fifo.o(i.rt_FIFO_encolar) refers to rt_fifo.o(.bss) for .bss
    rt_fifo.o(i.rt_FIFO_estadisticas) refers to rt_fifo.o(.bss) for .bss
    rt_fifo.o(i.rt_FIFO_extraer) refers to rt_fifo.o(.data) for .data
    rt_fifo.o(i.rt_FIFO_extraer) refers to rt_fifo.o(.bss) for .bss
    rt_fifo.o(i.rt_FIFO_inicializar) refers to rt_fifo.o(.data) for .data
    hal_tiempo_nrf.o(i.TIMER0_IRQHandler) refers to hal_tiempo_nrf.o(.data) for .data
    hal_tiempo_nrf.o(i.TIMER1_IRQHandler) refers to hal_tiempo_nrf.o(.data) for .data
    hal_tiempo_nrf.o(i.hal_tiempo_actual_tick) refers to hal_tiempo_nrf.o(.data) for .data
    hal_tiempo_nrf.o(i.hal_tiempo_iniciar_tick) refers to hal_tiempo_nrf.o(.data) for .data
    hal_tiempo_nrf.o(i.hal_tiempo_reloj_periodico_tick) refers to hal_tiempo_nrf.o(.data) for .data
    arm_startup_nrf52840.o(RESET) refers to arm_startup_nrf52840.o(STACK) for __initial_sp
    arm_startup_nrf52840.o(RESET) refers to arm_startup_nrf52840.o(.text) for Reset_Handler
    arm_startup_nrf52840.o(RESET) refers to hal_tiempo_nrf.o(i.TIMER0_IRQHandler) for TIMER0_IRQHandler
    arm_startup_nrf52840.o(RESET) refers to hal_tiempo_nrf.o(i.TIMER1_IRQHandler) for TIMER1_IRQHandler
    arm_startup_nrf52840.o(.text) refers to system_nrf52.o(i.SystemInit) for SystemInit
    arm_startup_nrf52840.o(.text) refers to entry.o(.ARM.Collect$$$$00000000) for __main
    system_nrf52.o(i.SystemCoreClockUpdate) refers to system_nrf52.o(.data) for .data
    system_nrf52.o(i.SystemInit) refers to system_nrf52.o(.data) for .data
    entry.o(.ARM.Collect$$$$00000000) refers (Special) to entry10a.o(.ARM.Collect$$$$0000000D) for __rt_final_cpp
    entry.o(.ARM.Collect$$$$00000000) refers (Special) to entry11a.o(.ARM.Collect$$$$0000000F) for __rt_final_exit
    entry.o(.ARM.Collect$$$$00000000) refers (Special) to entry7b.o(.ARM.Collect$$$$00000008) for _main_clock
    entry.o(.ARM.Collect$$$$00000000) refers (Special) to entry8b.o(.ARM.Collect$$$$0000000A) for _main_cpp_init
    entry.o(.ARM.Collect$$$$00000000) refers (Special) to entry9a.o(.ARM.Collect$$$$0000000B) for _main_init
    entry.o(.ARM.Collect$$$$00000000) refers (Special) to entry5.o(.ARM.Collect$$$$00000004) for _main_scatterload
    entry.o(.ARM.Collect$$$$00000000) refers (Special) to entry2.o(.ARM.Collect$$$$00000001) for _main_stk
    uldiv.o(.text) refers to llushr.o(.text) for __aeabi_llsr
    uldiv.o(.text) refers to llshl.o(.text) for __aeabi_llsl
    entry2.o(.ARM.Collect$$$$00000001) refers to entry2.o(.ARM.Collect$$$$00002712) for __lit__00000000
    entry2.o(.ARM.Collect$$$$00002712) refers to arm_startup_nrf52840.o(STACK) for __initial_sp
    entry2.o(__vectab_stack_and_reset_area) refers to arm_startup_nrf52840.o(STACK) for __initial_sp
    entry2.o(__vectab_stack_and_reset_area) refers to entry.o(.ARM.Collect$$$$00000000) for __main
    entry5.o(.ARM.Collect$$$$00000004) refers to init.o(.text) for __scatterload
    entry9a.o(.ARM.Collect$$$$0000000B) refers to main.o(i.main) for main
    entry9b.o(.ARM.Collect$$$$0000000C) refers to main.o(i.main) for main
    init.o(.text) refers to entry5.o(.ARM.Collect$$$$00000004) for __main_after_scatterload


==============================================================================

Removing Unused input sections from the image.

    Removing main.o(i.blink_v1), (36 bytes).
    Removing main.o(i.blink_v2), (30 bytes).
    Removing main.o(i.blink_v3), (32 bytes).
    Removing main.o(i.blink_v4), (56 bytes).
    Removing main.o(i.encolar), (4 bytes).
    Removing main.o(i.leds_c), (4 bytes).
    Removing drv_leds.o(i.drv_led_apagar), (28 bytes).
    Removing drv_tiempo.o(i.drv_tiempo_esperar_hasta_ms), (48 bytes).
    Removing drv_tiempo.o(i.drv_tiempo_esperar_ms), (48 bytes).
    Removing drv_consumo.o(i.drv_consumo_dormir), (28 bytes).
    Removing drv_consumo.o(i.drv_consumo_iniciar), (28 bytes).
    Removing drv_monitor.o(i.drv_monitor_conmutar), (40 bytes).
    Removing drv_monitor.o(i.drv_monitor_marcar), (28 bytes).
    Removing rt_fifo.o(i.rt_FIFO_estadisticas), (32 bytes).
    Removing hal_gpio_nrf.o(.rev16_text), (4 bytes).
    Removing hal_gpio_nrf.o(.revsh_text), (4 bytes).
    Removing hal_gpio_nrf.o(.rrx_text), (6 bytes).
    Removing hal_tiempo_nrf.o(.rev16_text), (4 bytes).
    Removing hal_tiempo_nrf.o(.revsh_text), (4 bytes).
    Removing hal_tiempo_nrf.o(.rrx_text), (6 bytes).
    Removing hal_consumo_nrf.o(.rev16_text), (4 bytes).
    Removing hal_consumo_nrf.o(.revsh_text), (4 bytes).
    Removing hal_consumo_nrf.o(.rrx_text), (6 bytes).
    Removing hal_consumo_nrf.o(i.hal_consumo_dormir), (4 bytes).
    Removing hal_consumo_nrf.o(i.hal_consumo_iniciar), (2 bytes).
    Removing arm_startup_nrf52840.o(HEAP), (16384 bytes).
    Removing system_nrf52.o(.rev16_text), (4 bytes).
    Removing system_nrf52.o(.revsh_text), (4 bytes).
    Removing system_nrf52.o(.rrx_text), (6 bytes).
    Removing system_nrf52.o(i.SystemCoreClockUpdate), (16 bytes).
    Removing system_nrf52.o(i.nvmc_config), (24 bytes).
    Removing system_nrf52.o(i.nvmc_wait), (16 bytes).

32 unused section(s) (total 16944 bytes) removed from the image.

==============================================================================

Image Symbol Table

    Local Symbols

    Symbol Name                              Value     Ov Type        Size  Object(Section)

    RESET                                    0x00000000   Section      512  arm_startup_nrf52840.o(RESET)
    ../clib/microlib/division.c              0x00000000   Number         0  uldiv.o ABSOLUTE
    ../clib/microlib/init/entry.s            0x00000000   Number         0  entry9a.o ABSOLUTE
    ../clib/microlib/init/entry.s            0x00000000   Number         0  entry8b.o ABSOLUTE
    ../clib/microlib/init/entry.s            0x00000000   Number         0  entry.o ABSOLUTE
    ../clib/microlib/init/entry.s            0x00000000   Number         0  entry2.o ABSOLUTE
    ../clib/microlib/init/entry.s            0x00000000   Number         0  entry5.o ABSOLUTE
    ../clib/microlib/init/entry.s            0x00000000   Number         0  entry11b.o ABSOLUTE
    ../clib/microlib/init/entry.s            0x00000000   Number         0  entry7a.o ABSOLUTE
    ../clib/microlib/init/entry.s            0x00000000   Number         0  entry10b.o ABSOLUTE
    ../clib/microlib/init/entry.s            0x00000000   Number         0  entry11a.o ABSOLUTE
    ../clib/microlib/init/entry.s            0x00000000   Number         0  entry7b.o ABSOLUTE
    ../clib/microlib/init/entry.s            0x00000000   Number         0  entry10a.o ABSOLUTE
    ../clib/microlib/init/entry.s            0x00000000   Number         0  entry9b.o ABSOLUTE
    ../clib/microlib/init/entry.s            0x00000000   Number         0  entry8a.o ABSOLUTE
    ../clib/microlib/longlong.c              0x00000000   Number         0  llushr.o ABSOLUTE
    ../clib/microlib/longlong.c              0x00000000   Number         0  llshl.o ABSOLUTE
    ..\..\src\drv_leds.c                     0x00000000   Number         0  drv_leds.o ABSOLUTE
    ..\..\src\drv_tiempo.c                   0x00000000   Number         0  drv_tiempo.o ABSOLUTE
    ..\..\src\main.c                         0x00000000   Number         0  main.o ABSOLUTE
    ..\\src_nrf\\hal_gpio_nrf.c              0x00000000   Number         0  hal_gpio_nrf.o ABSOLUTE
    ..\\src_nrf\\hal_tiempo_nrf.c            0x00000000   Number         0  hal_tiempo_nrf.o ABSOLUTE
    ..\src_nrf\hal_gpio_nrf.c                0x00000000   Number         0  hal_gpio_nrf.o ABSOLUTE
    ..\src_nrf\hal_tiempo_nrf.c              0x00000000   Number         0  hal_tiempo_nrf.o ABSOLUTE
    RTE\Device\nRF52840_xxAA\arm_startup_nrf52840.s 0x00000000   Number         0  arm_startup_nrf52840.o ABSOLUTE
    RTE\Device\nRF52840_xxAA\system_nrf52.c  0x00000000   Number         0  system_nrf52.o ABSOLUTE
    RTE\\Device\\nRF52840_xxAA\\system_nrf52.c 0x00000000   Number         0  system_nrf52.o ABSOLUTE
    dc.s                                     0x00000000   Number         0  dc.o ABSOLUTE
    drv_consumo.c                            0x00000000   Number         0  drv_consumo.o ABSOLUTE
    drv_monitor.c                            0x00000000   Number         0  drv_monitor.o ABSOLUTE
    hal_consumo_nrf.c                        0x00000000   Number         0  hal_consumo_nrf.o ABSOLUTE
    hal_consumo_nrf.c                        0x00000000   Number         0  hal_consumo_nrf.o ABSOLUTE
    handlers.s                               0x00000000   Number         0  handlers.o ABSOLUTE
    init.s                                   0x00000000   Number         0  init.o ABSOLUTE
    rt_fifo.c                                0x00000000   Number         0  rt_fifo.o ABSOLUTE
    .ARM.Collect$$$$00000000                 0x00000200   Section        0  entry.o(.ARM.Collect$$$$00000000)
    .ARM.Collect$$$$00000001                 0x00000200   Section        4  entry2.o(.ARM.Collect$$$$00000001)
    .ARM.Collect$$$$00000004                 0x00000204   Section        4  entry5.o(.ARM.Collect$$$$00000004)
    .ARM.Collect$$$$00000008                 0x00000208   Section        0  entry7b.o(.ARM.Collect$$$$00000008)
    .ARM.Collect$$$$0000000A                 0x00000208   Section        0  entry8b.o(.ARM.Collect$$$$0000000A)
    .ARM.Collect$$$$0000000B                 0x00000208   Section        8  entry9a.o(.ARM.Collect$$$$0000000B)
    .ARM.Collect$$$$0000000D                 0x00000210   Section        0  entry10a.o(.ARM.Collect$$$$0000000D)
    .ARM.Collect$$$$0000000F                 0x00000210   Section        0  entry11a.o(.ARM.Collect$$$$0000000F)
    .ARM.Collect$$$$00002712                 0x00000210   Section        4  entry2.o(.ARM.Collect$$$$00002712)
    __lit__00000000                          0x00000210   Data           4  entry2.o(.ARM.Collect$$$$00002712)
    .text                                    0x00000214   Section       36  arm_startup_nrf52840.o(.text)
    $v0                                      0x00000214   Number         0  arm_startup_nrf52840.o(.text)
    .text                                    0x00000238   Section        0  uldiv.o(.text)
    .text                                    0x0000029a   Section        0  llshl.o(.text)
    .text                                    0x000002b8   Section        0  llushr.o(.text)
    .text                                    0x000002d8   Section       36  init.o(.text)
    i.SystemInit                             0x000002fc   Section        0  system_nrf52.o(i.SystemInit)
    i.TIMER0_IRQHandler                      0x0000057c   Section        0  hal_tiempo_nrf.o(i.TIMER0_IRQHandler)
    i.TIMER1_IRQHandler                      0x000005ac   Section        0  hal_tiempo_nrf.o(i.TIMER1_IRQHandler)
    i.__scatterload_copy                     0x000005d4   Section       14  handlers.o(i.__scatterload_copy)
    i.__scatterload_null                     0x000005e2   Section        2  handlers.o(i.__scatterload_null)
    i.__scatterload_zeroinit                 0x000005e4   Section       14  handlers.o(i.__scatterload_zeroinit)
    i.drv_consumo_esperar                    0x000005f4   Section        0  drv_consumo.o(i.drv_consumo_esperar)
    i.drv_led_conmutar                       0x0000060c   Section        0  drv_leds.o(i.drv_led_conmutar)
    i.drv_led_encender                       0x00000634   Section        0  drv_leds.o(i.drv_led_encender)
    i.drv_leds_iniciar                       0x00000650   Section        0  drv_leds.o(i.drv_leds_iniciar)
    i.drv_monitor_desmarcar                  0x00000680   Section        0  drv_monitor.o(i.drv_monitor_desmarcar)
    i.drv_monitor_iniciar                    0x0000069c   Section        0  drv_monitor.o(i.drv_monitor_iniciar)
    i.drv_tiempo_actual_ms                   0x000006cc   Section        0  drv_tiempo.o(i.drv_tiempo_actual_ms)
    i.drv_tiempo_actual_us                   0x000006ec   Section        0  drv_tiempo.o(i.drv_tiempo_actual_us)
    i.drv_tiempo_iniciar                     0x00000704   Section        0  drv_tiempo.o(i.drv_tiempo_iniciar)
    i.drv_tiempo_periodico_ms                0x00000714   Section        0  drv_tiempo.o(i.drv_tiempo_periodico_ms)
    i.funcionQueLlama                        0x00000738   Section        0  drv_tiempo.o(i.funcionQueLlama)
    i.hal_consumo_esperar                    0x00000750   Section        0  hal_consumo_nrf.o(i.hal_consumo_esperar)
    i.hal_gpio_escribir                      0x00000754   Section        0  hal_gpio_nrf.o(i.hal_gpio_escribir)
    i.hal_gpio_iniciar                       0x00000770   Section        0  hal_gpio_nrf.o(i.hal_gpio_iniciar)
    i.hal_gpio_leer                          0x00000790   Section        0  hal_gpio_nrf.o(i.hal_gpio_leer)
    i.hal_gpio_sentido                       0x000007a8   Section        0  hal_gpio_nrf.o(i.hal_gpio_sentido)
    i.hal_tiempo_actual_tick                 0x000007cc   Section        0  hal_tiempo_nrf.o(i.hal_tiempo_actual_tick)
    i.hal_tiempo_iniciar_tick                0x000007f8   Section        0  hal_tiempo_nrf.o(i.hal_tiempo_iniciar_tick)
    i.hal_tiempo_reloj_periodico_tick        0x00000840   Section        0  hal_tiempo_nrf.o(i.hal_tiempo_reloj_periodico_tick)
    i.main                                   0x000008a0   Section        0  main.o(i.main)
    i.rt_FIFO_encolar                        0x000008fc   Section        0  rt_fifo.o(i.rt_FIFO_encolar)
    i.rt_FIFO_extraer                        0x0000093c   Section        0  rt_fifo.o(i.rt_FIFO_extraer)
    i.rt_FIFO_inicializar                    0x00000984   Section        0  rt_fifo.o(i.rt_FIFO_inicializar)
    .constdata                               0x00000998   Section        4  drv_leds.o(.constdata)
    led_list                                 0x00000998   Data           4  drv_leds.o(.constdata)
    .constdata                               0x0000099c   Section        4  drv_monitor.o(.constdata)
    monitor_list                             0x0000099c   Data           4  drv_monitor.o(.constdata)
    .data                                    0x20000000   Section       12  drv_tiempo.o(.data)
    TICKS2US                                 0x20000000   Data           4  drv_tiempo.o(.data)
    Id                                       0x20000004   Data           4  drv_tiempo.o(.data)
    f_callback                               0x20000008   Data           4  drv_tiempo.o(.data)
    .data                                    0x2000000c   Section        8  drv_consumo.o(.data)
    despertar                                0x2000000c   Data           4  drv_consumo.o(.data)
    dormir                                   0x20000010   Data           4  drv_consumo.o(.data)
    .data                                    0x20000014   Section        8  rt_fifo.o(.data)
    head                                     0x20000014   Data           1  rt_fifo.o(.data)
    tail                                     0x20000015   Data           1  rt_fifo.o(.data)
    num_eventos                              0x20000016   Data           1  rt_fifo.o(.data)
    monitor_overflow                         0x20000018   Data           4  rt_fifo.o(.data)
    .data                                    0x2000001c   Section        8  hal_tiempo_nrf.o(.data)
    timer0_int_count                         0x2000001c   Data           4  hal_tiempo_nrf.o(.data)
    f_callback                               0x20000020   Data           4  hal_tiempo_nrf.o(.data)
    .data                                    0x20000024   Section        4  system_nrf52.o(.data)
    __tagsym$$used                           0x20000024   Number         0  system_nrf52.o(.data)
    .bss                                     0x20000028   Section      768  rt_fifo.o(.bss)
    cola                                     0x20000028   Data         768  rt_fifo.o(.bss)
    STACK                                    0x20000328   Section    16384  arm_startup_nrf52840.o(STACK)

    Global Symbols

    Symbol Name                              Value     Ov Type        Size  Object(Section)

    BuildAttributes$$THM_ISAv4$E$P$D$K$B$S$7EM$VFPi3$EXTD16$VFPS$VFMA$PE$A:L22UL41UL21$X:L11$S22US41US21$IEEE1$IW$USESV6$~STKCKD$USESV7$~SHL$OTIME$EBA8$MICROLIB$REQ8$PRES8$EABIv2 0x00000000   Number         0  anon$$obj.o ABSOLUTE
    __ARM_use_no_argv                        0x00000000   Number         0  main.o ABSOLUTE
    __Vectors                                0x00000000   Data           4  arm_startup_nrf52840.o(RESET)
    __cpp_initialize__aeabi_                  - Undefined Weak Reference
    __cxa_finalize                            - Undefined Weak Reference
    __decompress                              - Undefined Weak Reference
    _clock_init                               - Undefined Weak Reference
    _microlib_exit                            - Undefined Weak Reference
    __Vectors_End                            0x00000200   Data           0  arm_startup_nrf52840.o(RESET)
    __Vectors_Size                           0x00000200   Number         0  arm_startup_nrf52840.o ABSOLUTE
    __main                                   0x00000201   Thumb Code     0  entry.o(.ARM.Collect$$$$00000000)
    _main_stk                                0x00000201   Thumb Code     0  entry2.o(.ARM.Collect$$$$00000001)
    _main_scatterload                        0x00000205   Thumb Code     0  entry5.o(.ARM.Collect$$$$00000004)
    __main_after_scatterload                 0x00000209   Thumb Code     0  entry5.o(.ARM.Collect$$$$00000004)
    _main_clock                              0x00000209   Thumb Code     0  entry7b.o(.ARM.Collect$$$$00000008)
    _main_cpp_init                           0x00000209   Thumb Code     0  entry8b.o(.ARM.Collect$$$$0000000A)
    _main_init                               0x00000209   Thumb Code     0  entry9a.o(.ARM.Collect$$$$0000000B)
    __rt_final_cpp                           0x00000211   Thumb Code     0  entry10a.o(.ARM.Collect$$$$0000000D)
    __rt_final_exit                          0x00000211   Thumb Code     0  entry11a.o(.ARM.Collect$$$$0000000F)
    Reset_Handler                            0x00000215   Thumb Code     8  arm_startup_nrf52840.o(.text)
    NMI_Handler                              0x0000021d   Thumb Code     2  arm_startup_nrf52840.o(.text)
    HardFault_Handler                        0x0000021f   Thumb Code     2  arm_startup_nrf52840.o(.text)
    MemoryManagement_Handler                 0x00000221   Thumb Code     2  arm_startup_nrf52840.o(.text)
    BusFault_Handler                         0x00000223   Thumb Code     2  arm_startup_nrf52840.o(.text)
    UsageFault_Handler                       0x00000225   Thumb Code     2  arm_startup_nrf52840.o(.text)
    SVC_Handler                              0x00000227   Thumb Code     2  arm_startup_nrf52840.o(.text)
    DebugMon_Handler                         0x00000229   Thumb Code     2  arm_startup_nrf52840.o(.text)
    PendSV_Handler                           0x0000022b   Thumb Code     2  arm_startup_nrf52840.o(.text)
    SysTick_Handler                          0x0000022d   Thumb Code     2  arm_startup_nrf52840.o(.text)
    CCM_AAR_IRQHandler                       0x0000022f   Thumb Code     0  arm_startup_nrf52840.o(.text)
    COMP_LPCOMP_IRQHandler                   0x0000022f   Thumb Code     0  arm_startup_nrf52840.o(.text)
    CRYPTOCELL_IRQHandler                    0x0000022f   Thumb Code     0  arm_startup_nrf52840.o(.text)
    ECB_IRQHandler                           0x0000022f   Thumb Code     0  arm_startup_nrf52840.o(.text)
    FPU_IRQHandler                           0x0000022f   Thumb Code     0  arm_startup_nrf52840.o(.text)
    GPIOTE_IRQHandler                        0x0000022f   Thumb Code     0  arm_startup_nrf52840.o(.text)
    I2S_IRQHandler                           0x0000022f   Thumb Code     0  arm_startup_nrf52840.o(.text)
    MWU_IRQHandler                           0x0000022f   Thumb Code     0  arm_startup_nrf52840.o(.text)
    NFCT_IRQHandler                          0x0000022f   Thumb Code     0  arm_startup_nrf52840.o(.text)
    PDM_IRQHandler                           0x0000022f   Thumb Code     0  arm_startup_nrf52840.o(.text)
    POWER_CLOCK_IRQHandler                   0x0000022f   Thumb Code     0  arm_startup_nrf52840.o(.text)
    PWM0_IRQHandler                          0x0000022f   Thumb Code     0  arm_startup_nrf52840.o(.text)
    PWM1_IRQHandler                          0x0000022f   Thumb Code     0  arm_startup_nrf52840.o(.text)
    PWM2_IRQHandler                          0x0000022f   Thumb Code     0  arm_startup_nrf52840.o(.text)
    PWM3_IRQHandler                          0x0000022f   Thumb Code     0  arm_startup_nrf52840.o(.text)
    QDEC_IRQHandler                          0x0000022f   Thumb Code     0  arm_startup_nrf52840.o(.text)
    QSPI_IRQHandler                          0x0000022f   Thumb Code     0  arm_startup_nrf52840.o(.text)
    RADIO_IRQHandler                         0x0000022f   Thumb Code     0  arm_startup_nrf52840.o(.text)
    RNG_IRQHandler                           0x0000022f   Thumb Code     0  arm_startup_nrf52840.o(.text)
    RTC0_IRQHandler                          0x0000022f   Thumb Code     0  arm_startup_nrf52840.o(.text)
    RTC1_IRQHandler                          0x0000022f   Thumb Code     0  arm_startup_nrf52840.o(.text)
    RTC2_IRQHandler                          0x0000022f   Thumb Code     0  arm_startup_nrf52840.o(.text)
    SAADC_IRQHandler                         0x0000022f   Thumb Code     0  arm_startup_nrf52840.o(.text)
    SPIM0_SPIS0_TWIM0_TWIS0_SPI0_TWI0_IRQHandler 0x0000022f   Thumb Code     0  arm_startup_nrf52840.o(.text)
    SPIM1_SPIS1_TWIM1_TWIS1_SPI1_TWI1_IRQHandler 0x0000022f   Thumb Code     0  arm_startup_nrf52840.o(.text)
    SPIM2_SPIS2_SPI2_IRQHandler              0x0000022f   Thumb Code     0  arm_startup_nrf52840.o(.text)
    SPIM3_IRQHandler                         0x0000022f   Thumb Code     0  arm_startup_nrf52840.o(.text)
    SWI0_EGU0_IRQHandler                     0x0000022f   Thumb Code     0  arm_startup_nrf52840.o(.text)
    SWI1_EGU1_IRQHandler                     0x0000022f   Thumb Code     0  arm_startup_nrf52840.o(.text)
    SWI2_EGU2_IRQHandler                     0x0000022f   Thumb Code     0  arm_startup_nrf52840.o(.text)
    SWI3_EGU3_IRQHandler                     0x0000022f   Thumb Code     0  arm_startup_nrf52840.o(.text)
    SWI4_EGU4_IRQHandler                     0x0000022f   Thumb Code     0  arm_startup_nrf52840.o(.text)
    SWI5_EGU5_IRQHandler                     0x0000022f   Thumb Code     0  arm_startup_nrf52840.o(.text)
    TEMP_IRQHandler                          0x0000022f   Thumb Code     0  arm_startup_nrf52840.o(.text)
    TIMER2_IRQHandler                        0x0000022f   Thumb Code     0  arm_startup_nrf52840.o(.text)
    TIMER3_IRQHandler                        0x0000022f   Thumb Code     0  arm_startup_nrf52840.o(.text)
    TIMER4_IRQHandler                        0x0000022f   Thumb Code     0  arm_startup_nrf52840.o(.text)
    UARTE0_UART0_IRQHandler                  0x0000022f   Thumb Code     0  arm_startup_nrf52840.o(.text)
    UARTE1_IRQHandler                        0x0000022f   Thumb Code     0  arm_startup_nrf52840.o(.text)
    USBD_IRQHandler                          0x0000022f   Thumb Code     0  arm_startup_nrf52840.o(.text)
    WDT_IRQHandler                           0x0000022f   Thumb Code     0  arm_startup_nrf52840.o(.text)
    __aeabi_uldivmod                         0x00000239   Thumb Code    98  uldiv.o(.text)
    __aeabi_llsl                             0x0000029b   Thumb Code    30  llshl.o(.text)
    _ll_shift_l                              0x0000029b   Thumb Code     0  llshl.o(.text)
    __aeabi_llsr                             0x000002b9   Thumb Code    32  llushr.o(.text)
    _ll_ushift_r                             0x000002b9   Thumb Code     0  llushr.o(.text)
    __scatterload                            0x000002d9   Thumb Code    28  init.o(.text)
    __scatterload_rt2                        0x000002d9   Thumb Code     0  init.o(.text)
    SystemInit                               0x000002fd   Thumb Code   500  system_nrf52.o(i.SystemInit)
    TIMER0_IRQHandler                        0x0000057d   Thumb Code    40  hal_tiempo_nrf.o(i.TIMER0_IRQHandler)
    TIMER1_IRQHandler                        0x000005ad   Thumb Code    32  hal_tiempo_nrf.o(i.TIMER1_IRQHandler)
    __scatterload_copy                       0x000005d5   Thumb Code    14  handlers.o(i.__scatterload_copy)
    __scatterload_null                       0x000005e3   Thumb Code     2  handlers.o(i.__scatterload_null)
    __scatterload_zeroinit                   0x000005e5   Thumb Code    14  handlers.o(i.__scatterload_zeroinit)
    drv_consumo_esperar                      0x000005f5   Thumb Code    18  drv_consumo.o(i.drv_consumo_esperar)
    drv_led_conmutar                         0x0000060d   Thumb Code    36  drv_leds.o(i.drv_led_conmutar)
    drv_led_encender                         0x00000635   Thumb Code    22  drv_leds.o(i.drv_led_encender)
    drv_leds_iniciar                         0x00000651   Thumb Code    44  drv_leds.o(i.drv_leds_iniciar)
    drv_monitor_desmarcar                    0x00000681   Thumb Code    24  drv_monitor.o(i.drv_monitor_desmarcar)
    drv_monitor_iniciar                      0x0000069d   Thumb Code    44  drv_monitor.o(i.drv_monitor_iniciar)
    drv_tiempo_actual_ms                     0x000006cd   Thumb Code    28  drv_tiempo.o(i.drv_tiempo_actual_ms)
    drv_tiempo_actual_us                     0x000006ed   Thumb Code    18  drv_tiempo.o(i.drv_tiempo_actual_us)
    drv_tiempo_iniciar                       0x00000705   Thumb Code    12  drv_tiempo.o(i.drv_tiempo_iniciar)
    drv_tiempo_periodico_ms                  0x00000715   Thumb Code    28  drv_tiempo.o(i.drv_tiempo_periodico_ms)
    funcionQueLlama                          0x00000739   Thumb Code    20  drv_tiempo.o(i.funcionQueLlama)
    hal_consumo_esperar                      0x00000751   Thumb Code     4  hal_consumo_nrf.o(i.hal_consumo_esperar)
    hal_gpio_escribir                        0x00000755   Thumb Code    20  hal_gpio_nrf.o(i.hal_gpio_escribir)
    hal_gpio_iniciar                         0x00000771   Thumb Code    24  hal_gpio_nrf.o(i.hal_gpio_iniciar)
    hal_gpio_leer                            0x00000791   Thumb Code    18  hal_gpio_nrf.o(i.hal_gpio_leer)
    hal_gpio_sentido                         0x000007a9   Thumb Code    30  hal_gpio_nrf.o(i.hal_gpio_sentido)
    hal_tiempo_actual_tick                   0x000007cd   Thumb Code    30  hal_tiempo_nrf.o(i.hal_tiempo_actual_tick)
    hal_tiempo_iniciar_tick                  0x000007f9   Thumb Code    50  hal_tiempo_nrf.o(i.hal_tiempo_iniciar_tick)
    hal_tiempo_reloj_periodico_tick          0x00000841   Thumb Code    74  hal_tiempo_nrf.o(i.hal_tiempo_reloj_periodico_tick)
    main                                     0x000008a1   Thumb Code    88  main.o(i.main)
    rt_FIFO_encolar                          0x000008fd   Thumb Code    56  rt_fifo.o(i.rt_FIFO_encolar)
    rt_FIFO_extraer                          0x0000093d   Thumb Code    64  rt_fifo.o(i.rt_FIFO_extraer)
    rt_FIFO_inicializar                      0x00000985   Thumb Code    14  rt_fifo.o(i.rt_FIFO_inicializar)
    Region$$Table$$Base                      0x000009a0   Number         0  anon$$obj.o(Region$$Table)
    Region$$Table$$Limit                     0x000009c0   Number         0  anon$$obj.o(Region$$Table)
    SystemCoreClock                          0x20000024   Data           4  system_nrf52.o(.data)
    __initial_sp                             0x20004328   Data           0  arm_startup_nrf52840.o(STACK)



==============================================================================

Memory Map of the image

  Image Entry point : 0x00000215

  Load Region LR_1 (Base: 0x00000000, Size: 0x000009e8, Max: 0xffffffff, ABSOLUTE)

    Execution Region ER_RO (Exec base: 0x00000000, Load base: 0x00000000, Size: 0x000009c0, Max: 0xffffffff, ABSOLUTE)

    Exec Addr    Load Addr    Size         Type   Attr      Idx    E Section Name        Object

    0x00000000   0x00000000   0x00000200   Data   RO          464    RESET               arm_startup_nrf52840.o
    0x00000200   0x00000200   0x00000000   Code   RO          534  * .ARM.Collect$$$$00000000  mc_w.l(entry.o)
    0x00000200   0x00000200   0x00000004   Code   RO          539    .ARM.Collect$$$$00000001  mc_w.l(entry2.o)
    0x00000204   0x00000204   0x00000004   Code   RO          542    .ARM.Collect$$$$00000004  mc_w.l(entry5.o)
    0x00000208   0x00000208   0x00000000   Code   RO          544    .ARM.Collect$$$$00000008  mc_w.l(entry7b.o)
    0x00000208   0x00000208   0x00000000   Code   RO          546    .ARM.Collect$$$$0000000A  mc_w.l(entry8b.o)
    0x00000208   0x00000208   0x00000008   Code   RO          547    .ARM.Collect$$$$0000000B  mc_w.l(entry9a.o)
    0x00000210   0x00000210   0x00000000   Code   RO          549    .ARM.Collect$$$$0000000D  mc_w.l(entry10a.o)
    0x00000210   0x00000210   0x00000000   Code   RO          551    .ARM.Collect$$$$0000000F  mc_w.l(entry11a.o)
    0x00000210   0x00000210   0x00000004   Code   RO          540    .ARM.Collect$$$$00002712  mc_w.l(entry2.o)
    0x00000214   0x00000214   0x00000024   Code   RO          465  * .text               arm_startup_nrf52840.o
    0x00000238   0x00000238   0x00000062   Code   RO          537    .text               mc_w.l(uldiv.o)
    0x0000029a   0x0000029a   0x0000001e   Code   RO          553    .text               mc_w.l(llshl.o)
    0x000002b8   0x000002b8   0x00000020   Code   RO          555    .text               mc_w.l(llushr.o)
    0x000002d8   0x000002d8   0x00000024   Code   RO          557    .text               mc_w.l(init.o)
    0x000002fc   0x000002fc   0x00000280   Code   RO          473    i.SystemInit        system_nrf52.o
    0x0000057c   0x0000057c   0x00000030   Code   RO          375    i.TIMER0_IRQHandler  hal_tiempo_nrf.o
    0x000005ac   0x000005ac   0x00000028   Code   RO          376    i.TIMER1_IRQHandler  hal_tiempo_nrf.o
    0x000005d4   0x000005d4   0x0000000e   Code   RO          561    i.__scatterload_copy  mc_w.l(handlers.o)
    0x000005e2   0x000005e2   0x00000002   Code   RO          562    i.__scatterload_null  mc_w.l(handlers.o)
    0x000005e4   0x000005e4   0x0000000e   Code   RO          563    i.__scatterload_zeroinit  mc_w.l(handlers.o)
    0x000005f2   0x000005f2   0x00000002   PAD
    0x000005f4   0x000005f4   0x00000018   Code   RO          170    i.drv_consumo_esperar  drv_consumo.o
    0x0000060c   0x0000060c   0x00000028   Code   RO           80    i.drv_led_conmutar  drv_leds.o
    0x00000634   0x00000634   0x0000001c   Code   RO           81    i.drv_led_encender  drv_leds.o
    0x00000650   0x00000650   0x00000030   Code   RO           82    i.drv_leds_iniciar  drv_leds.o
    0x00000680   0x00000680   0x0000001c   Code   RO          205    i.drv_monitor_desmarcar  drv_monitor.o
    0x0000069c   0x0000069c   0x00000030   Code   RO          206    i.drv_monitor_iniciar  drv_monitor.o
    0x000006cc   0x000006cc   0x00000020   Code   RO          117    i.drv_tiempo_actual_ms  drv_tiempo.o
    0x000006ec   0x000006ec   0x00000018   Code   RO          118    i.drv_tiempo_actual_us  drv_tiempo.o
    0x00000704   0x00000704   0x00000010   Code   RO          121    i.drv_tiempo_iniciar  drv_tiempo.o
    0x00000714   0x00000714   0x00000024   Code   RO          122    i.drv_tiempo_periodico_ms  drv_tiempo.o
    0x00000738   0x00000738   0x00000018   Code   RO          123    i.funcionQueLlama   drv_tiempo.o
    0x00000750   0x00000750   0x00000004   Code   RO          430    i.hal_consumo_esperar  hal_consumo_nrf.o
    0x00000754   0x00000754   0x0000001c   Code   RO          291    i.hal_gpio_escribir  hal_gpio_nrf.o
    0x00000770   0x00000770   0x00000020   Code   RO          292    i.hal_gpio_iniciar  hal_gpio_nrf.o
    0x00000790   0x00000790   0x00000018   Code   RO          293    i.hal_gpio_leer     hal_gpio_nrf.o
    0x000007a8   0x000007a8   0x00000024   Code   RO          294    i.hal_gpio_sentido  hal_gpio_nrf.o
    0x000007cc   0x000007cc   0x0000002c   Code   RO          377    i.hal_tiempo_actual_tick  hal_tiempo_nrf.o
    0x000007f8   0x000007f8   0x00000048   Code   RO          378    i.hal_tiempo_iniciar_tick  hal_tiempo_nrf.o
    0x00000840   0x00000840   0x00000060   Code   RO          379    i.hal_tiempo_reloj_periodico_tick  hal_tiempo_nrf.o
    0x000008a0   0x000008a0   0x0000005c   Code   RO            7    i.main              main.o
    0x000008fc   0x000008fc   0x00000040   Code   RO          242    i.rt_FIFO_encolar   rt_fifo.o
    0x0000093c   0x0000093c   0x00000048   Code   RO          244    i.rt_FIFO_extraer   rt_fifo.o
    0x00000984   0x00000984   0x00000014   Code   RO          245    i.rt_FIFO_inicializar  rt_fifo.o
    0x00000998   0x00000998   0x00000004   Data   RO           83    .constdata          drv_leds.o
    0x0000099c   0x0000099c   0x00000004   Data   RO          208    .constdata          drv_monitor.o
    0x000009a0   0x000009a0   0x00000020   Data   RO          559    Region$$Table       anon$$obj.o


    Execution Region ER_RW (Exec base: 0x20000000, Load base: 0x000009c0, Size: 0x00000028, Max: 0xffffffff, ABSOLUTE)

    Exec Addr    Load Addr    Size         Type   Attr      Idx    E Section Name        Object

    0x20000000   0x000009c0   0x0000000c   Data   RW          124    .data               drv_tiempo.o
    0x2000000c   0x000009cc   0x00000008   Data   RW          172    .data               drv_consumo.o
    0x20000014   0x000009d4   0x00000008   Data   RW          247    .data               rt_fifo.o
    0x2000001c   0x000009dc   0x00000008   Data   RW          380    .data               hal_tiempo_nrf.o
    0x20000024   0x000009e4   0x00000004   Data   RW          476    .data               system_nrf52.o


    Execution Region ER_ZI (Exec base: 0x20000028, Load base: 0x000009e8, Size: 0x00004300, Max: 0xffffffff, ABSOLUTE)

    Exec Addr    Load Addr    Size         Type   Attr      Idx    E Section Name        Object

    0x20000028        -       0x00000300   Zero   RW          246    .bss                rt_fifo.o
    0x20000328        -       0x00004000   Zero   RW          462    STACK               arm_startup_nrf52840.o


==============================================================================

Image component sizes


      Code (inc. data)   RO Data    RW Data    ZI Data      Debug   Object Name

        36          8        512          0      16384        908   arm_startup_nrf52840.o
        24          6          0          8          0       1118   drv_consumo.o
       116         14          4          0          0       2602   drv_leds.o
        76          8          4          0          0       1922   drv_monitor.o
       132         26          0         12          0       3785   drv_tiempo.o
         4          0          0          0          0        498   hal_consumo_nrf.o
       120         28          0          0          0      37454   hal_gpio_nrf.o
       300         74          0          8          0      34500   hal_tiempo_nrf.o
        92          4          0          0          0       6954   main.o
       156         22          0          8        768       3250   rt_fifo.o
       640        140          0          4          0      61704   system_nrf52.o

    ----------------------------------------------------------------------
      1696        330        552         40      17152     154695   Object Totals
         0          0         32          0          0          0   (incl. Generated)
         0          0          0          0          0          0   (incl. Padding)

    ----------------------------------------------------------------------

      Code (inc. data)   RO Data    RW Data    ZI Data      Debug   Library Member Name

         0          0          0          0          0          0   entry.o
         0          0          0          0          0          0   entry10a.o
         0          0          0          0          0          0   entry11a.o
         8          4          0          0          0          0   entry2.o
         4          0          0          0          0          0   entry5.o
         0          0          0          0          0          0   entry7b.o
         0          0          0          0          0          0   entry8b.o
         8          4          0          0          0          0   entry9a.o
        30          0          0          0          0          0   handlers.o
        36          8          0          0          0         68   init.o
        30          0          0          0          0         68   llshl.o
        32          0          0          0          0         68   llushr.o
        98          0          0          0          0         92   uldiv.o

    ----------------------------------------------------------------------
       248         16          0          0          0        296   Library Totals
         2          0          0          0          0          0   (incl. Padding)

    ----------------------------------------------------------------------

      Code (inc. data)   RO Data    RW Data    ZI Data      Debug   Library Name

       246         16          0          0          0        296   mc_w.l

    ----------------------------------------------------------------------
       248         16          0          0          0        296   Library Totals

    ----------------------------------------------------------------------

==============================================================================


      Code (inc. data)   RO Data    RW Data    ZI Data      Debug   

      1944        346        552         40      17152     153243   Grand Totals
      1944        346        552         40      17152     153243   ELF Image Totals
      1944        346        552         40          0          0   ROM Totals

==============================================================================

    Total RO  Size (Code + RO Data)                 2496 (   2.44kB)
    Total RW  Size (RW Data + ZI Data)             17192 (  16.79kB)
    Total ROM Size (Code + RO Data + RW Data)       2536 (   2.48kB)

==============================================================================

