Component: ARM Compiler 5.06 update 6 (build 750) Tool: armlink [4d35ed]

==============================================================================

Section Cross References

    main.o(i.leds_dormir) refers to drv_leds.o(i.drv_led_apagar) for drv_led_apagar
    main.o(i.main) refers to drv_tiempo.o(i.drv_tiempo_iniciar) for drv_tiempo_iniciar
    main.o(i.main) refers to hal_gpio_nrf.o(i.hal_gpio_iniciar) for hal_gpio_iniciar
    main.o(i.main) refers to drv_consumo.o(i.drv_consumo_iniciar) for drv_consumo_iniciar
    main.o(i.main) refers to rt_fifo.o(i.rt_FIFO_inicializar) for rt_FIFO_inicializar
    main.o(i.main) refers to rt_ge.o(i.rt_GE_iniciar) for rt_GE_iniciar
    main.o(i.main) refers to rt_ge.o(i.svc_GE_suscribir) for svc_GE_suscribir
    main.o(i.main) refers to svc_alarma.o(i.svc_alarma_iniciar) for svc_alarma_iniciar
    main.o(i.main) refers to drv_leds.o(i.drv_leds_iniciar) for drv_leds_iniciar
    main.o(i.main) refers to drv_monitor.o(i.drv_monitor_iniciar) for drv_monitor_iniciar
    main.o(i.main) refers to drv_botones.o(i.drv_botones_iniciar) for drv_botones_iniciar
    main.o(i.main) refers to simon.o(i.simon_iniciar) for simon_iniciar
    main.o(i.main) refers to main.o(i.leds_dormir) for leds_dormir
    main.o(i.main) refers to rt_fifo.o(i.rt_FIFO_encolar) for rt_FIFO_encolar
    main.o(i.main) refers to main.o(.data) for .data
    drv_leds.o(i.drv_led_apagar) refers to hal_gpio_nrf.o(i.hal_gpio_escribir) for hal_gpio_escribir
    drv_leds.o(i.drv_led_apagar) refers to drv_leds.o(.constdata) for .constdata
    drv_leds.o(i.drv_led_conmutar) refers to hal_gpio_nrf.o(i.hal_gpio_leer) for hal_gpio_leer
    drv_leds.o(i.drv_led_conmutar) refers to hal_gpio_nrf.o(i.hal_gpio_escribir) for hal_gpio_escribir
    drv_leds.o(i.drv_led_conmutar) refers to drv_leds.o(.constdata) for .constdata
    drv_leds.o(i.drv_led_encender) refers to hal_gpio_nrf.o(i.hal_gpio_escribir) for hal_gpio_escribir
    drv_leds.o(i.drv_led_encender) refers to drv_leds.o(.constdata) for .constdata
    drv_leds.o(i.drv_leds_iniciar) refers to hal_gpio_nrf.o(i.hal_gpio_sentido) for hal_gpio_sentido
    drv_leds.o(i.drv_leds_iniciar) refers to hal_gpio_nrf.o(i.hal_gpio_escribir) for hal_gpio_escribir
    drv_leds.o(i.drv_leds_iniciar) refers to drv_leds.o(.constdata) for .constdata
    drv_tiempo.o(i.drv_tiempo_actual_ms) refers to hal_tiempo_nrf.o(i.hal_tiempo_actual_tick) for hal_tiempo_actual_tick
    drv_tiempo.o(i.drv_tiempo_actual_ms) refers to uldiv.o(.text) for __aeabi_uldivmod
    drv_tiempo.o(i.drv_tiempo_actual_ms) refers to drv_tiempo.o(.data) for .data
    drv_tiempo.o(i.drv_tiempo_actual_us) refers to hal_tiempo_nrf.o(i.hal_tiempo_actual_tick) for hal_tiempo_actual_tick
    drv_tiempo.o(i.drv_tiempo_actual_us) refers to uldiv.o(.text) for __aeabi_uldivmod
    drv_tiempo.o(i.drv_tiempo_actual_us) refers to drv_tiempo.o(.data) for .data
    drv_tiempo.o(i.drv_tiempo_esperar_hasta_ms) refers to hal_tiempo_nrf.o(i.hal_tiempo_actual_tick) for hal_tiempo_actual_tick
    drv_tiempo.o(i.drv_tiempo_esperar_hasta_ms) refers to uldiv.o(.text) for __aeabi_uldivmod
    drv_tiempo.o(i.drv_tiempo_esperar_hasta_ms) refers to drv_tiempo.o(i.drv_tiempo_actual_ms) for drv_tiempo_actual_ms
    drv_tiempo.o(i.drv_tiempo_esperar_hasta_ms) refers to drv_tiempo.o(.data) for .data
    drv_tiempo.o(i.drv_tiempo_esperar_ms) refers to drv_tiempo.o(i.drv_tiempo_actual_ms) for drv_tiempo_actual_ms
    drv_tiempo.o(i.drv_tiempo_esperar_ms) refers to hal_tiempo_nrf.o(i.hal_tiempo_actual_tick) for hal_tiempo_actual_tick
    drv_tiempo.o(i.drv_tiempo_esperar_ms) refers to uldiv.o(.text) for __aeabi_uldivmod
    drv_tiempo.o(i.drv_tiempo_esperar_ms) refers to drv_tiempo.o(.data) for .data
    drv_tiempo.o(i.drv_tiempo_iniciar) refers to hal_tiempo_nrf.o(i.hal_tiempo_iniciar_tick) for hal_tiempo_iniciar_tick
    drv_tiempo.o(i.drv_tiempo_iniciar) refers to drv_tiempo.o(.data) for .data
    drv_tiempo.o(i.drv_tiempo_periodico_ms) refers to hal_tiempo_nrf.o(i.hal_tiempo_reloj_periodico_tick) for hal_tiempo_reloj_periodico_tick
    drv_tiempo.o(i.drv_tiempo_periodico_ms) refers to drv_tiempo.o(.data) for .data
    drv_tiempo.o(i.drv_tiempo_periodico_ms) refers to drv_tiempo.o(i.funcionQueLlama) for funcionQueLlama
    drv_tiempo.o(i.funcionQueLlama) refers to drv_tiempo.o(i.drv_tiempo_actual_ms) for drv_tiempo_actual_ms
    drv_tiempo.o(i.funcionQueLlama) refers to drv_tiempo.o(.data) for .data
    drv_botones.o(i.comprobar_botones_pulsados) refers to hal_ext_int_nrf.o(i.hal_ext_int_comprobar_pulsado) for hal_ext_int_comprobar_pulsado
    drv_botones.o(i.comprobar_botones_pulsados) refers to drv_botones.o(.constdata) for .constdata
    drv_botones.o(i.drv_botones_cb) refers to drv_botones.o(.data) for .data
    drv_botones.o(i.drv_botones_cb) refers to drv_botones.o(.constdata) for .constdata
    drv_botones.o(i.drv_botones_iniciar) refers to hal_ext_int_nrf.o(i.hal_ext_int_iniciar) for hal_ext_int_iniciar
    drv_botones.o(i.drv_botones_iniciar) refers to hal_gpio_nrf.o(i.hal_gpio_sentido) for hal_gpio_sentido
    drv_botones.o(i.drv_botones_iniciar) refers to hal_ext_int_nrf.o(i.hal_ext_int_iniciar_boton) for hal_ext_int_iniciar_boton
    drv_botones.o(i.drv_botones_iniciar) refers to rt_ge.o(i.svc_GE_suscribir) for svc_GE_suscribir
    drv_botones.o(i.drv_botones_iniciar) refers to drv_botones.o(.data) for .data
    drv_botones.o(i.drv_botones_iniciar) refers to drv_botones.o(i.drv_botones_cb) for drv_botones_cb
    drv_botones.o(i.drv_botones_iniciar) refers to drv_botones.o(.constdata) for .constdata
    drv_botones.o(i.drv_botones_iniciar) refers to drv_botones.o(i.drv_botones_tratar) for drv_botones_tratar
    drv_botones.o(i.drv_botones_tratar) refers to hal_ext_int_nrf.o(i.hal_ext_int_habilitar) for hal_ext_int_habilitar
    drv_botones.o(i.drv_botones_tratar) refers to svc_alarma.o(i.svc_alarma_codificar) for svc_alarma_codificar
    drv_botones.o(i.drv_botones_tratar) refers to svc_alarma.o(i.svc_alarma_activar) for svc_alarma_activar
    drv_botones.o(i.drv_botones_tratar) refers to hal_ext_int_nrf.o(i.hal_ext_int_comprobar_pulsado) for hal_ext_int_comprobar_pulsado
    drv_botones.o(i.drv_botones_tratar) refers to drv_botones.o(.data) for .data
    drv_botones.o(i.drv_botones_tratar) refers to drv_botones.o(.constdata) for .constdata
    drv_consumo.o(i.drv_consumo_dormir) refers to drv_monitor.o(i.drv_monitor_marcar) for drv_monitor_marcar
    drv_consumo.o(i.drv_consumo_dormir) refers to hal_consumo_nrf.o(i.hal_consumo_dormir) for hal_consumo_dormir
    drv_consumo.o(i.drv_consumo_dormir) refers to drv_consumo.o(.data) for .data
    drv_consumo.o(i.drv_consumo_esperar) refers to drv_monitor.o(i.drv_monitor_desmarcar) for drv_monitor_desmarcar
    drv_consumo.o(i.drv_consumo_esperar) refers to hal_consumo_nrf.o(i.hal_consumo_esperar) for hal_consumo_esperar
    drv_consumo.o(i.drv_consumo_esperar) refers to drv_monitor.o(i.drv_monitor_marcar) for drv_monitor_marcar
    drv_consumo.o(i.drv_consumo_esperar) refers to drv_consumo.o(.data) for .data
    drv_consumo.o(i.drv_consumo_iniciar) refers to drv_monitor.o(i.drv_monitor_iniciar) for drv_monitor_iniciar
    drv_consumo.o(i.drv_consumo_iniciar) refers to drv_monitor.o(i.drv_monitor_marcar) for drv_monitor_marcar
    drv_consumo.o(i.drv_consumo_iniciar) refers to hal_consumo_nrf.o(i.hal_consumo_iniciar) for hal_consumo_iniciar
    drv_consumo.o(i.drv_consumo_iniciar) refers to drv_consumo.o(.data) for .data
    drv_monitor.o(i.drv_monitor_conmutar) refers to hal_gpio_nrf.o(i.hal_gpio_leer) for hal_gpio_leer
    drv_monitor.o(i.drv_monitor_conmutar) refers to hal_gpio_nrf.o(i.hal_gpio_escribir) for hal_gpio_escribir
    drv_monitor.o(i.drv_monitor_conmutar) refers to drv_monitor.o(.constdata) for .constdata
    drv_monitor.o(i.drv_monitor_desmarcar) refers to hal_gpio_nrf.o(i.hal_gpio_escribir) for hal_gpio_escribir
    drv_monitor.o(i.drv_monitor_desmarcar) refers to drv_monitor.o(.constdata) for .constdata
    drv_monitor.o(i.drv_monitor_iniciar) refers to hal_gpio_nrf.o(i.hal_gpio_sentido) for hal_gpio_sentido
    drv_monitor.o(i.drv_monitor_iniciar) refers to hal_gpio_nrf.o(i.hal_gpio_escribir) for hal_gpio_escribir
    drv_monitor.o(i.drv_monitor_iniciar) refers to drv_monitor.o(.constdata) for .constdata
    drv_monitor.o(i.drv_monitor_marcar) refers to hal_gpio_nrf.o(i.hal_gpio_escribir) for hal_gpio_escribir
    drv_monitor.o(i.drv_monitor_marcar) refers to drv_monitor.o(.constdata) for .constdata
    rt_fifo.o(i.rt_FIFO_conteo) refers to rt_fifo.o(.bss) for .bss
    rt_fifo.o(i.rt_FIFO_encolar) refers to hal_sc_nrf.o(i.SC_entrar_disable_irq) for SC_entrar_disable_irq
    rt_fifo.o(i.rt_FIFO_encolar) refers to drv_tiempo.o(i.drv_tiempo_actual_us) for drv_tiempo_actual_us
    rt_fifo.o(i.rt_FIFO_encolar) refers to rt_fifo.o(i.rt_FIFO_conteo) for rt_FIFO_conteo
    rt_fifo.o(i.rt_FIFO_encolar) refers to hal_sc_nrf.o(i.SC_salir_enable_irq) for SC_salir_enable_irq
    rt_fifo.o(i.rt_FIFO_encolar) refers to drv_monitor.o(i.drv_monitor_marcar) for drv_monitor_marcar
    rt_fifo.o(i.rt_FIFO_encolar) refers to rt_fifo.o(.data) for .data
    rt_fifo.o(i.rt_FIFO_encolar) refers to rt_fifo.o(.bss) for .bss
    rt_fifo.o(i.rt_FIFO_estadisticas) refers to rt_fifo.o(.bss) for .bss
    rt_fifo.o(i.rt_FIFO_eventos_encolados) refers to rt_fifo.o(.bss) for .bss
    rt_fifo.o(i.rt_FIFO_extraer) refers to hal_sc_nrf.o(i.SC_entrar_disable_irq) for SC_entrar_disable_irq
    rt_fifo.o(i.rt_FIFO_extraer) refers to hal_wdt_nrf.o(i.hal_WDT_feed) for hal_WDT_feed
    rt_fifo.o(i.rt_FIFO_extraer) refers to hal_sc_nrf.o(i.SC_salir_enable_irq) for SC_salir_enable_irq
    rt_fifo.o(i.rt_FIFO_extraer) refers to rt_fifo.o(.data) for .data
    rt_fifo.o(i.rt_FIFO_extraer) refers to rt_fifo.o(.bss) for .bss
    rt_fifo.o(i.rt_FIFO_inicializar) refers to rt_fifo.o(.data) for .data
    rt_fifo.o(i.rt_FIFO_inicializar) refers to rt_fifo.o(.bss) for .bss
    rt_fifo.o(i.rt_FIFO_num_eventos_sinProcesar) refers to rt_fifo.o(.data) for .data
    rt_ge.o(i.rt_GE_estadisticas) refers to rt_ge.o(.data) for .data
    rt_ge.o(i.rt_GE_estadisticas) refers to rt_ge.o(.bss) for .bss
    rt_ge.o(i.rt_GE_iniciar) refers to rt_ge.o(i.svc_GE_suscribir) for svc_GE_suscribir
    rt_ge.o(i.rt_GE_iniciar) refers to rt_ge.o(.data) for .data
    rt_ge.o(i.rt_GE_iniciar) refers to rt_ge.o(.bss) for .bss
    rt_ge.o(i.rt_GE_iniciar) refers to rt_ge.o(i.rt_GE_tratar) for rt_GE_tratar
    rt_ge.o(i.rt_GE_lanzador) refers to rt_ge.o(i.svc_GE_suscribir) for svc_GE_suscribir
    rt_ge.o(i.rt_GE_lanzador) refers to svc_alarma.o(i.svc_alarma_codificar) for svc_alarma_codificar
    rt_ge.o(i.rt_GE_lanzador) refers to svc_alarma.o(i.svc_alarma_activar) for svc_alarma_activar
    rt_ge.o(i.rt_GE_lanzador) refers to rt_fifo.o(i.rt_FIFO_extraer) for rt_FIFO_extraer
    rt_ge.o(i.rt_GE_lanzador) refers to drv_consumo.o(i.drv_consumo_esperar) for drv_consumo_esperar
    rt_ge.o(i.rt_GE_lanzador) refers to rt_ge.o(i.rt_GE_tratar) for rt_GE_tratar
    rt_ge.o(i.rt_GE_lanzador) refers to rt_ge.o(.bss) for .bss
    rt_ge.o(i.rt_GE_lanzador) refers to rt_ge.o(.data) for .data
    rt_ge.o(i.rt_GE_tratar) refers to drv_consumo.o(i.drv_consumo_dormir) for drv_consumo_dormir
    rt_ge.o(i.rt_GE_tratar) refers to svc_alarma.o(i.svc_alarma_codificar) for svc_alarma_codificar
    rt_ge.o(i.rt_GE_tratar) refers to svc_alarma.o(i.svc_alarma_activar) for svc_alarma_activar
    rt_ge.o(i.svc_GE_cancelar) refers to rt_ge.o(.data) for .data
    rt_ge.o(i.svc_GE_cancelar) refers to rt_ge.o(.bss) for .bss
    rt_ge.o(i.svc_GE_suscribir) refers to drv_monitor.o(i.drv_monitor_marcar) for drv_monitor_marcar
    rt_ge.o(i.svc_GE_suscribir) refers to rt_ge.o(.data) for .data
    rt_ge.o(i.svc_GE_suscribir) refers to rt_ge.o(.bss) for .bss
    svc_alarma.o(i.rellenarAlarma) refers to drv_tiempo.o(i.drv_tiempo_actual_ms) for drv_tiempo_actual_ms
    svc_alarma.o(i.rellenarAlarma) refers to svc_alarma.o(.bss) for .bss
    svc_alarma.o(i.svc_alarma_activar) refers to drv_tiempo.o(i.drv_tiempo_actual_ms) for drv_tiempo_actual_ms
    svc_alarma.o(i.svc_alarma_activar) refers to drv_monitor.o(i.drv_monitor_marcar) for drv_monitor_marcar
    svc_alarma.o(i.svc_alarma_activar) refers to svc_alarma.o(.bss) for .bss
    svc_alarma.o(i.svc_alarma_activar) refers to svc_alarma.o(.data) for .data
    svc_alarma.o(i.svc_alarma_iniciar) refers to rt_ge.o(i.svc_GE_suscribir) for svc_GE_suscribir
    svc_alarma.o(i.svc_alarma_iniciar) refers to drv_tiempo.o(i.drv_tiempo_periodico_ms) for drv_tiempo_periodico_ms
    svc_alarma.o(i.svc_alarma_iniciar) refers to svc_alarma.o(.data) for .data
    svc_alarma.o(i.svc_alarma_iniciar) refers to svc_alarma.o(.bss) for .bss
    svc_alarma.o(i.svc_alarma_iniciar) refers to svc_alarma.o(i.svc_alarma_tratar) for svc_alarma_tratar
    svc_alarma.o(i.svc_alarma_tratar) refers to drv_tiempo.o(i.drv_tiempo_actual_ms) for drv_tiempo_actual_ms
    svc_alarma.o(i.svc_alarma_tratar) refers to svc_alarma.o(.data) for .data
    svc_alarma.o(i.svc_alarma_tratar) refers to svc_alarma.o(.bss) for .bss
    svc_alarma.o(i.svc_alarmas_estadisticas) refers to svc_alarma.o(.data) for .data
    simon.o(i.simon_aviso_fail) refers to drv_leds.o(i.drv_led_apagar) for drv_led_apagar
    simon.o(i.simon_aviso_fail) refers to drv_leds.o(i.drv_led_encender) for drv_led_encender
    simon.o(i.simon_aviso_fin) refers to drv_leds.o(i.drv_led_encender) for drv_led_encender
    simon.o(i.simon_aviso_fin) refers to simon.o(.data) for .data
    simon.o(i.simon_aviso_inicio) refers to svc_alarma.o(i.svc_alarma_codificar) for svc_alarma_codificar
    simon.o(i.simon_aviso_inicio) refers to svc_alarma.o(i.svc_alarma_activar) for svc_alarma_activar
    simon.o(i.simon_aviso_inicio) refers to drv_leds.o(i.drv_led_apagar) for drv_led_apagar
    simon.o(i.simon_aviso_inicio) refers to drv_leds.o(i.drv_led_encender) for drv_led_encender
    simon.o(i.simon_aviso_succes) refers to drv_leds.o(i.drv_led_apagar) for drv_led_apagar
    simon.o(i.simon_aviso_succes) refers to drv_leds.o(i.drv_led_encender) for drv_led_encender
    simon.o(i.simon_aviso_succes) refers to simon.o(.data) for .data
    simon.o(i.simon_iniciar) refers to drv_leds.o(i.drv_led_encender) for drv_led_encender
    simon.o(i.simon_iniciar) refers to hal_wdt_nrf.o(i.hal_WDT_iniciar) for hal_WDT_iniciar
    simon.o(i.simon_iniciar) refers to hal_random_nrf.o(i.hal_random_iniciar) for hal_random_iniciar
    simon.o(i.simon_iniciar) refers to rt_ge.o(i.svc_GE_suscribir) for svc_GE_suscribir
    simon.o(i.simon_iniciar) refers to svc_alarma.o(i.svc_alarma_codificar) for svc_alarma_codificar
    simon.o(i.simon_iniciar) refers to svc_alarma.o(i.svc_alarma_activar) for svc_alarma_activar
    simon.o(i.simon_iniciar) refers to rt_ge.o(i.rt_GE_lanzador) for rt_GE_lanzador
    simon.o(i.simon_iniciar) refers to simon.o(.data) for .data
    simon.o(i.simon_iniciar) refers to simon.o(i.simon_tratar) for simon_tratar
    simon.o(i.simon_selector_dificultad) refers to simon.o(.data) for .data
    simon.o(i.simon_tratar) refers to drv_leds.o(i.drv_led_encender) for drv_led_encender
    simon.o(i.simon_tratar) refers to svc_alarma.o(i.svc_alarma_codificar) for svc_alarma_codificar
    simon.o(i.simon_tratar) refers to svc_alarma.o(i.svc_alarma_activar) for svc_alarma_activar
    simon.o(i.simon_tratar) refers to drv_leds.o(i.drv_led_apagar) for drv_led_apagar
    simon.o(i.simon_tratar) refers to hal_random_nrf.o(i.hal_random_generar) for hal_random_generar
    simon.o(i.simon_tratar) refers to simon.o(.data) for .data
    simon.o(i.simon_tratar) refers to simon.o(.bss) for .bss
    test.o(i.TestAlarmaGestorEvento) refers to rt_ge.o(i.svc_GE_suscribir) for svc_GE_suscribir
    test.o(i.TestAlarmaGestorEvento) refers to svc_alarma.o(i.svc_alarma_codificar) for svc_alarma_codificar
    test.o(i.TestAlarmaGestorEvento) refers to svc_alarma.o(i.svc_alarma_activar) for svc_alarma_activar
    test.o(i.TestAlarmaGestorEvento) refers to rt_ge.o(i.rt_GE_lanzador) for rt_GE_lanzador
    test.o(i.TestAlarmaGestorEvento) refers to test.o(i.leds_c) for leds_c
    test.o(i.TestAlarmaGestorEvento) refers to test.o(i.leds_encenderTodos) for leds_encenderTodos
    test.o(i.TestBotones) refers to rt_ge.o(i.svc_GE_suscribir) for svc_GE_suscribir
    test.o(i.TestBotones) refers to rt_ge.o(i.rt_GE_lanzador) for rt_GE_lanzador
    test.o(i.TestBotones) refers to test.o(i.leds_c) for leds_c
    test.o(i.TestBotones) refers to test.o(i.leds_encenderTodos) for leds_encenderTodos
    test.o(i.TestOverflowAlarmas) refers to svc_alarma.o(i.svc_alarma_codificar) for svc_alarma_codificar
    test.o(i.TestOverflowAlarmas) refers to svc_alarma.o(i.svc_alarma_activar) for svc_alarma_activar
    test.o(i.TestOverflowGE) refers to rt_ge.o(i.svc_GE_suscribir) for svc_GE_suscribir
    test.o(i.TestOverflowGE) refers to test.o(i.leds_c) for leds_c
    test.o(i.TestWatchdog) refers to hal_wdt_nrf.o(i.hal_WDT_iniciar) for hal_WDT_iniciar
    test.o(i.TestWatchdog) refers to rt_ge.o(i.svc_GE_suscribir) for svc_GE_suscribir
    test.o(i.TestWatchdog) refers to rt_ge.o(i.rt_GE_lanzador) for rt_GE_lanzador
    test.o(i.TestWatchdog) refers to test.o(i.leds_encenderTodos) for leds_encenderTodos
    test.o(i.leds_apagarTodos) refers to rt_ge.o(i.svc_GE_suscribir) for svc_GE_suscribir
    test.o(i.leds_apagarTodos) refers to drv_leds.o(i.drv_led_apagar) for drv_led_apagar
    test.o(i.leds_apagarTodos) refers to rt_ge.o(i.svc_GE_cancelar) for svc_GE_cancelar
    test.o(i.leds_apagarTodos) refers to test.o(i.leds_encenderTodos) for leds_encenderTodos
    test.o(i.leds_c) refers to drv_leds.o(i.drv_led_conmutar) for drv_led_conmutar
    test.o(i.leds_encenderTodos) refers to rt_ge.o(i.svc_GE_suscribir) for svc_GE_suscribir
    test.o(i.leds_encenderTodos) refers to drv_leds.o(i.drv_led_encender) for drv_led_encender
    test.o(i.leds_encenderTodos) refers to rt_ge.o(i.svc_GE_cancelar) for svc_GE_cancelar
    test.o(i.leds_encenderTodos) refers to test.o(i.leds_apagarTodos) for leds_apagarTodos
    hal_tiempo_nrf.o(i.TIMER0_IRQHandler) refers to hal_tiempo_nrf.o(.data) for .data
    hal_tiempo_nrf.o(i.TIMER1_IRQHandler) refers to hal_tiempo_nrf.o(.data) for .data
    hal_tiempo_nrf.o(i.hal_tiempo_actual_tick) refers to hal_tiempo_nrf.o(.data) for .data
    hal_tiempo_nrf.o(i.hal_tiempo_iniciar_tick) refers to hal_tiempo_nrf.o(.data) for .data
    hal_tiempo_nrf.o(i.hal_tiempo_reloj_periodico_tick) refers to hal_tiempo_nrf.o(.data) for .data
    hal_ext_int_nrf.o(i.GPIOTE_IRQHandler) refers to hal_ext_int_nrf.o(.data) for .data
    hal_ext_int_nrf.o(i.hal_ext_int_habilitar) refers to hal_ext_int_nrf.o(.data) for .data
    hal_ext_int_nrf.o(i.hal_ext_int_iniciar) refers to hal_ext_int_nrf.o(.data) for .data
    hal_ext_int_nrf.o(i.hal_ext_int_iniciar_boton) refers to hal_ext_int_nrf.o(.data) for .data
    hal_sc_nrf.o(i.SC_entrar_disable_irq) refers to hal_sc_nrf.o(.data) for .data
    hal_sc_nrf.o(i.SC_salir_enable_irq) refers to hal_sc_nrf.o(.data) for .data
    arm_startup_nrf52840.o(RESET) refers to arm_startup_nrf52840.o(STACK) for __initial_sp
    arm_startup_nrf52840.o(RESET) refers to arm_startup_nrf52840.o(.text) for Reset_Handler
    arm_startup_nrf52840.o(RESET) refers to hal_ext_int_nrf.o(i.GPIOTE_IRQHandler) for GPIOTE_IRQHandler
    arm_startup_nrf52840.o(RESET) refers to hal_tiempo_nrf.o(i.TIMER0_IRQHandler) for TIMER0_IRQHandler
    arm_startup_nrf52840.o(RESET) refers to hal_tiempo_nrf.o(i.TIMER1_IRQHandler) for TIMER1_IRQHandler
    arm_startup_nrf52840.o(.text) refers to system_nrf52.o(i.SystemInit) for SystemInit
    arm_startup_nrf52840.o(.text) refers to entry.o(.ARM.Collect$$$$00000000) for __main
    system_nrf52.o(i.SystemCoreClockUpdate) refers to system_nrf52.o(.data) for .data
    system_nrf52.o(i.SystemInit) refers to system_nrf52.o(.data) for .data
    entry.o(.ARM.Collect$$$$00000000) refers (Special) to entry10a.o(.ARM.Collect$$$$0000000D) for __rt_final_cpp
    entry.o(.ARM.Collect$$$$00000000) refers (Special) to entry11a.o(.ARM.Collect$$$$0000000F) for __rt_final_exit
    entry.o(.ARM.Collect$$$$00000000) refers (Special) to entry7b.o(.ARM.Collect$$$$00000008) for _main_clock
    entry.o(.ARM.Collect$$$$00000000) refers (Special) to entry8b.o(.ARM.Collect$$$$0000000A) for _main_cpp_init
    entry.o(.ARM.Collect$$$$00000000) refers (Special) to entry9a.o(.ARM.Collect$$$$0000000B) for _main_init
    entry.o(.ARM.Collect$$$$00000000) refers (Special) to entry5.o(.ARM.Collect$$$$00000004) for _main_scatterload
    entry.o(.ARM.Collect$$$$00000000) refers (Special) to entry2.o(.ARM.Collect$$$$00000001) for _main_stk
    uldiv.o(.text) refers to llushr.o(.text) for __aeabi_llsr
    uldiv.o(.text) refers to llshl.o(.text) for __aeabi_llsl
    entry2.o(.ARM.Collect$$$$00000001) refers to entry2.o(.ARM.Collect$$$$00002712) for __lit__00000000
    entry2.o(.ARM.Collect$$$$00002712) refers to arm_startup_nrf52840.o(STACK) for __initial_sp
    entry2.o(__vectab_stack_and_reset_area) refers to arm_startup_nrf52840.o(STACK) for __initial_sp
    entry2.o(__vectab_stack_and_reset_area) refers to entry.o(.ARM.Collect$$$$00000000) for __main
    entry5.o(.ARM.Collect$$$$00000004) refers to init.o(.text) for __scatterload
    entry9a.o(.ARM.Collect$$$$0000000B) refers to main.o(i.main) for main
    entry9b.o(.ARM.Collect$$$$0000000C) refers to main.o(i.main) for main
    init.o(.text) refers to entry5.o(.ARM.Collect$$$$00000004) for __main_after_scatterload


==============================================================================

Removing Unused input sections from the image.

    Removing drv_leds.o(i.drv_led_conmutar), (40 bytes).
    Removing drv_tiempo.o(i.drv_tiempo_esperar_hasta_ms), (48 bytes).
    Removing drv_tiempo.o(i.drv_tiempo_esperar_ms), (48 bytes).
    Removing drv_botones.o(i.comprobar_botones_pulsados), (36 bytes).
    Removing drv_monitor.o(i.drv_monitor_conmutar), (40 bytes).
    Removing rt_fifo.o(i.rt_FIFO_estadisticas), (56 bytes).
    Removing rt_fifo.o(i.rt_FIFO_eventos_encolados), (12 bytes).
    Removing rt_fifo.o(i.rt_FIFO_num_eventos_sinProcesar), (12 bytes).
    Removing rt_ge.o(i.rt_GE_estadisticas), (96 bytes).
    Removing rt_ge.o(i.svc_GE_cancelar), (140 bytes).
    Removing svc_alarma.o(i.rellenarAlarma), (56 bytes).
    Removing svc_alarma.o(i.svc_alarmas_estadisticas), (12 bytes).
    Removing simon.o(i.simon_aviso_fail), (32 bytes).
    Removing simon.o(i.simon_aviso_fin), (32 bytes).
    Removing simon.o(i.simon_aviso_inicio), (148 bytes).
    Removing simon.o(i.simon_aviso_succes), (44 bytes).
    Removing simon.o(i.simon_selector_dificultad), (44 bytes).
    Removing test.o(i.TestAlarmaGestorEvento), (52 bytes).
    Removing test.o(i.TestBotones), (36 bytes).
    Removing test.o(i.TestOverflowAlarmas), (96 bytes).
    Removing test.o(i.TestOverflowGE), (52 bytes).
    Removing test.o(i.TestWatchdog), (28 bytes).
    Removing test.o(i.leds_apagarTodos), (36 bytes).
    Removing test.o(i.leds_c), (4 bytes).
    Removing test.o(i.leds_encenderTodos), (36 bytes).
    Removing hal_gpio_nrf.o(.rev16_text), (4 bytes).
    Removing hal_gpio_nrf.o(.revsh_text), (4 bytes).
    Removing hal_gpio_nrf.o(.rrx_text), (6 bytes).
    Removing hal_gpio_nrf.o(i.hal_gpio_leer), (24 bytes).
    Removing hal_tiempo_nrf.o(.rev16_text), (4 bytes).
    Removing hal_tiempo_nrf.o(.revsh_text), (4 bytes).
    Removing hal_tiempo_nrf.o(.rrx_text), (6 bytes).
    Removing hal_consumo_nrf.o(.rev16_text), (4 bytes).
    Removing hal_consumo_nrf.o(.revsh_text), (4 bytes).
    Removing hal_consumo_nrf.o(.rrx_text), (6 bytes).
    Removing hal_ext_int_nrf.o(.rev16_text), (4 bytes).
    Removing hal_ext_int_nrf.o(.revsh_text), (4 bytes).
    Removing hal_ext_int_nrf.o(.rrx_text), (6 bytes).
    Removing hal_ext_int_nrf.o(i.hal_ext_int_deshabilitar), (16 bytes).
    Removing hal_ext_int_nrf.o(i.hal_ext_int_habilitar_despertar), (20 bytes).
    Removing hal_wdt_nrf.o(.rev16_text), (4 bytes).
    Removing hal_wdt_nrf.o(.revsh_text), (4 bytes).
    Removing hal_wdt_nrf.o(.rrx_text), (6 bytes).
    Removing hal_sc_nrf.o(.rev16_text), (4 bytes).
    Removing hal_sc_nrf.o(.revsh_text), (4 bytes).
    Removing hal_sc_nrf.o(.rrx_text), (6 bytes).
    Removing hal_random_nrf.o(.rev16_text), (4 bytes).
    Removing hal_random_nrf.o(.revsh_text), (4 bytes).
    Removing hal_random_nrf.o(.rrx_text), (6 bytes).
    Removing arm_startup_nrf52840.o(HEAP), (16384 bytes).
    Removing system_nrf52.o(.rev16_text), (4 bytes).
    Removing system_nrf52.o(.revsh_text), (4 bytes).
    Removing system_nrf52.o(.rrx_text), (6 bytes).
    Removing system_nrf52.o(i.SystemCoreClockUpdate), (16 bytes).
    Removing system_nrf52.o(i.nvmc_config), (24 bytes).
    Removing system_nrf52.o(i.nvmc_wait), (16 bytes).

56 unused section(s) (total 17848 bytes) removed from the image.

==============================================================================

Image Symbol Table

    Local Symbols

    Symbol Name                              Value     Ov Type        Size  Object(Section)

    RESET                                    0x00000000   Section      512  arm_startup_nrf52840.o(RESET)
    ../clib/microlib/division.c              0x00000000   Number         0  uldiv.o ABSOLUTE
    ../clib/microlib/init/entry.s            0x00000000   Number         0  entry10a.o ABSOLUTE
    ../clib/microlib/init/entry.s            0x00000000   Number         0  entry9b.o ABSOLUTE
    ../clib/microlib/init/entry.s            0x00000000   Number         0  entry11b.o ABSOLUTE
    ../clib/microlib/init/entry.s            0x00000000   Number         0  entry8b.o ABSOLUTE
    ../clib/microlib/init/entry.s            0x00000000   Number         0  entry8a.o ABSOLUTE
    ../clib/microlib/init/entry.s            0x00000000   Number         0  entry7a.o ABSOLUTE
    ../clib/microlib/init/entry.s            0x00000000   Number         0  entry5.o ABSOLUTE
    ../clib/microlib/init/entry.s            0x00000000   Number         0  entry.o ABSOLUTE
    ../clib/microlib/init/entry.s            0x00000000   Number         0  entry2.o ABSOLUTE
    ../clib/microlib/init/entry.s            0x00000000   Number         0  entry9a.o ABSOLUTE
    ../clib/microlib/init/entry.s            0x00000000   Number         0  entry7b.o ABSOLUTE
    ../clib/microlib/init/entry.s            0x00000000   Number         0  entry11a.o ABSOLUTE
    ../clib/microlib/init/entry.s            0x00000000   Number         0  entry10b.o ABSOLUTE
    ../clib/microlib/longlong.c              0x00000000   Number         0  llushr.o ABSOLUTE
    ../clib/microlib/longlong.c              0x00000000   Number         0  llshl.o ABSOLUTE
    ..\..\src\drv_botones.c                  0x00000000   Number         0  drv_botones.o ABSOLUTE
    ..\..\src\drv_consumo.c                  0x00000000   Number         0  drv_consumo.o ABSOLUTE
    ..\..\src\drv_leds.c                     0x00000000   Number         0  drv_leds.o ABSOLUTE
    ..\..\src\drv_monitor.c                  0x00000000   Number         0  drv_monitor.o ABSOLUTE
    ..\..\src\drv_tiempo.c                   0x00000000   Number         0  drv_tiempo.o ABSOLUTE
    ..\..\src\main.c                         0x00000000   Number         0  main.o ABSOLUTE
    ..\..\src\rt_GE.c                        0x00000000   Number         0  rt_ge.o ABSOLUTE
    ..\..\src\rt_fifo.c                      0x00000000   Number         0  rt_fifo.o ABSOLUTE
    ..\..\src\simon.c                        0x00000000   Number         0  simon.o ABSOLUTE
    ..\..\src\svc_alarma.c                   0x00000000   Number         0  svc_alarma.o ABSOLUTE
    ..\..\src\test.c                         0x00000000   Number         0  test.o ABSOLUTE
    ..\\src_nrf\\hal_SC_nrf.c                0x00000000   Number         0  hal_sc_nrf.o ABSOLUTE
    ..\\src_nrf\\hal_WDT_nrf.c               0x00000000   Number         0  hal_wdt_nrf.o ABSOLUTE
    ..\\src_nrf\\hal_consumo_nrf.c           0x00000000   Number         0  hal_consumo_nrf.o ABSOLUTE
    ..\\src_nrf\\hal_ext_int_nrf.c           0x00000000   Number         0  hal_ext_int_nrf.o ABSOLUTE
    ..\\src_nrf\\hal_gpio_nrf.c              0x00000000   Number         0  hal_gpio_nrf.o ABSOLUTE
    ..\\src_nrf\\hal_random_nrf.c            0x00000000   Number         0  hal_random_nrf.o ABSOLUTE
    ..\\src_nrf\\hal_tiempo_nrf.c            0x00000000   Number         0  hal_tiempo_nrf.o ABSOLUTE
    ..\src_nrf\hal_SC_nrf.c                  0x00000000   Number         0  hal_sc_nrf.o ABSOLUTE
    ..\src_nrf\hal_WDT_nrf.c                 0x00000000   Number         0  hal_wdt_nrf.o ABSOLUTE
    ..\src_nrf\hal_consumo_nrf.c             0x00000000   Number         0  hal_consumo_nrf.o ABSOLUTE
    ..\src_nrf\hal_ext_int_nrf.c             0x00000000   Number         0  hal_ext_int_nrf.o ABSOLUTE
    ..\src_nrf\hal_gpio_nrf.c                0x00000000   Number         0  hal_gpio_nrf.o ABSOLUTE
    ..\src_nrf\hal_random_nrf.c              0x00000000   Number         0  hal_random_nrf.o ABSOLUTE
    ..\src_nrf\hal_tiempo_nrf.c              0x00000000   Number         0  hal_tiempo_nrf.o ABSOLUTE
    RTE\Device\nRF52840_xxAA\arm_startup_nrf52840.s 0x00000000   Number         0  arm_startup_nrf52840.o ABSOLUTE
    RTE\Device\nRF52840_xxAA\system_nrf52.c  0x00000000   Number         0  system_nrf52.o ABSOLUTE
    RTE\\Device\\nRF52840_xxAA\\system_nrf52.c 0x00000000   Number         0  system_nrf52.o ABSOLUTE
    dc.s                                     0x00000000   Number         0  dc.o ABSOLUTE
    handlers.s                               0x00000000   Number         0  handlers.o ABSOLUTE
    init.s                                   0x00000000   Number         0  init.o ABSOLUTE
    .ARM.Collect$$$$00000000                 0x00000200   Section        0  entry.o(.ARM.Collect$$$$00000000)
    .ARM.Collect$$$$00000001                 0x00000200   Section        4  entry2.o(.ARM.Collect$$$$00000001)
    .ARM.Collect$$$$00000004                 0x00000204   Section        4  entry5.o(.ARM.Collect$$$$00000004)
    .ARM.Collect$$$$00000008                 0x00000208   Section        0  entry7b.o(.ARM.Collect$$$$00000008)
    .ARM.Collect$$$$0000000A                 0x00000208   Section        0  entry8b.o(.ARM.Collect$$$$0000000A)
    .ARM.Collect$$$$0000000B                 0x00000208   Section        8  entry9a.o(.ARM.Collect$$$$0000000B)
    .ARM.Collect$$$$0000000D                 0x00000210   Section        0  entry10a.o(.ARM.Collect$$$$0000000D)
    .ARM.Collect$$$$0000000F                 0x00000210   Section        0  entry11a.o(.ARM.Collect$$$$0000000F)
    .ARM.Collect$$$$00002712                 0x00000210   Section        4  entry2.o(.ARM.Collect$$$$00002712)
    __lit__00000000                          0x00000210   Data           4  entry2.o(.ARM.Collect$$$$00002712)
    .text                                    0x00000214   Section       36  arm_startup_nrf52840.o(.text)
    $v0                                      0x00000214   Number         0  arm_startup_nrf52840.o(.text)
    .text                                    0x00000238   Section        0  uldiv.o(.text)
    .text                                    0x0000029a   Section        0  llshl.o(.text)
    .text                                    0x000002b8   Section        0  llushr.o(.text)
    .text                                    0x000002d8   Section       36  init.o(.text)
    i.GPIOTE_IRQHandler                      0x000002fc   Section        0  hal_ext_int_nrf.o(i.GPIOTE_IRQHandler)
    i.SC_entrar_disable_irq                  0x00000390   Section        0  hal_sc_nrf.o(i.SC_entrar_disable_irq)
    i.SC_salir_enable_irq                    0x000003a0   Section        0  hal_sc_nrf.o(i.SC_salir_enable_irq)
    i.SystemInit                             0x000003b4   Section        0  system_nrf52.o(i.SystemInit)
    i.TIMER0_IRQHandler                      0x00000634   Section        0  hal_tiempo_nrf.o(i.TIMER0_IRQHandler)
    i.TIMER1_IRQHandler                      0x00000664   Section        0  hal_tiempo_nrf.o(i.TIMER1_IRQHandler)
    i.__scatterload_copy                     0x0000068c   Section       14  handlers.o(i.__scatterload_copy)
    i.__scatterload_null                     0x0000069a   Section        2  handlers.o(i.__scatterload_null)
    i.__scatterload_zeroinit                 0x0000069c   Section       14  handlers.o(i.__scatterload_zeroinit)
    i.drv_botones_cb                         0x000006ac   Section        0  drv_botones.o(i.drv_botones_cb)
    i.drv_botones_iniciar                    0x000006d8   Section        0  drv_botones.o(i.drv_botones_iniciar)
    i.drv_botones_tratar                     0x00000748   Section        0  drv_botones.o(i.drv_botones_tratar)
    i.drv_consumo_dormir                     0x00000844   Section        0  drv_consumo.o(i.drv_consumo_dormir)
    i.drv_consumo_esperar                    0x0000085c   Section        0  drv_consumo.o(i.drv_consumo_esperar)
    i.drv_consumo_iniciar                    0x00000878   Section        0  drv_consumo.o(i.drv_consumo_iniciar)
    i.drv_led_apagar                         0x00000898   Section        0  drv_leds.o(i.drv_led_apagar)
    i.drv_led_encender                       0x000008d4   Section        0  drv_leds.o(i.drv_led_encender)
    i.drv_leds_iniciar                       0x0000090c   Section        0  drv_leds.o(i.drv_leds_iniciar)
    i.drv_monitor_desmarcar                  0x00000958   Section        0  drv_monitor.o(i.drv_monitor_desmarcar)
    i.drv_monitor_iniciar                    0x00000974   Section        0  drv_monitor.o(i.drv_monitor_iniciar)
    i.drv_monitor_marcar                     0x000009a4   Section        0  drv_monitor.o(i.drv_monitor_marcar)
    i.drv_tiempo_actual_ms                   0x000009c0   Section        0  drv_tiempo.o(i.drv_tiempo_actual_ms)
    i.drv_tiempo_actual_us                   0x000009e0   Section        0  drv_tiempo.o(i.drv_tiempo_actual_us)
    i.drv_tiempo_iniciar                     0x000009f8   Section        0  drv_tiempo.o(i.drv_tiempo_iniciar)
    i.drv_tiempo_periodico_ms                0x00000a08   Section        0  drv_tiempo.o(i.drv_tiempo_periodico_ms)
    i.funcionQueLlama                        0x00000a2c   Section        0  drv_tiempo.o(i.funcionQueLlama)
    i.hal_WDT_feed                           0x00000a44   Section        0  hal_wdt_nrf.o(i.hal_WDT_feed)
    i.hal_WDT_iniciar                        0x00000a54   Section        0  hal_wdt_nrf.o(i.hal_WDT_iniciar)
    i.hal_consumo_dormir                     0x00000a98   Section        0  hal_consumo_nrf.o(i.hal_consumo_dormir)
    i.hal_consumo_esperar                    0x00000aa8   Section        0  hal_consumo_nrf.o(i.hal_consumo_esperar)
    i.hal_consumo_iniciar                    0x00000aac   Section        0  hal_consumo_nrf.o(i.hal_consumo_iniciar)
    i.hal_ext_int_comprobar_pulsado          0x00000ab0   Section        0  hal_ext_int_nrf.o(i.hal_ext_int_comprobar_pulsado)
    i.hal_ext_int_habilitar                  0x00000ac8   Section        0  hal_ext_int_nrf.o(i.hal_ext_int_habilitar)
    i.hal_ext_int_iniciar                    0x00000b38   Section        0  hal_ext_int_nrf.o(i.hal_ext_int_iniciar)
    i.hal_ext_int_iniciar_boton              0x00000b50   Section        0  hal_ext_int_nrf.o(i.hal_ext_int_iniciar_boton)
    i.hal_gpio_escribir                      0x00000bac   Section        0  hal_gpio_nrf.o(i.hal_gpio_escribir)
    i.hal_gpio_iniciar                       0x00000bc8   Section        0  hal_gpio_nrf.o(i.hal_gpio_iniciar)
    i.hal_gpio_sentido                       0x00000bd4   Section        0  hal_gpio_nrf.o(i.hal_gpio_sentido)
    i.hal_random_generar                     0x00000c0c   Section        0  hal_random_nrf.o(i.hal_random_generar)
    i.hal_random_iniciar                     0x00000c20   Section        0  hal_random_nrf.o(i.hal_random_iniciar)
    i.hal_tiempo_actual_tick                 0x00000c2c   Section        0  hal_tiempo_nrf.o(i.hal_tiempo_actual_tick)
    i.hal_tiempo_iniciar_tick                0x00000c58   Section        0  hal_tiempo_nrf.o(i.hal_tiempo_iniciar_tick)
    i.hal_tiempo_reloj_periodico_tick        0x00000ca0   Section        0  hal_tiempo_nrf.o(i.hal_tiempo_reloj_periodico_tick)
    i.leds_dormir                            0x00000d00   Section        0  main.o(i.leds_dormir)
    i.main                                   0x00000d08   Section        0  main.o(i.main)
    i.rt_FIFO_conteo                         0x00000d6c   Section        0  rt_fifo.o(i.rt_FIFO_conteo)
    i.rt_FIFO_encolar                        0x00000de0   Section        0  rt_fifo.o(i.rt_FIFO_encolar)
    i.rt_FIFO_extraer                        0x00000e38   Section        0  rt_fifo.o(i.rt_FIFO_extraer)
    i.rt_FIFO_inicializar                    0x00000e98   Section        0  rt_fifo.o(i.rt_FIFO_inicializar)
    i.rt_GE_iniciar                          0x00000ec4   Section        0  rt_ge.o(i.rt_GE_iniciar)
    i.rt_GE_lanzador                         0x00000f00   Section        0  rt_ge.o(i.rt_GE_lanzador)
    i.rt_GE_tratar                           0x00000f8c   Section        0  rt_ge.o(i.rt_GE_tratar)
    i.simon_iniciar                          0x00000fb8   Section        0  simon.o(i.simon_iniciar)
    i.simon_tratar                           0x00001020   Section        0  simon.o(i.simon_tratar)
    i.svc_GE_suscribir                       0x00001378   Section        0  rt_ge.o(i.svc_GE_suscribir)
    i.svc_alarma_activar                     0x000013cc   Section        0  svc_alarma.o(i.svc_alarma_activar)
    i.svc_alarma_codificar                   0x000014cc   Section        0  svc_alarma.o(i.svc_alarma_codificar)
    i.svc_alarma_iniciar                     0x000014d4   Section        0  svc_alarma.o(i.svc_alarma_iniciar)
    i.svc_alarma_tratar                      0x00001540   Section        0  svc_alarma.o(i.svc_alarma_tratar)
    .constdata                               0x000015ac   Section        4  drv_leds.o(.constdata)
    led_list                                 0x000015ac   Data           4  drv_leds.o(.constdata)
    .constdata                               0x000015b0   Section        4  drv_botones.o(.constdata)
    button_list                              0x000015b0   Data           4  drv_botones.o(.constdata)
    .constdata                               0x000015b4   Section        4  drv_monitor.o(.constdata)
    monitor_list                             0x000015b4   Data           4  drv_monitor.o(.constdata)
    .data                                    0x20000000   Section        8  main.o(.data)
    num_leds                                 0x20000000   Data           4  main.o(.data)
    num_botones                              0x20000004   Data           4  main.o(.data)
    .data                                    0x20000008   Section       12  drv_tiempo.o(.data)
    TICKS2US                                 0x20000008   Data           4  drv_tiempo.o(.data)
    Id                                       0x2000000c   Data           4  drv_tiempo.o(.data)
    f_callback                               0x20000010   Data           4  drv_tiempo.o(.data)
    .data                                    0x20000014   Section       24  drv_botones.o(.data)
    estado                                   0x20000014   Data           1  drv_botones.o(.data)
    primera                                  0x20000018   Data           4  drv_botones.o(.data)
    boton_Pulsar                             0x2000001c   Data           4  drv_botones.o(.data)
    boton_Retardo                            0x20000020   Data           4  drv_botones.o(.data)
    dosBotones_Pulsados                      0x20000024   Data           4  drv_botones.o(.data)
    drv_cb                                   0x20000028   Data           4  drv_botones.o(.data)
    .data                                    0x2000002c   Section        8  drv_consumo.o(.data)
    despertar                                0x2000002c   Data           4  drv_consumo.o(.data)
    dormir                                   0x20000030   Data           4  drv_consumo.o(.data)
    .data                                    0x20000034   Section        8  rt_fifo.o(.data)
    head                                     0x20000034   Data           1  rt_fifo.o(.data)
    tail                                     0x20000035   Data           1  rt_fifo.o(.data)
    num_eventos                              0x20000036   Data           1  rt_fifo.o(.data)
    monitor_overflow                         0x20000038   Data           4  rt_fifo.o(.data)
    .data                                    0x2000003c   Section        8  rt_ge.o(.data)
    num_suscripciones                        0x2000003c   Data           1  rt_ge.o(.data)
    monitor_overflow                         0x20000040   Data           4  rt_ge.o(.data)
    .data                                    0x20000044   Section       12  svc_alarma.o(.data)
    monitor_overflow                         0x20000044   Data           4  svc_alarma.o(.data)
    funcion_callback                         0x20000048   Data           4  svc_alarma.o(.data)
    num_alarmas                              0x2000004c   Data           4  svc_alarma.o(.data)
    .data                                    0x20000050   Section       40  simon.o(.data)
    estado                                   0x20000050   Data           1  simon.o(.data)
    nivel                                    0x20000054   Data           4  simon.o(.data)
    retardo_entreLed                         0x20000058   Data           4  simon.o(.data)
    retardo_apagado                          0x2000005c   Data           4  simon.o(.data)
    retardo_base_apagado                     0x20000060   Data           4  simon.o(.data)
    retardo_base_entreLed                    0x20000064   Data           4  simon.o(.data)
    index                                    0x20000068   Data           4  simon.o(.data)
    acertados                                0x2000006c   Data           4  simon.o(.data)
    num_botones                              0x20000070   Data           4  simon.o(.data)
    num_leds                                 0x20000074   Data           4  simon.o(.data)
    .data                                    0x20000078   Section        8  hal_tiempo_nrf.o(.data)
    timer0_int_count                         0x20000078   Data           4  hal_tiempo_nrf.o(.data)
    f_callback                               0x2000007c   Data           4  hal_tiempo_nrf.o(.data)
    .data                                    0x20000080   Section        8  hal_ext_int_nrf.o(.data)
    num_canales                              0x20000084   Data           4  hal_ext_int_nrf.o(.data)
    .data                                    0x20000088   Section        4  hal_sc_nrf.o(.data)
    m_in_critical_region                     0x20000088   Data           4  hal_sc_nrf.o(.data)
    .data                                    0x2000008c   Section        4  system_nrf52.o(.data)
    __tagsym$$used                           0x2000008c   Number         0  system_nrf52.o(.data)
    .bss                                     0x20000090   Section      804  rt_fifo.o(.bss)
    conteo_eventos                           0x20000090   Data          36  rt_fifo.o(.bss)
    cola                                     0x200000b4   Data         768  rt_fifo.o(.bss)
    .bss                                     0x200003b4   Section      216  rt_ge.o(.bss)
    suscripciones                            0x200003b4   Data         216  rt_ge.o(.bss)
    .bss                                     0x2000048c   Section       96  svc_alarma.o(.bss)
    alarmas                                  0x2000048c   Data          96  svc_alarma.o(.bss)
    .bss                                     0x200004ec   Section      400  simon.o(.bss)
    secuencia                                0x200004ec   Data         400  simon.o(.bss)
    STACK                                    0x20000680   Section    16384  arm_startup_nrf52840.o(STACK)

    Global Symbols

    Symbol Name                              Value     Ov Type        Size  Object(Section)

    BuildAttributes$$THM_ISAv4$E$P$D$K$B$S$7EM$VFPi3$EXTD16$VFPS$VFMA$PE$A:L22UL41UL21$X:L11$S22US41US21$IEEE1$IW$USESV6$~STKCKD$USESV7$~SHL$OTIME$EBA8$MICROLIB$REQ8$PRES8$EABIv2 0x00000000   Number         0  anon$$obj.o ABSOLUTE
    __ARM_use_no_argv                        0x00000000   Number         0  main.o ABSOLUTE
    __Vectors                                0x00000000   Data           4  arm_startup_nrf52840.o(RESET)
    __cpp_initialize__aeabi_                  - Undefined Weak Reference
    __cxa_finalize                            - Undefined Weak Reference
    __decompress                              - Undefined Weak Reference
    _clock_init                               - Undefined Weak Reference
    _microlib_exit                            - Undefined Weak Reference
    __Vectors_End                            0x00000200   Data           0  arm_startup_nrf52840.o(RESET)
    __Vectors_Size                           0x00000200   Number         0  arm_startup_nrf52840.o ABSOLUTE
    __main                                   0x00000201   Thumb Code     0  entry.o(.ARM.Collect$$$$00000000)
    _main_stk                                0x00000201   Thumb Code     0  entry2.o(.ARM.Collect$$$$00000001)
    _main_scatterload                        0x00000205   Thumb Code     0  entry5.o(.ARM.Collect$$$$00000004)
    __main_after_scatterload                 0x00000209   Thumb Code     0  entry5.o(.ARM.Collect$$$$00000004)
    _main_clock                              0x00000209   Thumb Code     0  entry7b.o(.ARM.Collect$$$$00000008)
    _main_cpp_init                           0x00000209   Thumb Code     0  entry8b.o(.ARM.Collect$$$$0000000A)
    _main_init                               0x00000209   Thumb Code     0  entry9a.o(.ARM.Collect$$$$0000000B)
    __rt_final_cpp                           0x00000211   Thumb Code     0  entry10a.o(.ARM.Collect$$$$0000000D)
    __rt_final_exit                          0x00000211   Thumb Code     0  entry11a.o(.ARM.Collect$$$$0000000F)
    Reset_Handler                            0x00000215   Thumb Code     8  arm_startup_nrf52840.o(.text)
    NMI_Handler                              0x0000021d   Thumb Code     2  arm_startup_nrf52840.o(.text)
    HardFault_Handler                        0x0000021f   Thumb Code     2  arm_startup_nrf52840.o(.text)
    MemoryManagement_Handler                 0x00000221   Thumb Code     2  arm_startup_nrf52840.o(.text)
    BusFault_Handler                         0x00000223   Thumb Code     2  arm_startup_nrf52840.o(.text)
    UsageFault_Handler                       0x00000225   Thumb Code     2  arm_startup_nrf52840.o(.text)
    SVC_Handler                              0x00000227   Thumb Code     2  arm_startup_nrf52840.o(.text)
    DebugMon_Handler                         0x00000229   Thumb Code     2  arm_startup_nrf52840.o(.text)
    PendSV_Handler                           0x0000022b   Thumb Code     2  arm_startup_nrf52840.o(.text)
    SysTick_Handler                          0x0000022d   Thumb Code     2  arm_startup_nrf52840.o(.text)
    CCM_AAR_IRQHandler                       0x0000022f   Thumb Code     0  arm_startup_nrf52840.o(.text)
    COMP_LPCOMP_IRQHandler                   0x0000022f   Thumb Code     0  arm_startup_nrf52840.o(.text)
    CRYPTOCELL_IRQHandler                    0x0000022f   Thumb Code     0  arm_startup_nrf52840.o(.text)
    ECB_IRQHandler                           0x0000022f   Thumb Code     0  arm_startup_nrf52840.o(.text)
    FPU_IRQHandler                           0x0000022f   Thumb Code     0  arm_startup_nrf52840.o(.text)
    I2S_IRQHandler                           0x0000022f   Thumb Code     0  arm_startup_nrf52840.o(.text)
    MWU_IRQHandler                           0x0000022f   Thumb Code     0  arm_startup_nrf52840.o(.text)
    NFCT_IRQHandler                          0x0000022f   Thumb Code     0  arm_startup_nrf52840.o(.text)
    PDM_IRQHandler                           0x0000022f   Thumb Code     0  arm_startup_nrf52840.o(.text)
    POWER_CLOCK_IRQHandler                   0x0000022f   Thumb Code     0  arm_startup_nrf52840.o(.text)
    PWM0_IRQHandler                          0x0000022f   Thumb Code     0  arm_startup_nrf52840.o(.text)
    PWM1_IRQHandler                          0x0000022f   Thumb Code     0  arm_startup_nrf52840.o(.text)
    PWM2_IRQHandler                          0x0000022f   Thumb Code     0  arm_startup_nrf52840.o(.text)
    PWM3_IRQHandler                          0x0000022f   Thumb Code     0  arm_startup_nrf52840.o(.text)
    QDEC_IRQHandler                          0x0000022f   Thumb Code     0  arm_startup_nrf52840.o(.text)
    QSPI_IRQHandler                          0x0000022f   Thumb Code     0  arm_startup_nrf52840.o(.text)
    RADIO_IRQHandler                         0x0000022f   Thumb Code     0  arm_startup_nrf52840.o(.text)
    RNG_IRQHandler                           0x0000022f   Thumb Code     0  arm_startup_nrf52840.o(.text)
    RTC0_IRQHandler                          0x0000022f   Thumb Code     0  arm_startup_nrf52840.o(.text)
    RTC1_IRQHandler                          0x0000022f   Thumb Code     0  arm_startup_nrf52840.o(.text)
    RTC2_IRQHandler                          0x0000022f   Thumb Code     0  arm_startup_nrf52840.o(.text)
    SAADC_IRQHandler                         0x0000022f   Thumb Code     0  arm_startup_nrf52840.o(.text)
    SPIM0_SPIS0_TWIM0_TWIS0_SPI0_TWI0_IRQHandler 0x0000022f   Thumb Code     0  arm_startup_nrf52840.o(.text)
    SPIM1_SPIS1_TWIM1_TWIS1_SPI1_TWI1_IRQHandler 0x0000022f   Thumb Code     0  arm_startup_nrf52840.o(.text)
    SPIM2_SPIS2_SPI2_IRQHandler              0x0000022f   Thumb Code     0  arm_startup_nrf52840.o(.text)
    SPIM3_IRQHandler                         0x0000022f   Thumb Code     0  arm_startup_nrf52840.o(.text)
    SWI0_EGU0_IRQHandler                     0x0000022f   Thumb Code     0  arm_startup_nrf52840.o(.text)
    SWI1_EGU1_IRQHandler                     0x0000022f   Thumb Code     0  arm_startup_nrf52840.o(.text)
    SWI2_EGU2_IRQHandler                     0x0000022f   Thumb Code     0  arm_startup_nrf52840.o(.text)
    SWI3_EGU3_IRQHandler                     0x0000022f   Thumb Code     0  arm_startup_nrf52840.o(.text)
    SWI4_EGU4_IRQHandler                     0x0000022f   Thumb Code     0  arm_startup_nrf52840.o(.text)
    SWI5_EGU5_IRQHandler                     0x0000022f   Thumb Code     0  arm_startup_nrf52840.o(.text)
    TEMP_IRQHandler                          0x0000022f   Thumb Code     0  arm_startup_nrf52840.o(.text)
    TIMER2_IRQHandler                        0x0000022f   Thumb Code     0  arm_startup_nrf52840.o(.text)
    TIMER3_IRQHandler                        0x0000022f   Thumb Code     0  arm_startup_nrf52840.o(.text)
    TIMER4_IRQHandler                        0x0000022f   Thumb Code     0  arm_startup_nrf52840.o(.text)
    UARTE0_UART0_IRQHandler                  0x0000022f   Thumb Code     0  arm_startup_nrf52840.o(.text)
    UARTE1_IRQHandler                        0x0000022f   Thumb Code     0  arm_startup_nrf52840.o(.text)
    USBD_IRQHandler                          0x0000022f   Thumb Code     0  arm_startup_nrf52840.o(.text)
    WDT_IRQHandler                           0x0000022f   Thumb Code     0  arm_startup_nrf52840.o(.text)
    __aeabi_uldivmod                         0x00000239   Thumb Code    98  uldiv.o(.text)
    __aeabi_llsl                             0x0000029b   Thumb Code    30  llshl.o(.text)
    _ll_shift_l                              0x0000029b   Thumb Code     0  llshl.o(.text)
    __aeabi_llsr                             0x000002b9   Thumb Code    32  llushr.o(.text)
    _ll_ushift_r                             0x000002b9   Thumb Code     0  llushr.o(.text)
    __scatterload                            0x000002d9   Thumb Code    28  init.o(.text)
    __scatterload_rt2                        0x000002d9   Thumb Code     0  init.o(.text)
    GPIOTE_IRQHandler                        0x000002fd   Thumb Code   124  hal_ext_int_nrf.o(i.GPIOTE_IRQHandler)
    SC_entrar_disable_irq                    0x00000391   Thumb Code    12  hal_sc_nrf.o(i.SC_entrar_disable_irq)
    SC_salir_enable_irq                      0x000003a1   Thumb Code    16  hal_sc_nrf.o(i.SC_salir_enable_irq)
    SystemInit                               0x000003b5   Thumb Code   500  system_nrf52.o(i.SystemInit)
    TIMER0_IRQHandler                        0x00000635   Thumb Code    40  hal_tiempo_nrf.o(i.TIMER0_IRQHandler)
    TIMER1_IRQHandler                        0x00000665   Thumb Code    32  hal_tiempo_nrf.o(i.TIMER1_IRQHandler)
    __scatterload_copy                       0x0000068d   Thumb Code    14  handlers.o(i.__scatterload_copy)
    __scatterload_null                       0x0000069b   Thumb Code     2  handlers.o(i.__scatterload_null)
    __scatterload_zeroinit                   0x0000069d   Thumb Code    14  handlers.o(i.__scatterload_zeroinit)
    drv_botones_cb                           0x000006ad   Thumb Code    36  drv_botones.o(i.drv_botones_cb)
    drv_botones_iniciar                      0x000006d9   Thumb Code    94  drv_botones.o(i.drv_botones_iniciar)
    drv_botones_tratar                       0x00000749   Thumb Code   242  drv_botones.o(i.drv_botones_tratar)
    drv_consumo_dormir                       0x00000845   Thumb Code    18  drv_consumo.o(i.drv_consumo_dormir)
    drv_consumo_esperar                      0x0000085d   Thumb Code    24  drv_consumo.o(i.drv_consumo_esperar)
    drv_consumo_iniciar                      0x00000879   Thumb Code    26  drv_consumo.o(i.drv_consumo_iniciar)
    drv_led_apagar                           0x00000899   Thumb Code    54  drv_leds.o(i.drv_led_apagar)
    drv_led_encender                         0x000008d5   Thumb Code    50  drv_leds.o(i.drv_led_encender)
    drv_leds_iniciar                         0x0000090d   Thumb Code    70  drv_leds.o(i.drv_leds_iniciar)
    drv_monitor_desmarcar                    0x00000959   Thumb Code    24  drv_monitor.o(i.drv_monitor_desmarcar)
    drv_monitor_iniciar                      0x00000975   Thumb Code    44  drv_monitor.o(i.drv_monitor_iniciar)
    drv_monitor_marcar                       0x000009a5   Thumb Code    22  drv_monitor.o(i.drv_monitor_marcar)
    drv_tiempo_actual_ms                     0x000009c1   Thumb Code    28  drv_tiempo.o(i.drv_tiempo_actual_ms)
    drv_tiempo_actual_us                     0x000009e1   Thumb Code    18  drv_tiempo.o(i.drv_tiempo_actual_us)
    drv_tiempo_iniciar                       0x000009f9   Thumb Code    12  drv_tiempo.o(i.drv_tiempo_iniciar)
    drv_tiempo_periodico_ms                  0x00000a09   Thumb Code    28  drv_tiempo.o(i.drv_tiempo_periodico_ms)
    funcionQueLlama                          0x00000a2d   Thumb Code    20  drv_tiempo.o(i.funcionQueLlama)
    hal_WDT_feed                             0x00000a45   Thumb Code     8  hal_wdt_nrf.o(i.hal_WDT_feed)
    hal_WDT_iniciar                          0x00000a55   Thumb Code    44  hal_wdt_nrf.o(i.hal_WDT_iniciar)
    hal_consumo_dormir                       0x00000a99   Thumb Code    10  hal_consumo_nrf.o(i.hal_consumo_dormir)
    hal_consumo_esperar                      0x00000aa9   Thumb Code     4  hal_consumo_nrf.o(i.hal_consumo_esperar)
    hal_consumo_iniciar                      0x00000aad   Thumb Code     2  hal_consumo_nrf.o(i.hal_consumo_iniciar)
    hal_ext_int_comprobar_pulsado            0x00000ab1   Thumb Code    20  hal_ext_int_nrf.o(i.hal_ext_int_comprobar_pulsado)
    hal_ext_int_habilitar                    0x00000ac9   Thumb Code   102  hal_ext_int_nrf.o(i.hal_ext_int_habilitar)
    hal_ext_int_iniciar                      0x00000b39   Thumb Code    20  hal_ext_int_nrf.o(i.hal_ext_int_iniciar)
    hal_ext_int_iniciar_boton                0x00000b51   Thumb Code    78  hal_ext_int_nrf.o(i.hal_ext_int_iniciar_boton)
    hal_gpio_escribir                        0x00000bad   Thumb Code    20  hal_gpio_nrf.o(i.hal_gpio_escribir)
    hal_gpio_iniciar                         0x00000bc9   Thumb Code     8  hal_gpio_nrf.o(i.hal_gpio_iniciar)
    hal_gpio_sentido                         0x00000bd5   Thumb Code    50  hal_gpio_nrf.o(i.hal_gpio_sentido)
    hal_random_generar                       0x00000c0d   Thumb Code    16  hal_random_nrf.o(i.hal_random_generar)
    hal_random_iniciar                       0x00000c21   Thumb Code     8  hal_random_nrf.o(i.hal_random_iniciar)
    hal_tiempo_actual_tick                   0x00000c2d   Thumb Code    30  hal_tiempo_nrf.o(i.hal_tiempo_actual_tick)
    hal_tiempo_iniciar_tick                  0x00000c59   Thumb Code    50  hal_tiempo_nrf.o(i.hal_tiempo_iniciar_tick)
    hal_tiempo_reloj_periodico_tick          0x00000ca1   Thumb Code    74  hal_tiempo_nrf.o(i.hal_tiempo_reloj_periodico_tick)
    leds_dormir                              0x00000d01   Thumb Code     6  main.o(i.leds_dormir)
    main                                     0x00000d09   Thumb Code    86  main.o(i.main)
    rt_FIFO_conteo                           0x00000d6d   Thumb Code   110  rt_fifo.o(i.rt_FIFO_conteo)
    rt_FIFO_encolar                          0x00000de1   Thumb Code    80  rt_fifo.o(i.rt_FIFO_encolar)
    rt_FIFO_extraer                          0x00000e39   Thumb Code    88  rt_fifo.o(i.rt_FIFO_extraer)
    rt_FIFO_inicializar                      0x00000e99   Thumb Code    34  rt_fifo.o(i.rt_FIFO_inicializar)
    rt_GE_iniciar                            0x00000ec5   Thumb Code    46  rt_ge.o(i.rt_GE_iniciar)
    rt_GE_lanzador                           0x00000f01   Thumb Code   126  rt_ge.o(i.rt_GE_lanzador)
    rt_GE_tratar                             0x00000f8d   Thumb Code    44  rt_ge.o(i.rt_GE_tratar)
    simon_iniciar                            0x00000fb9   Thumb Code    94  simon.o(i.simon_iniciar)
    simon_tratar                             0x00001021   Thumb Code   846  simon.o(i.simon_tratar)
    svc_GE_suscribir                         0x00001379   Thumb Code    76  rt_ge.o(i.svc_GE_suscribir)
    svc_alarma_activar                       0x000013cd   Thumb Code   246  svc_alarma.o(i.svc_alarma_activar)
    svc_alarma_codificar                     0x000014cd   Thumb Code     6  svc_alarma.o(i.svc_alarma_codificar)
    svc_alarma_iniciar                       0x000014d5   Thumb Code    94  svc_alarma.o(i.svc_alarma_iniciar)
    svc_alarma_tratar                        0x00001541   Thumb Code    98  svc_alarma.o(i.svc_alarma_tratar)
    Region$$Table$$Base                      0x000015b8   Number         0  anon$$obj.o(Region$$Table)
    Region$$Table$$Limit                     0x000015d8   Number         0  anon$$obj.o(Region$$Table)
    f_callback                               0x20000080   Data           4  hal_ext_int_nrf.o(.data)
    SystemCoreClock                          0x2000008c   Data           4  system_nrf52.o(.data)
    __initial_sp                             0x20004680   Data           0  arm_startup_nrf52840.o(STACK)



==============================================================================

Memory Map of the image

  Image Entry point : 0x00000215

  Load Region LR_1 (Base: 0x00000000, Size: 0x00001668, Max: 0xffffffff, ABSOLUTE)

    Execution Region ER_RO (Exec base: 0x00000000, Load base: 0x00000000, Size: 0x000015d8, Max: 0xffffffff, ABSOLUTE)

    Exec Addr    Load Addr    Size         Type   Attr      Idx    E Section Name        Object

    0x00000000   0x00000000   0x00000200   Data   RO          860    RESET               arm_startup_nrf52840.o
    0x00000200   0x00000200   0x00000000   Code   RO          930  * .ARM.Collect$$$$00000000  mc_w.l(entry.o)
    0x00000200   0x00000200   0x00000004   Code   RO          935    .ARM.Collect$$$$00000001  mc_w.l(entry2.o)
    0x00000204   0x00000204   0x00000004   Code   RO          938    .ARM.Collect$$$$00000004  mc_w.l(entry5.o)
    0x00000208   0x00000208   0x00000000   Code   RO          940    .ARM.Collect$$$$00000008  mc_w.l(entry7b.o)
    0x00000208   0x00000208   0x00000000   Code   RO          942    .ARM.Collect$$$$0000000A  mc_w.l(entry8b.o)
    0x00000208   0x00000208   0x00000008   Code   RO          943    .ARM.Collect$$$$0000000B  mc_w.l(entry9a.o)
    0x00000210   0x00000210   0x00000000   Code   RO          945    .ARM.Collect$$$$0000000D  mc_w.l(entry10a.o)
    0x00000210   0x00000210   0x00000000   Code   RO          947    .ARM.Collect$$$$0000000F  mc_w.l(entry11a.o)
    0x00000210   0x00000210   0x00000004   Code   RO          936    .ARM.Collect$$$$00002712  mc_w.l(entry2.o)
    0x00000214   0x00000214   0x00000024   Code   RO          861  * .text               arm_startup_nrf52840.o
    0x00000238   0x00000238   0x00000062   Code   RO          933    .text               mc_w.l(uldiv.o)
    0x0000029a   0x0000029a   0x0000001e   Code   RO          949    .text               mc_w.l(llshl.o)
    0x000002b8   0x000002b8   0x00000020   Code   RO          951    .text               mc_w.l(llushr.o)
    0x000002d8   0x000002d8   0x00000024   Code   RO          953    .text               mc_w.l(init.o)
    0x000002fc   0x000002fc   0x00000094   Code   RO          690    i.GPIOTE_IRQHandler  hal_ext_int_nrf.o
    0x00000390   0x00000390   0x00000010   Code   RO          793    i.SC_entrar_disable_irq  hal_sc_nrf.o
    0x000003a0   0x000003a0   0x00000014   Code   RO          794    i.SC_salir_enable_irq  hal_sc_nrf.o
    0x000003b4   0x000003b4   0x00000280   Code   RO          869    i.SystemInit        system_nrf52.o
    0x00000634   0x00000634   0x00000030   Code   RO          597    i.TIMER0_IRQHandler  hal_tiempo_nrf.o
    0x00000664   0x00000664   0x00000028   Code   RO          598    i.TIMER1_IRQHandler  hal_tiempo_nrf.o
    0x0000068c   0x0000068c   0x0000000e   Code   RO          957    i.__scatterload_copy  mc_w.l(handlers.o)
    0x0000069a   0x0000069a   0x00000002   Code   RO          958    i.__scatterload_null  mc_w.l(handlers.o)
    0x0000069c   0x0000069c   0x0000000e   Code   RO          959    i.__scatterload_zeroinit  mc_w.l(handlers.o)
    0x000006aa   0x000006aa   0x00000002   PAD
    0x000006ac   0x000006ac   0x0000002c   Code   RO          159    i.drv_botones_cb    drv_botones.o
    0x000006d8   0x000006d8   0x00000070   Code   RO          160    i.drv_botones_iniciar  drv_botones.o
    0x00000748   0x00000748   0x000000fc   Code   RO          161    i.drv_botones_tratar  drv_botones.o
    0x00000844   0x00000844   0x00000018   Code   RO          191    i.drv_consumo_dormir  drv_consumo.o
    0x0000085c   0x0000085c   0x0000001c   Code   RO          192    i.drv_consumo_esperar  drv_consumo.o
    0x00000878   0x00000878   0x00000020   Code   RO          193    i.drv_consumo_iniciar  drv_consumo.o
    0x00000898   0x00000898   0x0000003c   Code   RO           68    i.drv_led_apagar    drv_leds.o
    0x000008d4   0x000008d4   0x00000038   Code   RO           70    i.drv_led_encender  drv_leds.o
    0x0000090c   0x0000090c   0x0000004c   Code   RO           71    i.drv_leds_iniciar  drv_leds.o
    0x00000958   0x00000958   0x0000001c   Code   RO          221    i.drv_monitor_desmarcar  drv_monitor.o
    0x00000974   0x00000974   0x00000030   Code   RO          222    i.drv_monitor_iniciar  drv_monitor.o
    0x000009a4   0x000009a4   0x0000001c   Code   RO          223    i.drv_monitor_marcar  drv_monitor.o
    0x000009c0   0x000009c0   0x00000020   Code   RO          106    i.drv_tiempo_actual_ms  drv_tiempo.o
    0x000009e0   0x000009e0   0x00000018   Code   RO          107    i.drv_tiempo_actual_us  drv_tiempo.o
    0x000009f8   0x000009f8   0x00000010   Code   RO          110    i.drv_tiempo_iniciar  drv_tiempo.o
    0x00000a08   0x00000a08   0x00000024   Code   RO          111    i.drv_tiempo_periodico_ms  drv_tiempo.o
    0x00000a2c   0x00000a2c   0x00000018   Code   RO          112    i.funcionQueLlama   drv_tiempo.o
    0x00000a44   0x00000a44   0x00000010   Code   RO          760    i.hal_WDT_feed      hal_wdt_nrf.o
    0x00000a54   0x00000a54   0x00000044   Code   RO          761    i.hal_WDT_iniciar   hal_wdt_nrf.o
    0x00000a98   0x00000a98   0x00000010   Code   RO          651    i.hal_consumo_dormir  hal_consumo_nrf.o
    0x00000aa8   0x00000aa8   0x00000004   Code   RO          652    i.hal_consumo_esperar  hal_consumo_nrf.o
    0x00000aac   0x00000aac   0x00000002   Code   RO          653    i.hal_consumo_iniciar  hal_consumo_nrf.o
    0x00000aae   0x00000aae   0x00000002   PAD
    0x00000ab0   0x00000ab0   0x00000018   Code   RO          691    i.hal_ext_int_comprobar_pulsado  hal_ext_int_nrf.o
    0x00000ac8   0x00000ac8   0x00000070   Code   RO          693    i.hal_ext_int_habilitar  hal_ext_int_nrf.o
    0x00000b38   0x00000b38   0x00000018   Code   RO          695    i.hal_ext_int_iniciar  hal_ext_int_nrf.o
    0x00000b50   0x00000b50   0x0000005c   Code   RO          696    i.hal_ext_int_iniciar_boton  hal_ext_int_nrf.o
    0x00000bac   0x00000bac   0x0000001c   Code   RO          513    i.hal_gpio_escribir  hal_gpio_nrf.o
    0x00000bc8   0x00000bc8   0x0000000c   Code   RO          514    i.hal_gpio_iniciar  hal_gpio_nrf.o
    0x00000bd4   0x00000bd4   0x00000038   Code   RO          516    i.hal_gpio_sentido  hal_gpio_nrf.o
    0x00000c0c   0x00000c0c   0x00000014   Code   RO          828    i.hal_random_generar  hal_random_nrf.o
    0x00000c20   0x00000c20   0x0000000c   Code   RO          829    i.hal_random_iniciar  hal_random_nrf.o
    0x00000c2c   0x00000c2c   0x0000002c   Code   RO          599    i.hal_tiempo_actual_tick  hal_tiempo_nrf.o
    0x00000c58   0x00000c58   0x00000048   Code   RO          600    i.hal_tiempo_iniciar_tick  hal_tiempo_nrf.o
    0x00000ca0   0x00000ca0   0x00000060   Code   RO          601    i.hal_tiempo_reloj_periodico_tick  hal_tiempo_nrf.o
    0x00000d00   0x00000d00   0x00000006   Code   RO            1    i.leds_dormir       main.o
    0x00000d06   0x00000d06   0x00000002   PAD
    0x00000d08   0x00000d08   0x00000064   Code   RO            2    i.main              main.o
    0x00000d6c   0x00000d6c   0x00000074   Code   RO          252    i.rt_FIFO_conteo    rt_fifo.o
    0x00000de0   0x00000de0   0x00000058   Code   RO          253    i.rt_FIFO_encolar   rt_fifo.o
    0x00000e38   0x00000e38   0x00000060   Code   RO          256    i.rt_FIFO_extraer   rt_fifo.o
    0x00000e98   0x00000e98   0x0000002c   Code   RO          257    i.rt_FIFO_inicializar  rt_fifo.o
    0x00000ec4   0x00000ec4   0x0000003c   Code   RO          311    i.rt_GE_iniciar     rt_ge.o
    0x00000f00   0x00000f00   0x0000008c   Code   RO          312    i.rt_GE_lanzador    rt_ge.o
    0x00000f8c   0x00000f8c   0x0000002c   Code   RO          313    i.rt_GE_tratar      rt_ge.o
    0x00000fb8   0x00000fb8   0x00000068   Code   RO          404    i.simon_iniciar     simon.o
    0x00001020   0x00001020   0x00000358   Code   RO          406    i.simon_tratar      simon.o
    0x00001378   0x00001378   0x00000054   Code   RO          315    i.svc_GE_suscribir  rt_ge.o
    0x000013cc   0x000013cc   0x00000100   Code   RO          356    i.svc_alarma_activar  svc_alarma.o
    0x000014cc   0x000014cc   0x00000006   Code   RO          357    i.svc_alarma_codificar  svc_alarma.o
    0x000014d2   0x000014d2   0x00000002   PAD
    0x000014d4   0x000014d4   0x0000006c   Code   RO          358    i.svc_alarma_iniciar  svc_alarma.o
    0x00001540   0x00001540   0x0000006c   Code   RO          359    i.svc_alarma_tratar  svc_alarma.o
    0x000015ac   0x000015ac   0x00000004   Data   RO           72    .constdata          drv_leds.o
    0x000015b0   0x000015b0   0x00000004   Data   RO          162    .constdata          drv_botones.o
    0x000015b4   0x000015b4   0x00000004   Data   RO          224    .constdata          drv_monitor.o
    0x000015b8   0x000015b8   0x00000020   Data   RO          955    Region$$Table       anon$$obj.o


    Execution Region ER_RW (Exec base: 0x20000000, Load base: 0x000015d8, Size: 0x00000090, Max: 0xffffffff, ABSOLUTE)

    Exec Addr    Load Addr    Size         Type   Attr      Idx    E Section Name        Object

    0x20000000   0x000015d8   0x00000008   Data   RW            3    .data               main.o
    0x20000008   0x000015e0   0x0000000c   Data   RW          113    .data               drv_tiempo.o
    0x20000014   0x000015ec   0x00000018   Data   RW          163    .data               drv_botones.o
    0x2000002c   0x00001604   0x00000008   Data   RW          194    .data               drv_consumo.o
    0x20000034   0x0000160c   0x00000008   Data   RW          260    .data               rt_fifo.o
    0x2000003c   0x00001614   0x00000008   Data   RW          317    .data               rt_ge.o
    0x20000044   0x0000161c   0x0000000c   Data   RW          362    .data               svc_alarma.o
    0x20000050   0x00001628   0x00000028   Data   RW          408    .data               simon.o
    0x20000078   0x00001650   0x00000008   Data   RW          602    .data               hal_tiempo_nrf.o
    0x20000080   0x00001658   0x00000008   Data   RW          697    .data               hal_ext_int_nrf.o
    0x20000088   0x00001660   0x00000004   Data   RW          795    .data               hal_sc_nrf.o
    0x2000008c   0x00001664   0x00000004   Data   RW          872    .data               system_nrf52.o


    Execution Region ER_ZI (Exec base: 0x20000090, Load base: 0x00001668, Size: 0x000045f0, Max: 0xffffffff, ABSOLUTE)

    Exec Addr    Load Addr    Size         Type   Attr      Idx    E Section Name        Object

    0x20000090        -       0x00000324   Zero   RW          259    .bss                rt_fifo.o
    0x200003b4        -       0x000000d8   Zero   RW          316    .bss                rt_ge.o
    0x2000048c        -       0x00000060   Zero   RW          361    .bss                svc_alarma.o
    0x200004ec        -       0x00000190   Zero   RW          407    .bss                simon.o
    0x2000067c   0x00001668   0x00000004   PAD
    0x20000680        -       0x00004000   Zero   RW          858    STACK               arm_startup_nrf52840.o


==============================================================================

Image component sizes


      Code (inc. data)   RO Data    RW Data    ZI Data      Debug   Object Name

        36          8        512          0      16384        932   arm_startup_nrf52840.o
       408         36          4         24          0       4105   drv_botones.o
        84         16          0          8          0       2653   drv_consumo.o
       192         18          4          0          0       2987   drv_leds.o
       104         14          4          0          0       2687   drv_monitor.o
       132         26          0         12          0       3953   drv_tiempo.o
        22          6          0          0          0       1641   hal_consumo_nrf.o
       400         56          0          8          0      34909   hal_ext_int_nrf.o
        96         18          0          0          0      37486   hal_gpio_nrf.o
        32          8          0          0          0       1194   hal_random_nrf.o
        36          8          0          4          0       1382   hal_sc_nrf.o
       300         74          0          8          0      34748   hal_tiempo_nrf.o
        84         32          0          0          0       1129   hal_wdt_nrf.o
       106         14          0          8          0       7957   main.o
       344         32          0          8        804       3967   rt_fifo.o
       328         36          0          8        216       4051   rt_ge.o
       960         28          0         40        400       4462   simon.o
       478         34          0         12         96       4758   svc_alarma.o
       640        140          0          4          0      62020   system_nrf52.o

    ----------------------------------------------------------------------
      4788        604        556        144      17904     217021   Object Totals
         0          0         32          0          0          0   (incl. Generated)
         6          0          0          0          4          0   (incl. Padding)

    ----------------------------------------------------------------------

      Code (inc. data)   RO Data    RW Data    ZI Data      Debug   Library Member Name

         0          0          0          0          0          0   entry.o
         0          0          0          0          0          0   entry10a.o
         0          0          0          0          0          0   entry11a.o
         8          4          0          0          0          0   entry2.o
         4          0          0          0          0          0   entry5.o
         0          0          0          0          0          0   entry7b.o
         0          0          0          0          0          0   entry8b.o
         8          4          0          0          0          0   entry9a.o
        30          0          0          0          0          0   handlers.o
        36          8          0          0          0         68   init.o
        30          0          0          0          0         68   llshl.o
        32          0          0          0          0         68   llushr.o
        98          0          0          0          0         92   uldiv.o

    ----------------------------------------------------------------------
       248         16          0          0          0        296   Library Totals
         2          0          0          0          0          0   (incl. Padding)

    ----------------------------------------------------------------------

      Code (inc. data)   RO Data    RW Data    ZI Data      Debug   Library Name

       246         16          0          0          0        296   mc_w.l

    ----------------------------------------------------------------------
       248         16          0          0          0        296   Library Totals

    ----------------------------------------------------------------------

==============================================================================


      Code (inc. data)   RO Data    RW Data    ZI Data      Debug   

      5036        620        556        144      17904     212569   Grand Totals
      5036        620        556        144      17904     212569   ELF Image Totals
      5036        620        556        144          0          0   ROM Totals

==============================================================================

    Total RO  Size (Code + RO Data)                 5592 (   5.46kB)
    Total RW  Size (RW Data + ZI Data)             18048 (  17.63kB)
    Total ROM Size (Code + RO Data + RW Data)       5736 (   5.60kB)

==============================================================================

