


ARM Macro Assembler    Page 1 


    1 00000000                 AREA             datos, DATA
    2 00000000         
    3 00000000 00000003 
                       N       EQU              3
    4 00000000 00000009 
                       Tamanio EQU              N*N
    5 00000000         ;Test_A   DCD 1,0,0,0,1,0,0,0,1
    6 00000000         ;Test_B   DCD 9,8,7,6,5,4,3,2,1
    7 00000000         ;Resultado  SPACE N*N*4
    8 00000000         
    9 00000000                 AREA             codigo,CODE
   10 00000000         
   11 00000000                 EXPORT           matriz3x3_operar_THB
   12 00000000                 PRESERVE8        {TRUE}
   13 00000000         
   14 00000000                 ARM
   15 00000000         matriz3x3_operar_THB
   16 00000000         
   17 00000000 E1A0C00D        MOV              IP, SP      ;PROLOGO
   18 00000004 E92DDFF0        STMDB            SP!, {r4-r10,FP,IP,LR,PC}
   19 00000008 E24CB004        SUB              FP, IP, #4
   20 0000000C E24DD070        SUB              SP, #112
   21 00000010         
   22 00000010 E1A04000        MOV              r4,r0       ; r4 = @Test_a
   23 00000014 E1A05001        MOV              r5,r1       ; r5 = @Test_b
   24 00000018 E1A06002        MOV              r6,r2       ; r6 = @Test_c
   25 0000001C E1A07003        MOV              r7,r3       ; r7 = @Test_d
   26 00000020 E59C9000        LDR              r9,[IP]     ; r9 = IP = @Result
                                                            ados_E
   27 00000024 E58DE070        STR              lr,[r13,#112] ; Guardamos como 
                                                            variable local el v
                                                            alor del link regis
                                                            ter 
   28 00000028         
   29 00000028         ;DUDA!!!
   30 00000028         ; Tema: Vuelta de thumb a arm
   31 00000028         ; Al volver de thumb no funciona correctamente --> compr
                       obar solución
   32 00000028         
   33 00000028         
   34 00000028         ;A*B
   35 00000028         ; Parametros multiplicar A*B
   36 00000028 E1A0200D        MOV              r2,SP       ; r2 =@AB r2 apunta
                                                             a la memoria que h
                                                            emos hecho para las
                                                             variables locales,
                                                             en concreto a dond
                                                            e apunta sp
   37 0000002C         
   38 0000002C E28F80A1        ADR              r8,Multiplicar+1
   39 00000030 E1A0E00F        MOV              lr,pc       ; OBLIGATORIO, se g
                                                            uarda el lr al que 
                                                            vamos a volver
   40 00000034 E12FFF18        bx               r8
   41 00000038         ;C*D
   42 00000038         ;Parametros multiplicar C*D
   43 00000038 E1A00006        MOV              r0,r6       ; r0 = @Test_c
   44 0000003C E1A01007        MOV              r1,r7       ; r1 = @Test_d
   45 00000040 E28D2024        ADD              r2,SP,#36   ; r2 =@CD r2 apunta



ARM Macro Assembler    Page 2 


                                                             a la memoria que h
                                                            emos hecho para las
                                                             variables locales,
                                                             en concreto a dond
                                                            e apunta sp+36 que 
                                                            lo que AB
   46 00000044         
   47 00000044 E28F8089        ADR              r8,Multiplicar+1
   48 00000048 E1A0E00F        MOV              lr,pc
   49 0000004C E12FFF18        bx               r8
   50 00000050         
   51 00000050         
   52 00000050         ;CD(Traspuesta)
   53 00000050 E28D0024        ADD              r0,SP,#36   ; r0 = @CD
   54 00000054 E28D1048        ADD              r1,SP,#72   ; r1 = @Traspuesta
   55 00000058         
   56 00000058 E28F8041        ADR              r8,Trasponer+1
   57 0000005C E1A0E00F        MOV              lr,pc       ; Guardamos el punt
                                                            o de retorno
   58 00000060 E12FFF18        bx               r8
   59 00000064         
   60 00000064         
   61 00000064         ;SUMA AB + CD traspuesta
   62 00000064 E3A00000        mov              r0,#0
   63 00000068 E3A04009        LDR              r4,=Tamanio ; r4 = N
   64 0000006C E1A0500D        mov              r5,SP       ; r5 = AB
   65 00000070 E28D6048        add              r6,SP,#72   ; r6 = CD traspuest
                                                            a
   66 00000074         
   67 00000074 E2544001 
                       suma    subs             r4,r4,#1    ; r4(N)--
   68 00000078 4A000006        bmi              fin_suma
   69 0000007C E7957104        ldr              r7,[r5,r4,LSL #2] ; r7 = AB[r4]
                                                            
   70 00000080 E7968104        ldr              r8,[r6,r4,LSL #2] ; r8 = CD[r4]
                                                            
   71 00000084 E0888007        add              r8,r8,r7    ; r8=r8+r7
   72 00000088 E3580000        cmp              r8,#0
   73 0000008C 12800001        addne            r0,r0,#1    ; r0++ = terminos n
                                                            o cero++
   74 00000090 E7898104        str              r8,[r9,r4,LSL #2] ; Resultado_E
                                                            [r4] = r8
   75 00000094 EAFFFFF6        b                suma
   76 00000098         fin_suma
   77 00000098         
   78 00000098         
   79 00000098 E59DE070        LDR              lr,[r13,#112] ; Recuperamos el 
                                                            valor del lr anteri
                                                            or
   80 0000009C         
   81 0000009C E91BAFF0        LDMDB            FP, {r4-r10,FP,SP,PC}
   82 000000A0         
   83 000000A0         ;-------------------------------------------------------
                       ------------SUBRUTINAS----------------------------------
                       ------------------------------------
   84 000000A0         
   85 000000A0                 THUMB
   86 000000A0         Trasponer
   87 000000A0 46F4            MOV              IP,lr



ARM Macro Assembler    Page 3 


   88 000000A2 B478            STMDB            R13!, { r3-r6} ; duda: Es neces
                                                            ario salvaguardar r
                                                            0-r3 sabiendo que l
                                                            o de arriba está en
                                                             arm y sigue atpcs?
                                                            
   89 000000A4         
   90 000000A4 4A20            LDR              r2, =N      ; r2 = N
   91 000000A6 2300            MOVS             r3,#0       ; r3 = i
   92 000000A8         
   93 000000A8         bcl_i
   94 000000A8 4293            CMP              r3,r2       ; i < N?
   95 000000AA DA10            bge              epilogo
   96 000000AC 2400            MOVS             r4,#0       ; r7 = j
   97 000000AE         
   98 000000AE         bcl_j
   99 000000AE 4294            cmp              r4,r2       ; j < N?
  100 000000B0 DA0B            bge              sg_i
  101 000000B2 0015            MOVS             r5,r2       ; r5 = N 
  102 000000B4 435D            MULS             r5,r3,r5    ; r5 = i*N 
  103 000000B6 192D            ADDS             r5,r5,r4    ; r5 = i*N+j
  104 000000B8 00AD            LSLS             r5,r5,#2
  105 000000BA 5946            LDR              r6,[r0,r5]  ; r6 = CD[i][j]
  106 000000BC         
  107 000000BC 0015            MOVS             r5,r2       ; r5 = N 
  108 000000BE 4365            MULS             r5,r4,r5    ; r5 = j*N 
  109 000000C0 18ED            ADDS             r5,r5,r3    ; r5 = j*N+i
  110 000000C2 00AD            LSLS             r5,r5,#2
  111 000000C4 514E            STR              r6,[r1,r5]  ; Traspuesta [j][i]
                                                             = r6 = CD[i][j]
  112 000000C6         
  113 000000C6 1C64            ADDS             r4,r4,#1    ; j++
  114 000000C8 E7F1            B                bcl_j
  115 000000CA         
  116 000000CA         sg_i
  117 000000CA 1C5B            ADDS             r3,r3,#1    ; i++
  118 000000CC E7EC            B                bcl_i
  119 000000CE         
  120 000000CE         epilogo
  121 000000CE 46E6            MOV              lr,IP
  122 000000D0 BC7F            LDMIA            R13!, {r0-r6}
  123 000000D2 4770            bx               lr
  124 000000D4         
  125 000000D4         
  126 000000D4         
  127 000000D4         
  128 000000D4         ;-------------------------------------------------------
                       ------------------------------          
  129 000000D4         
  130 000000D4                 THUMB
  131 000000D4         Multiplicar
  132 000000D4 46F4            MOV              IP,lr       ; Solución: Guardam
                                                            os en IP el valor d
                                                            el lr
  133 000000D6 B4FF            STMDB            R13!, {r0-r7} ; No guardo lr po
                                                            rque luego volvemos
                                                             con bx y no con "p
                                                            op" pc
  134 000000D8         ; Problema: si se modifica el lr no se puede recuperar



ARM Macro Assembler    Page 4 


  135 000000D8         ; r0 = @A
  136 000000D8         ; r1 = @B
  137 000000D8         ; r2 = @Resultado
  138 000000D8         
  139 000000D8         
  140 000000D8 4C13            LDR              r4,=N       ; r4 = i
  141 000000DA         
  142 000000DA         bucle_i
  143 000000DA 1E64            subs             r4,r4,#1    ; i--
  144 000000DC D420            bmi              epilogo2
  145 000000DE 4D12            LDR              r5,=N       ; r5 = j
  146 000000E0         
  147 000000E0         bucle_j
  148 000000E0 1E6D            subs             r5,r5,#1    ; j--
  149 000000E2 D4FA            bmi              bucle_i
  150 000000E4         ; j < 0?
  151 000000E4 4F10            LDR              r7,=N
  152 000000E6 4367            MULS             r7,r4,r7    ; r7 = i*N + j =[i]
                                                            [j]
  153 000000E8 197F            ADDS             r7,r5
  154 000000EA 00BF            LSLS             r7,r7,#2
  155 000000EC 2300            MOVS             r3,#0       ; r3 = 0
  156 000000EE 51D3            STR              r3,[r2,r7]  ; Resultado[i][j] =
                                                             0 inicialización d
                                                            el elemento
  157 000000F0 9700            STR              r7,[SP]     ; Guardamos r7(indi
                                                            ce [i][j]) como var
                                                            iable local
  158 000000F2         
  159 000000F2 4E0D            LDR              r6,=N       ; r6 = k
  160 000000F4         
  161 000000F4 1E76    bucle_k subs             r6,r6,#1    ; k < N?
  162 000000F6 D4F3            bmi              bucle_j
  163 000000F8         
  164 000000F8         ; A[i][k] y B[k][j]
  165 000000F8         
  166 000000F8 4F0B            LDR              r7,=N       ; r7  = N
  167 000000FA         ;mla r8,r4,r7,r6           ; r8  = i*N + K =[i][k]
  168 000000FA 4367            MULS             r7,r4,r7    ; r7 = i*N + j =[i]
                                                            [j]
  169 000000FC 19BF            ADDS             r7,r6
  170 000000FE 00BF            LSLS             r7,r7,#2
  171 00000100 59C3            LDR              r3,[r0,r7]  ; r3  = A[i][k]
  172 00000102 4698            MOV              r8,r3       ; r8  = A[i][k]
  173 00000104         
  174 00000104 4F08            LDR              r7,=N
  175 00000106         ;mla r9,r6,r7,r5     ; r9  = k*N + j =[k][j]
  176 00000106 4377            MULS             r7,r6,r7    ; r7 = i*N + j =[i]
                                                            [j]
  177 00000108 197F            ADDS             r7,r5
  178 0000010A 00BF            LSLS             r7,r7,#2
  179 0000010C 59CB            LDR              r3,[r1,r7]  ; r3 = B[k][j]
  180 0000010E 4647            MOV              r7,r8       ; r7 = A[i][k]
  181 00000110         
  182 00000110         ; A[i][k] * B[k][j]
  183 00000110         
  184 00000110 437B            MULS             r3,r7,r3    ; r3  = A[i][k] * B
                                                            [k][j]
  185 00000112         



ARM Macro Assembler    Page 5 


  186 00000112         
  187 00000112         ;Resultado [i][j] = A[i][k] * B[k][j]
  188 00000112         
  189 00000112 9F00            LDR              r7,[SP]     ; r7  = i*N + j =[i
                                                            ][j]
  190 00000114 46B8            MOV              r8,r7       ; r8 =[i][j] 
  191 00000116 59D7            LDR              r7,[r2,r7]  ; r7 = Resultado[i]
                                                            [j]
  192 00000118 19DB            ADDS             r3,r7       ; r3 = Resultado[i]
                                                            [j] + A[i][k] * B[k
                                                            ][j]
  193 0000011A 4647            MOV              r7,r8
  194 0000011C 51D3            STR              r3,[r2,r7]  ; Resultado[i]][j] 
                                                            = Resultado[i][j] +
                                                             A[i][k] * B[k][j]
  195 0000011E         
  196 0000011E         
  197 0000011E E7E9            b                bucle_k
  198 00000120         
  199 00000120         
  200 00000120         epilogo2
  201 00000120 46E6            MOV              lr,IP       ; Recuperamos el va
                                                            lor de lr 
  202 00000122 BCFF            LDMIA            R13!,{r0-r7} ; Desapilamos y re
                                                            stauramos la pila  
                                                              
  203 00000124 4770            bx               lr          ; salto con cambio 
                                                            de modo, apunte -> 
                                                            igual se puede pone
                                                            r ip en el salto
  204 00000126         
  205 00000126                 END
              00 00 00000003 
Command Line: --debug --xref --diag_suppress=9931 --apcs=interwork --depend=.\o
bjects\thumb_code.d -o.\objects\thumb_code.o -IC:\Keil_v5\ARM\RV31\INC -IC:\Kei
l_v5\ARM\CMSIS\Include -IC:\Keil_v5\ARM\INC\Philips --predefine="__EVAL SETA 1"
 --predefine="__UVISION_VERSION SETA 526" --list=.\listings\thumb_code.lst Thum
b_code.s



ARM Macro Assembler    Page 1 Alphabetic symbol ordering
Relocatable symbols

datos 00000000

Symbol: datos
   Definitions
      At line 1 in file Thumb_code.s
   Uses
      None
Comment: datos unused
1 symbol



ARM Macro Assembler    Page 1 Alphabetic symbol ordering
Relocatable symbols

Multiplicar 000000D4

Symbol: Multiplicar
   Definitions
      At line 131 in file Thumb_code.s
   Uses
      At line 38 in file Thumb_code.s
      At line 47 in file Thumb_code.s

Trasponer 000000A0

Symbol: Trasponer
   Definitions
      At line 86 in file Thumb_code.s
   Uses
      At line 56 in file Thumb_code.s
Comment: Trasponer used once
bcl_i 000000A8

Symbol: bcl_i
   Definitions
      At line 93 in file Thumb_code.s
   Uses
      At line 118 in file Thumb_code.s
Comment: bcl_i used once
bcl_j 000000AE

Symbol: bcl_j
   Definitions
      At line 98 in file Thumb_code.s
   Uses
      At line 114 in file Thumb_code.s
Comment: bcl_j used once
bucle_i 000000DA

Symbol: bucle_i
   Definitions
      At line 142 in file Thumb_code.s
   Uses
      At line 149 in file Thumb_code.s
Comment: bucle_i used once
bucle_j 000000E0

Symbol: bucle_j
   Definitions
      At line 147 in file Thumb_code.s
   Uses
      At line 162 in file Thumb_code.s
Comment: bucle_j used once
bucle_k 000000F4

Symbol: bucle_k
   Definitions
      At line 161 in file Thumb_code.s
   Uses
      At line 197 in file Thumb_code.s
Comment: bucle_k used once
codigo 00000000




ARM Macro Assembler    Page 2 Alphabetic symbol ordering
Relocatable symbols

Symbol: codigo
   Definitions
      At line 9 in file Thumb_code.s
   Uses
      None
Comment: codigo unused
epilogo 000000CE

Symbol: epilogo
   Definitions
      At line 120 in file Thumb_code.s
   Uses
      At line 95 in file Thumb_code.s
Comment: epilogo used once
epilogo2 00000120

Symbol: epilogo2
   Definitions
      At line 200 in file Thumb_code.s
   Uses
      At line 144 in file Thumb_code.s
Comment: epilogo2 used once
fin_suma 00000098

Symbol: fin_suma
   Definitions
      At line 76 in file Thumb_code.s
   Uses
      At line 68 in file Thumb_code.s
Comment: fin_suma used once
matriz3x3_operar_THB 00000000

Symbol: matriz3x3_operar_THB
   Definitions
      At line 15 in file Thumb_code.s
   Uses
      At line 11 in file Thumb_code.s
Comment: matriz3x3_operar_THB used once
sg_i 000000CA

Symbol: sg_i
   Definitions
      At line 116 in file Thumb_code.s
   Uses
      At line 100 in file Thumb_code.s
Comment: sg_i used once
suma 00000074

Symbol: suma
   Definitions
      At line 67 in file Thumb_code.s
   Uses
      At line 75 in file Thumb_code.s
Comment: suma used once
14 symbols



ARM Macro Assembler    Page 1 Alphabetic symbol ordering
Absolute symbols

N 00000003

Symbol: N
   Definitions
      At line 3 in file Thumb_code.s
   Uses
      At line 4 in file Thumb_code.s
      At line 4 in file Thumb_code.s
      At line 90 in file Thumb_code.s
      At line 140 in file Thumb_code.s
      At line 145 in file Thumb_code.s
      At line 151 in file Thumb_code.s
      At line 159 in file Thumb_code.s
      At line 166 in file Thumb_code.s
      At line 174 in file Thumb_code.s

Tamanio 00000009

Symbol: Tamanio
   Definitions
      At line 4 in file Thumb_code.s
   Uses
      At line 63 in file Thumb_code.s
Comment: Tamanio used once
2 symbols
351 symbols in table
