Component: ARM Compiler 5.06 update 6 (build 750) Tool: armlink [4d35ed]

==============================================================================

Section Cross References

    startup.o(STACK) refers (Special) to heapauxi.o(.text) for __use_two_region_memory
    startup.o(HEAP) refers (Special) to heapauxi.o(.text) for __use_two_region_memory
    startup.o(RESET) refers (Special) to heapauxi.o(.text) for __use_two_region_memory
    startup.o(RESET) refers to startup.o(STACK) for Stack_Top
    startup.o(RESET) refers to __main.o(!!!main) for __main
    startup.o(.text) refers (Special) to heapauxi.o(.text) for __use_two_region_memory
    startup.o(.text) refers to startup.o(HEAP) for Heap_Mem
    startup.o(.text) refers to startup.o(STACK) for Stack_Mem
    main.o(i.leds_dormir) refers to drv_leds.o(i.drv_led_apagar) for drv_led_apagar
    main.o(i.main) refers to drv_tiempo.o(i.drv_tiempo_iniciar) for drv_tiempo_iniciar
    main.o(i.main) refers to hal_gpio_lpc.o(i.hal_gpio_iniciar) for hal_gpio_iniciar
    main.o(i.main) refers to drv_consumo.o(i.drv_consumo_iniciar) for drv_consumo_iniciar
    main.o(i.main) refers to rt_fifo.o(i.rt_FIFO_inicializar) for rt_FIFO_inicializar
    main.o(i.main) refers to rt_ge.o(i.rt_GE_iniciar) for rt_GE_iniciar
    main.o(i.main) refers to rt_ge.o(i.svc_GE_suscribir) for svc_GE_suscribir
    main.o(i.main) refers to svc_alarma.o(i.svc_alarma_iniciar) for svc_alarma_iniciar
    main.o(i.main) refers to drv_leds.o(i.drv_leds_iniciar) for drv_leds_iniciar
    main.o(i.main) refers to drv_monitor.o(i.drv_monitor_iniciar) for drv_monitor_iniciar
    main.o(i.main) refers to drv_botones.o(i.drv_botones_iniciar) for drv_botones_iniciar
    main.o(i.main) refers to simon.o(i.simon_iniciar) for simon_iniciar
    main.o(i.main) refers to main.o(i.leds_dormir) for leds_dormir
    main.o(i.main) refers to rt_fifo.o(i.rt_FIFO_encolar) for rt_FIFO_encolar
    main.o(i.main) refers to main.o(.data) for .data
    drv_leds.o(i.drv_led_apagar) refers to hal_gpio_lpc.o(i.hal_gpio_escribir) for hal_gpio_escribir
    drv_leds.o(i.drv_led_apagar) refers to drv_leds.o(.constdata) for .constdata
    drv_leds.o(i.drv_led_conmutar) refers to hal_gpio_lpc.o(i.hal_gpio_leer) for hal_gpio_leer
    drv_leds.o(i.drv_led_conmutar) refers to hal_gpio_lpc.o(i.hal_gpio_escribir) for hal_gpio_escribir
    drv_leds.o(i.drv_led_conmutar) refers to drv_leds.o(.constdata) for .constdata
    drv_leds.o(i.drv_led_encender) refers to hal_gpio_lpc.o(i.hal_gpio_escribir) for hal_gpio_escribir
    drv_leds.o(i.drv_led_encender) refers to drv_leds.o(.constdata) for .constdata
    drv_leds.o(i.drv_leds_iniciar) refers to hal_gpio_lpc.o(i.hal_gpio_sentido) for hal_gpio_sentido
    drv_leds.o(i.drv_leds_iniciar) refers to hal_gpio_lpc.o(i.hal_gpio_escribir) for hal_gpio_escribir
    drv_leds.o(i.drv_leds_iniciar) refers to drv_leds.o(.constdata) for .constdata
    drv_tiempo.o(i.drv_tiempo_actual_ms) refers to hal_tiempo_lpc.o(i.hal_tiempo_actual_tick) for hal_tiempo_actual_tick
    drv_tiempo.o(i.drv_tiempo_actual_ms) refers to lludiv.o(.text) for __aeabi_uldivmod
    drv_tiempo.o(i.drv_tiempo_actual_ms) refers to drv_tiempo.o(.data) for .data
    drv_tiempo.o(i.drv_tiempo_actual_us) refers to hal_tiempo_lpc.o(i.hal_tiempo_actual_tick) for hal_tiempo_actual_tick
    drv_tiempo.o(i.drv_tiempo_actual_us) refers to lludiv.o(.text) for __aeabi_uldivmod
    drv_tiempo.o(i.drv_tiempo_actual_us) refers to drv_tiempo.o(.data) for .data
    drv_tiempo.o(i.drv_tiempo_esperar_hasta_ms) refers to hal_tiempo_lpc.o(i.hal_tiempo_actual_tick) for hal_tiempo_actual_tick
    drv_tiempo.o(i.drv_tiempo_esperar_hasta_ms) refers to lludiv.o(.text) for __aeabi_uldivmod
    drv_tiempo.o(i.drv_tiempo_esperar_hasta_ms) refers to drv_tiempo.o(i.drv_tiempo_actual_ms) for drv_tiempo_actual_ms
    drv_tiempo.o(i.drv_tiempo_esperar_hasta_ms) refers to drv_tiempo.o(.data) for .data
    drv_tiempo.o(i.drv_tiempo_esperar_ms) refers to drv_tiempo.o(i.drv_tiempo_actual_ms) for drv_tiempo_actual_ms
    drv_tiempo.o(i.drv_tiempo_esperar_ms) refers to hal_tiempo_lpc.o(i.hal_tiempo_actual_tick) for hal_tiempo_actual_tick
    drv_tiempo.o(i.drv_tiempo_esperar_ms) refers to lludiv.o(.text) for __aeabi_uldivmod
    drv_tiempo.o(i.drv_tiempo_esperar_ms) refers to drv_tiempo.o(.data) for .data
    drv_tiempo.o(i.drv_tiempo_iniciar) refers to hal_tiempo_lpc.o(i.hal_tiempo_iniciar_tick) for hal_tiempo_iniciar_tick
    drv_tiempo.o(i.drv_tiempo_iniciar) refers to drv_tiempo.o(.data) for .data
    drv_tiempo.o(i.drv_tiempo_periodico_ms) refers to hal_tiempo_lpc.o(i.hal_tiempo_reloj_periodico_tick) for hal_tiempo_reloj_periodico_tick
    drv_tiempo.o(i.drv_tiempo_periodico_ms) refers to drv_tiempo.o(.data) for .data
    drv_tiempo.o(i.drv_tiempo_periodico_ms) refers to drv_tiempo.o(i.funcionQueLlama) for funcionQueLlama
    drv_tiempo.o(i.funcionQueLlama) refers to drv_tiempo.o(i.drv_tiempo_actual_ms) for drv_tiempo_actual_ms
[...]
    rt_ge.o(i.rt_GE_lanzador) refers to rt_ge.o(.bss) for .bss
    rt_ge.o(i.rt_GE_lanzador) refers to rt_ge.o(.data) for .data
    rt_ge.o(i.rt_GE_tratar) refers to drv_consumo.o(i.drv_consumo_dormir) for drv_consumo_dormir
    rt_ge.o(i.rt_GE_tratar) refers to svc_alarma.o(i.svc_alarma_codificar) for svc_alarma_codificar
    rt_ge.o(i.rt_GE_tratar) refers to svc_alarma.o(i.svc_alarma_activar) for svc_alarma_activar
    rt_ge.o(i.svc_GE_cancelar) refers to rt_ge.o(.data) for .data
    rt_ge.o(i.svc_GE_cancelar) refers to rt_ge.o(.bss) for .bss
    rt_ge.o(i.svc_GE_suscribir) refers to drv_monitor.o(i.drv_monitor_marcar) for drv_monitor_marcar
    rt_ge.o(i.svc_GE_suscribir) refers to rt_ge.o(.data) for .data
    rt_ge.o(i.svc_GE_suscribir) refers to rt_ge.o(.bss) for .bss
    svc_alarma.o(i.rellenarAlarma) refers to drv_tiempo.o(i.drv_tiempo_actual_ms) for drv_tiempo_actual_ms
    svc_alarma.o(i.rellenarAlarma) refers to svc_alarma.o(.bss) for .bss
    svc_alarma.o(i.svc_alarma_activar) refers to drv_tiempo.o(i.drv_tiempo_actual_ms) for drv_tiempo_actual_ms
    svc_alarma.o(i.svc_alarma_activar) refers to drv_monitor.o(i.drv_monitor_marcar) for drv_monitor_marcar
    svc_alarma.o(i.svc_alarma_activar) refers to svc_alarma.o(.bss) for .bss
    svc_alarma.o(i.svc_alarma_activar) refers to svc_alarma.o(.data) for .data
    svc_alarma.o(i.svc_alarma_iniciar) refers to rt_ge.o(i.svc_GE_suscribir) for svc_GE_suscribir
    svc_alarma.o(i.svc_alarma_iniciar) refers to drv_tiempo.o(i.drv_tiempo_periodico_ms) for drv_tiempo_periodico_ms
    svc_alarma.o(i.svc_alarma_iniciar) refers to svc_alarma.o(.data) for .data
    svc_alarma.o(i.svc_alarma_iniciar) refers to svc_alarma.o(.bss) for .bss
    svc_alarma.o(i.svc_alarma_iniciar) refers to svc_alarma.o(i.svc_alarma_tratar) for svc_alarma_tratar
    svc_alarma.o(i.svc_alarma_tratar) refers to drv_tiempo.o(i.drv_tiempo_actual_ms) for drv_tiempo_actual_ms
    svc_alarma.o(i.svc_alarma_tratar) refers to svc_alarma.o(.data) for .data
    svc_alarma.o(i.svc_alarma_tratar) refers to svc_alarma.o(.bss) for .bss
    svc_alarma.o(i.svc_alarmas_estadisticas) refers to svc_alarma.o(.data) for .data
    simon.o(i.simon_aviso_fail) refers to drv_leds.o(i.drv_led_apagar) for drv_led_apagar
    simon.o(i.simon_aviso_fail) refers to drv_leds.o(i.drv_led_encender) for drv_led_encender
    simon.o(i.simon_aviso_fin) refers to drv_leds.o(i.drv_led_encender) for drv_led_encender
    simon.o(i.simon_aviso_fin) refers to simon.o(.data) for .data
    simon.o(i.simon_aviso_inicio) refers to svc_alarma.o(i.svc_alarma_codificar) for svc_alarma_codificar
    simon.o(i.simon_aviso_inicio) refers to svc_alarma.o(i.svc_alarma_activar) for svc_alarma_activar
    simon.o(i.simon_aviso_inicio) refers to drv_leds.o(i.drv_led_apagar) for drv_led_apagar
    simon.o(i.simon_aviso_inicio) refers to drv_leds.o(i.drv_led_encender) for drv_led_encender
    simon.o(i.simon_aviso_succes) refers to drv_leds.o(i.drv_led_apagar) for drv_led_apagar
    simon.o(i.simon_aviso_succes) refers to drv_leds.o(i.drv_led_encender) for drv_led_encender
    simon.o(i.simon_aviso_succes) refers to simon.o(.data) for .data
    simon.o(i.simon_iniciar) refers to drv_leds.o(i.drv_led_encender) for drv_led_encender
    simon.o(i.simon_iniciar) refers to hal_wdt_lpc.o(i.hal_WDT_iniciar) for hal_WDT_iniciar
    simon.o(i.simon_iniciar) refers to hal_random_lpc.o(i.hal_random_iniciar) for hal_random_iniciar
    simon.o(i.simon_iniciar) refers to rt_ge.o(i.svc_GE_suscribir) for svc_GE_suscribir
    simon.o(i.simon_iniciar) refers to svc_alarma.o(i.svc_alarma_codificar) for svc_alarma_codificar
    simon.o(i.simon_iniciar) refers to svc_alarma.o(i.svc_alarma_activar) for svc_alarma_activar
    simon.o(i.simon_iniciar) refers to rt_ge.o(i.rt_GE_lanzador) for rt_GE_lanzador
    simon.o(i.simon_iniciar) refers to simon.o(.data) for .data
    simon.o(i.simon_iniciar) refers to simon.o(i.simon_tratar) for simon_tratar
    simon.o(i.simon_selector_dificultad) refers to simon.o(.data) for .data
    simon.o(i.simon_tratar) refers to drv_leds.o(i.drv_led_encender) for drv_led_encender
    simon.o(i.simon_tratar) refers to svc_alarma.o(i.svc_alarma_codificar) for svc_alarma_codificar
    simon.o(i.simon_tratar) refers to svc_alarma.o(i.svc_alarma_activar) for svc_alarma_activar
    simon.o(i.simon_tratar) refers to drv_leds.o(i.drv_led_apagar) for drv_led_apagar
    simon.o(i.simon_tratar) refers to hal_random_lpc.o(i.hal_random_generar) for hal_random_generar
    simon.o(i.simon_tratar) refers to simon.o(.data) for .data
    simon.o(i.simon_tratar) refers to simon.o(.bss) for .bss
    test.o(i.TestAlarmaGestorEvento) refers to rt_ge.o(i.svc_GE_suscribir) for svc_GE_suscribir
    test.o(i.TestAlarmaGestorEvento) refers to svc_alarma.o(i.svc_alarma_codificar) for svc_alarma_codificar
    test.o(i.TestAlarmaGestorEvento) refers to svc_alarma.o(i.svc_alarma_activar) for svc_alarma_activar
    test.o(i.TestAlarmaGestorEvento) refers to rt_ge.o(i.rt_GE_lanzador) for rt_GE_lanzador
    test.o(i.TestAlarmaGestorEvento) refers to test.o(i.leds_c) for leds_c
    test.o(i.TestAlarmaGestorEvento) refers to test.o(i.leds_encenderTodos) for leds_encenderTodos
    test.o(i.TestBotones) refers to rt_ge.o(i.svc_GE_suscribir) for svc_GE_suscribir
    test.o(i.TestBotones) refers to rt_ge.o(i.rt_GE_lanzador) for rt_GE_lanzador
    test.o(i.TestBotones) refers to test.o(i.leds_c) for leds_c
    test.o(i.TestBotones) refers to test.o(i.leds_encenderTodos) for leds_encenderTodos
    test.o(i.TestOverflowAlarmas) refers to svc_alarma.o(i.svc_alarma_codificar) for svc_alarma_codificar
    test.o(i.TestOverflowAlarmas) refers to svc_alarma.o(i.svc_alarma_activar) for svc_alarma_activar
    test.o(i.TestOverflowGE) refers to rt_ge.o(i.svc_GE_suscribir) for svc_GE_suscribir
    test.o(i.TestOverflowGE) refers to test.o(i.leds_c) for leds_c
    test.o(i.TestWatchdog) refers to hal_wdt_lpc.o(i.hal_WDT_iniciar) for hal_WDT_iniciar
    test.o(i.TestWatchdog) refers to rt_ge.o(i.svc_GE_suscribir) for svc_GE_suscribir
    test.o(i.TestWatchdog) refers to rt_ge.o(i.rt_GE_lanzador) for rt_GE_lanzador
    test.o(i.TestWatchdog) refers to test.o(i.leds_encenderTodos) for leds_encenderTodos
    test.o(i.leds_apagarTodos) refers to rt_ge.o(i.svc_GE_suscribir) for svc_GE_suscribir
    test.o(i.leds_apagarTodos) refers to drv_leds.o(i.drv_led_apagar) for drv_led_apagar
    test.o(i.leds_apagarTodos) refers to rt_ge.o(i.svc_GE_cancelar) for svc_GE_cancelar
    test.o(i.leds_apagarTodos) refers to test.o(i.leds_encenderTodos) for leds_encenderTodos
    test.o(i.leds_c) refers to drv_leds.o(i.drv_led_conmutar) for drv_led_conmutar
    test.o(i.leds_encenderTodos) refers to rt_ge.o(i.svc_GE_suscribir) for svc_GE_suscribir
    test.o(i.leds_encenderTodos) refers to drv_leds.o(i.drv_led_encender) for drv_led_encender
    test.o(i.leds_encenderTodos) refers to rt_ge.o(i.svc_GE_cancelar) for svc_GE_cancelar
    test.o(i.leds_encenderTodos) refers to test.o(i.leds_apagarTodos) for leds_apagarTodos
    hal_tiempo_lpc.o(i.hal_tiempo_actual_tick) refers to hal_tiempo_lpc.o(.data) for .data
    hal_tiempo_lpc.o(i.hal_tiempo_iniciar_tick) refers to hal_tiempo_lpc.o(.data) for .data
    hal_tiempo_lpc.o(i.hal_tiempo_iniciar_tick) refers to hal_tiempo_lpc.o(i.timer0_ISR) for timer0_ISR
    hal_tiempo_lpc.o(i.hal_tiempo_reloj_periodico_tick) refers to hal_tiempo_lpc.o(.data) for .data
    hal_tiempo_lpc.o(i.hal_tiempo_reloj_periodico_tick) refers to hal_tiempo_lpc.o(i.timer1_ISR) for timer1_ISR
    hal_tiempo_lpc.o(i.timer0_ISR) refers to hal_tiempo_lpc.o(.data) for .data
    hal_tiempo_lpc.o(i.timer1_ISR) refers to hal_tiempo_lpc.o(.data) for .data
    hal_consumo_lpc.o(i.hal_consumo_dormir) refers to startup.o(RESET) for Reset_Handler
    hal_ext_int_lpc.o(i.eint0_ISR) refers to hal_ext_int_lpc.o(.data) for .data
    hal_ext_int_lpc.o(i.eint0_init) refers to hal_ext_int_lpc.o(i.eint0_ISR) for eint0_ISR
    hal_ext_int_lpc.o(i.eint1_ISR) refers to hal_ext_int_lpc.o(.data) for .data
    hal_ext_int_lpc.o(i.eint1_init) refers to hal_ext_int_lpc.o(i.eint1_ISR) for eint1_ISR
    hal_ext_int_lpc.o(i.eint2_ISR) refers to hal_ext_int_lpc.o(.data) for .data
    hal_ext_int_lpc.o(i.eint2_init) refers to hal_ext_int_lpc.o(i.eint2_ISR) for eint2_ISR
    hal_ext_int_lpc.o(i.hal_ext_int_iniciar) refers to hal_ext_int_lpc.o(.data) for .data
    hal_ext_int_lpc.o(i.hal_ext_int_iniciar_boton) refers to hal_ext_int_lpc.o(i.eint0_ISR) for eint0_ISR
    hal_ext_int_lpc.o(i.hal_ext_int_iniciar_boton) refers to hal_ext_int_lpc.o(i.eint1_ISR) for eint1_ISR
    hal_ext_int_lpc.o(i.hal_ext_int_iniciar_boton) refers to hal_ext_int_lpc.o(i.eint2_ISR) for eint2_ISR
    hal_wdt_lpc.o(i.hal_WDT_feed) refers to hal_sc_lpc.o(i.SC_entrar_disable_irq) for SC_entrar_disable_irq
    hal_wdt_lpc.o(i.hal_WDT_feed) refers to hal_sc_lpc.o(i.SC_salir_enable_irq) for SC_salir_enable_irq
    hal_wdt_lpc.o(i.hal_WDT_iniciar) refers to hal_sc_lpc.o(i.SC_entrar_disable_irq) for SC_entrar_disable_irq
    hal_wdt_lpc.o(i.hal_WDT_iniciar) refers to hal_sc_lpc.o(i.SC_salir_enable_irq) for SC_salir_enable_irq
    hal_sc_lpc.o(i.SC_entrar_disable_irq) refers to hal_sc_lpc.o(.data) for .data
    hal_sc_lpc.o(i.SC_salir_enable_irq) refers to hal_sc_lpc.o(.data) for .data
    hal_random_lpc.o(i.hal_random_generar) refers to rand.o(.emb_text) for rand
    hal_random_lpc.o(i.hal_random_generar) refers to aeabi_sdivfast.o(.text_udiv) for __aeabi_uidivmod
    hal_random_lpc.o(i.hal_random_iniciar) refers to rand.o(.text) for srand
    rand.o(.emb_text) refers (Special) to libinit2.o(.ARM.Collect$$libinit$$0000000D) for __rt_lib_init_rand_2
    rand.o(.emb_text) refers to rand.o(.text) for _rand_init
    rand.o(.emb_text) refers to rand.o(.bss) for _random_number_data
    rand.o(.text) refers (Special) to libinit2.o(.ARM.Collect$$libinit$$0000000D) for __rt_lib_init_rand_2
    rand.o(.text) refers to rand.o(.bss) for .bss
    rand.o(.bss) refers (Special) to libinit2.o(.ARM.Collect$$libinit$$0000000D) for __rt_lib_init_rand_2
    aeabi_sdivfast.o(.text_udiv) refers to aeabi_sdivfast.o(.text) for __arm_div2
    aeabi_sdivfast_div0.o(.text_udiv) refers to aeabi_sdivfast_div0.o(.text) for __arm_div2
    __main.o(!!!main) refers to __rtentry.o(.ARM.Collect$$rtentry$$00000000) for __rt_entry
    __rtentry.o(.ARM.Collect$$rtentry$$00000000) refers (Special) to __rtentry2.o(.ARM.Collect$$rtentry$$0000000A) for __rt_entry_li
    __rtentry.o(.ARM.Collect$$rtentry$$00000000) refers (Special) to __rtentry2.o(.ARM.Collect$$rtentry$$0000000D) for __rt_entry_main
    __rtentry.o(.ARM.Collect$$rtentry$$00000000) refers (Special) to __rtentry2.o(.ARM.Collect$$rtentry$$0000000C) for __rt_entry_postli_1
    __rtentry.o(.ARM.Collect$$rtentry$$00000000) refers (Special) to __rtentry2.o(.ARM.Collect$$rtentry$$00000009) for __rt_entry_postsh_1
    __rtentry.o(.ARM.Collect$$rtentry$$00000000) refers (Special) to __rtentry2.o(.ARM.Collect$$rtentry$$00000002) for __rt_entry_presh_1
    __rtentry.o(.ARM.Collect$$rtentry$$00000000) refers (Special) to __rtentry4.o(.ARM.Collect$$rtentry$$00000004) for __rt_entry_sh
    aeabi_idiv0_sigfpe.o(.text) refers to rt_div0.o(.text) for __rt_div0
    aeabi_ldiv0_sigfpe.o(.text) refers to rt_div0.o(.text) for __rt_div0
    libinit2.o(.ARM.Collect$$libinit$$00000001) refers to fpinit.o(x$fpl$fpinit) for _fp_init
    libinit2.o(.ARM.Collect$$libinit$$0000000D) refers (Weak) to rand.o(.text) for _rand_init
    libinit2.o(.ARM.Collect$$libinit$$00000010) refers to libinit2.o(.ARM.Collect$$libinit$$0000000F) for .ARM.Collect$$libinit$$0000000F
    libinit2.o(.ARM.Collect$$libinit$$00000012) refers to libinit2.o(.ARM.Collect$$libinit$$0000000F) for .ARM.Collect$$libinit$$0000000F
    libinit2.o(.ARM.Collect$$libinit$$00000014) refers to libinit2.o(.ARM.Collect$$libinit$$0000000F) for .ARM.Collect$$libinit$$0000000F
    libinit2.o(.ARM.Collect$$libinit$$00000016) refers to libinit2.o(.ARM.Collect$$libinit$$0000000F) for .ARM.Collect$$libinit$$0000000F
    libinit2.o(.ARM.Collect$$libinit$$00000018) refers to libinit2.o(.ARM.Collect$$libinit$$0000000F) for .ARM.Collect$$libinit$$0000000F
    libinit2.o(.ARM.Collect$$libinit$$00000026) refers to argv_veneer.o(.emb_text) for __ARM_argv_veneer
    libinit2.o(.ARM.Collect$$libinit$$00000027) refers to argv_veneer.o(.emb_text) for __ARM_argv_veneer
    __rtentry2.o(.ARM.Collect$$rtentry$$00000008) refers to boardinit2.o(.text) for _platform_post_stackheap_init
    __rtentry2.o(.ARM.Collect$$rtentry$$0000000A) refers to libinit.o(.ARM.Collect$$libinit$$00000000) for __rt_lib_init
    __rtentry2.o(.ARM.Collect$$rtentry$$0000000B) refers to boardinit3.o(.text) for _platform_post_lib_init
    __rtentry2.o(.ARM.Collect$$rtentry$$0000000D) refers to exit.o(.text) for exit
    __rtentry2.o(.ARM.Collect$$rtentry$$0000000D) refers to main.o(i.main) for main
    __rtentry2.o(.ARM.exidx) refers to __rtentry2.o(.ARM.Collect$$rtentry$$00000001) for .ARM.Collect$$rtentry$$00000001
    __rtentry2.o(.ARM.exidx) refers to __rtentry2.o(.ARM.Collect$$rtentry$$00000008) for .ARM.Collect$$rtentry$$00000008
    __rtentry2.o(.ARM.exidx) refers to __rtentry2.o(.ARM.Collect$$rtentry$$0000000A) for .ARM.Collect$$rtentry$$0000000A
    __rtentry2.o(.ARM.exidx) refers to __rtentry2.o(.ARM.Collect$$rtentry$$0000000B) for .ARM.Collect$$rtentry$$0000000B
    __rtentry2.o(.ARM.exidx) refers to __rtentry2.o(.ARM.Collect$$rtentry$$0000000D) for .ARM.Collect$$rtentry$$0000000D
    __rtentry4.o(.ARM.Collect$$rtentry$$00000004) refers to sys_stackheap_outer.o(.text) for __user_setup_stackheap
    __rtentry4.o(.ARM.exidx) refers to __rtentry4.o(.ARM.Collect$$rtentry$$00000004) for .ARM.Collect$$rtentry$$00000004
    rt_div0.o(.text) refers to defsig_fpe_outer.o(.text) for __rt_SIGFPE
    argv_veneer.o(.emb_text) refers to no_argv.o(.text) for __ARM_get_argv
    sys_stackheap_outer.o(.text) refers to libspace.o(.text) for __user_perproc_libspace
    sys_stackheap_outer.o(.text) refers to startup.o(.text) for __user_initial_stackheap
    exit.o(.text) refers to rtexit.o(.ARM.Collect$$rtexit$$00000000) for __rt_exit
    defsig_fpe_outer.o(.text) refers to defsig_fpe_inner.o(.text) for __rt_SIGFPE_inner
    defsig_fpe_outer.o(.text) refers to defsig_exit.o(.text) for __sig_exit
    defsig_fpe_formal.o(.text) refers to rt_raise.o(.text) for __rt_raise
    _get_argv_nomalloc.o(.text) refers (Special) to hrguard.o(.text) for __heap_region$guard
    _get_argv_nomalloc.o(.text) refers to defsig_rtmem_outer.o(.text) for __rt_SIGRTMEM
    _get_argv_nomalloc.o(.text) refers to sys_command.o(.text) for _sys_command_string
    libinit.o(.ARM.Collect$$libinit$$00000000) refers (Special) to libinit2.o(.ARM.Collect$$libinit$$0000002E) for __rt_lib_init_alloca_1
    libinit.o(.ARM.Collect$$libinit$$00000000) refers (Special) to libinit2.o(.ARM.Collect$$libinit$$0000002C) for __rt_lib_init_argv_1
    libinit.o(.ARM.Collect$$libinit$$00000000) refers (Special) to libinit2.o(.ARM.Collect$$libinit$$0000001B) for __rt_lib_init_atexit_1
    libinit.o(.ARM.Collect$$libinit$$00000000) refers (Special) to libinit2.o(.ARM.Collect$$libinit$$00000021) for __rt_lib_init_clock_1
    libinit.o(.ARM.Collect$$libinit$$00000000) refers (Special) to libinit2.o(.ARM.Collect$$libinit$$00000032) for __rt_lib_init_cpp_1
    libinit.o(.ARM.Collect$$libinit$$00000000) refers (Special) to libinit2.o(.ARM.Collect$$libinit$$00000030) for __rt_lib_init_exceptions_1
    libinit.o(.ARM.Collect$$libinit$$00000000) refers (Special) to libinit2.o(.ARM.Collect$$libinit$$00000002) for __rt_lib_init_fp_1
    libinit.o(.ARM.Collect$$libinit$$00000000) refers (Special) to libinit2.o(.ARM.Collect$$libinit$$0000001F) for __rt_lib_init_fp_trap_1
    libinit.o(.ARM.Collect$$libinit$$00000000) refers (Special) to libinit2.o(.ARM.Collect$$libinit$$00000023) for __rt_lib_init_getenv_1
    libinit.o(.ARM.Collect$$libinit$$00000000) refers (Special) to libinit2.o(.ARM.Collect$$libinit$$0000000A) for __rt_lib_init_heap_1
    libinit.o(.ARM.Collect$$libinit$$00000000) refers (Special) to libinit2.o(.ARM.Collect$$libinit$$00000011) for __rt_lib_init_lc_collate_1
    libinit.o(.ARM.Collect$$libinit$$00000000) refers (Special) to libinit2.o(.ARM.Collect$$libinit$$00000013) for __rt_lib_init_lc_ctype_1
    libinit.o(.ARM.Collect$$libinit$$00000000) refers (Special) to libinit2.o(.ARM.Collect$$libinit$$00000015) for __rt_lib_init_lc_monetary_1
    libinit.o(.ARM.Collect$$libinit$$00000000) refers (Special) to libinit2.o(.ARM.Collect$$libinit$$00000017) for __rt_lib_init_lc_numeric_1
    libinit.o(.ARM.Collect$$libinit$$00000000) refers (Special) to libinit2.o(.ARM.Collect$$libinit$$00000019) for __rt_lib_init_lc_time_1
    libinit.o(.ARM.Collect$$libinit$$00000000) refers (Special) to libinit2.o(.ARM.Collect$$libinit$$00000004) for __rt_lib_init_preinit_1
    libinit.o(.ARM.Collect$$libinit$$00000000) refers (Special) to libinit2.o(.ARM.Collect$$libinit$$0000000E) for __rt_lib_init_rand_1
    libinit.o(.ARM.Collect$$libinit$$00000000) refers (Special) to libinit2.o(.ARM.Collect$$libinit$$00000033) for __rt_lib_init_return
    libinit.o(.ARM.Collect$$libinit$$00000000) refers (Special) to libinit2.o(.ARM.Collect$$libinit$$0000001D) for __rt_lib_init_signal_1
    libinit.o(.ARM.Collect$$libinit$$00000000) refers (Special) to libinit2.o(.ARM.Collect$$libinit$$00000025) for __rt_lib_init_stdio_1
    libinit.o(.ARM.Collect$$libinit$$00000000) refers (Special) to libinit2.o(.ARM.Collect$$libinit$$0000000C) for __rt_lib_init_user_alloc_1
    sys_command.o(.text) refers (Special) to use_no_semi.o(.text) for __I$use$semihosting
    sys_command.o(.text) refers (Special) to indicate_semi.o(.text) for __semihosting_library_function
    libspace.o(.text) refers to libspace.o(.bss) for __libspace_start
    rtexit.o(.ARM.Collect$$rtexit$$00000000) refers (Special) to rtexit2.o(.ARM.Collect$$rtexit$$00000004) for __rt_exit_exit
    rtexit.o(.ARM.Collect$$rtexit$$00000000) refers (Special) to rtexit2.o(.ARM.Collect$$rtexit$$00000003) for __rt_exit_ls
    rtexit.o(.ARM.Collect$$rtexit$$00000000) refers (Special) to rtexit2.o(.ARM.Collect$$rtexit$$00000002) for __rt_exit_prels_1
    rtexit.o(.ARM.exidx) refers (Special) to rtexit2.o(.ARM.Collect$$rtexit$$00000004) for __rt_exit_exit
    rtexit.o(.ARM.exidx) refers (Special) to rtexit2.o(.ARM.Collect$$rtexit$$00000003) for __rt_exit_ls
    rtexit.o(.ARM.exidx) refers (Special) to rtexit2.o(.ARM.Collect$$rtexit$$00000002) for __rt_exit_prels_1
    rtexit.o(.ARM.exidx) refers to rtexit.o(.ARM.Collect$$rtexit$$00000000) for .ARM.Collect$$rtexit$$00000000
    rt_raise.o(.text) refers to __raise.o(.text) for __raise
    rt_raise.o(.text) refers to sys_exit.o(.text) for _sys_exit
    defsig_exit.o(.text) refers to sys_exit.o(.text) for _sys_exit
    defsig_fpe_inner.o(.text) refers to defsig_general.o(.text) for __default_signal_display
    defsig_rtmem_outer.o(.text) refers to defsig_rtmem_inner.o(.text) for __rt_SIGRTMEM_inner
    defsig_rtmem_outer.o(.text) refers to defsig_exit.o(.text) for __sig_exit
    defsig_rtmem_formal.o(.text) refers to rt_raise.o(.text) for __rt_raise
    sys_exit.o(.text) refers (Special) to use_no_semi.o(.text) for __I$use$semihosting
    sys_exit.o(.text) refers (Special) to indicate_semi.o(.text) for __semihosting_library_function
    rtexit2.o(.ARM.Collect$$rtexit$$00000003) refers to libshutdown.o(.ARM.Collect$$libshutdown$$00000000) for __rt_lib_shutdown
    rtexit2.o(.ARM.Collect$$rtexit$$00000004) refers to sys_exit.o(.text) for _sys_exit
    rtexit2.o(.ARM.exidx) refers to rtexit2.o(.ARM.Collect$$rtexit$$00000001) for .ARM.Collect$$rtexit$$00000001
    rtexit2.o(.ARM.exidx) refers to rtexit2.o(.ARM.Collect$$rtexit$$00000003) for .ARM.Collect$$rtexit$$00000003
    rtexit2.o(.ARM.exidx) refers to rtexit2.o(.ARM.Collect$$rtexit$$00000004) for .ARM.Collect$$rtexit$$00000004
    __raise.o(.text) refers to __raise.o(i.__ARM_common_call_via_r2) for __ARM_common_call_via_r2
    __raise.o(.text) refers to defsig.o(CL$$defsig) for __default_signal_handler
    defsig_general.o(.text) refers to sys_wrch.o(.text) for _ttywrch
    defsig_rtmem_inner.o(.text) refers to defsig_general.o(.text) for __default_signal_display
    sys_wrch.o(.text) refers (Special) to use_no_semi.o(.text) for __I$use$semihosting
    sys_wrch.o(.text) refers (Special) to indicate_semi.o(.text) for __semihosting_library_function
    defsig.o(CL$$defsig) refers to defsig_fpe_inner.o(.text) for __rt_SIGFPE_inner
    defsig.o(CL$$defsig) refers to defsig_rtmem_inner.o(.text) for __rt_SIGRTMEM_inner
    libshutdown.o(.ARM.Collect$$libshutdown$$00000000) refers (Special) to libshutdown2.o(.ARM.Collect$$libshutdown$$00000002) for __rt_lib_shutdown_cpp_1
    libshutdown.o(.ARM.Collect$$libshutdown$$00000000) refers (Special) to libshutdown2.o(.ARM.Collect$$libshutdown$$00000007) for __rt_lib_shutdown_fp_trap_1
    libshutdown.o(.ARM.Collect$$libshutdown$$00000000) refers (Special) to libshutdown2.o(.ARM.Collect$$libshutdown$$0000000F) for __rt_lib_shutdown_heap_1
    libshutdown.o(.ARM.Collect$$libshutdown$$00000000) refers (Special) to libshutdown2.o(.ARM.Collect$$libshutdown$$00000010) for __rt_lib_shutdown_return
    libshutdown.o(.ARM.Collect$$libshutdown$$00000000) refers (Special) to libshutdown2.o(.ARM.Collect$$libshutdown$$0000000A) for __rt_lib_shutdown_signal_1
    libshutdown.o(.ARM.Collect$$libshutdown$$00000000) refers (Special) to libshutdown2.o(.ARM.Collect$$libshutdown$$00000004) for __rt_lib_shutdown_stdio_1
    libshutdown.o(.ARM.Collect$$libshutdown$$00000000) refers (Special) to libshutdown2.o(.ARM.Collect$$libshutdown$$0000000C) for __rt_lib_shutdown_user_alloc_1
    defsig_abrt_inner.o(.text) refers to defsig_general.o(.text) for __default_signal_display
    defsig_rtred_inner.o(.text) refers to defsig_general.o(.text) for __default_signal_display
    defsig_stak_inner.o(.text) refers to defsig_general.o(.text) for __default_signal_display
    defsig_pvfn_inner.o(.text) refers to defsig_general.o(.text) for __default_signal_display
    defsig_cppl_inner.o(.text) refers to defsig_general.o(.text) for __default_signal_display
    defsig_segv_inner.o(.text) refers to defsig_general.o(.text) for __default_signal_display
    defsig_other.o(.text) refers to defsig_general.o(.text) for __default_signal_display


==============================================================================

Removing Unused input sections from the image.

    Removing drv_leds.o(i.drv_led_conmutar), (52 bytes).
    Removing drv_tiempo.o(i.drv_tiempo_esperar_hasta_ms), (60 bytes).
    Removing drv_tiempo.o(i.drv_tiempo_esperar_ms), (72 bytes).
    Removing drv_botones.o(i.comprobar_botones_pulsados), (60 bytes).
    Removing drv_monitor.o(i.drv_monitor_conmutar), (52 bytes).
    Removing rt_fifo.o(i.rt_FIFO_estadisticas), (92 bytes).
    Removing rt_fifo.o(i.rt_FIFO_eventos_encolados), (16 bytes).
    Removing rt_fifo.o(i.rt_FIFO_num_eventos_sinProcesar), (16 bytes).
    Removing rt_ge.o(i.rt_GE_estadisticas), (136 bytes).
    Removing rt_ge.o(i.svc_GE_cancelar), (196 bytes).
    Removing svc_alarma.o(i.rellenarAlarma), (84 bytes).
    Removing svc_alarma.o(i.svc_alarmas_estadisticas), (16 bytes).
    Removing simon.o(i.simon_aviso_fail), (40 bytes).
    Removing simon.o(i.simon_aviso_fin), (44 bytes).
    Removing simon.o(i.simon_aviso_inicio), (216 bytes).
    Removing simon.o(i.simon_aviso_succes), (56 bytes).
    Removing simon.o(i.simon_selector_dificultad), (56 bytes).
    Removing test.o(i.TestAlarmaGestorEvento), (68 bytes).
    Removing test.o(i.TestBotones), (44 bytes).
    Removing test.o(i.TestOverflowAlarmas), (128 bytes).
    Removing test.o(i.TestOverflowGE), (72 bytes).
    Removing test.o(i.TestWatchdog), (36 bytes).
    Removing test.o(i.leds_apagarTodos), (48 bytes).
    Removing test.o(i.leds_c), (4 bytes).
    Removing test.o(i.leds_encenderTodos), (48 bytes).
    Removing hal_gpio_lpc.o(i.hal_gpio_escribir_n), (52 bytes).
    Removing hal_gpio_lpc.o(i.hal_gpio_leer), (32 bytes).
    Removing hal_gpio_lpc.o(i.hal_gpio_leer_n), (36 bytes).
    Removing hal_gpio_lpc.o(i.hal_gpio_sentido_n), (64 bytes).
    Removing hal_ext_int_lpc.o(i.eint0_init), (104 bytes).
    Removing hal_ext_int_lpc.o(i.eint1_init), (104 bytes).
    Removing hal_ext_int_lpc.o(i.eint2_init), (124 bytes).
    Removing hal_ext_int_lpc.o(i.hal_ext_int_deshabilitar), (32 bytes).
    Removing hal_ext_int_lpc.o(i.hal_ext_int_deshabilitar_despertar), (32 bytes).
    Removing hal_ext_int_lpc.o(i.hal_ext_int_habilitar_despertar), (56 bytes).

35 unused section(s) (total 2348 bytes) removed from the image.

==============================================================================

Adding Veneers to the image

    Adding AT veneer (8 bytes, Inline) for call to '__rt_lib_init' from __rtentry2.o(.ARM.Collect$$rtentry$$0000000A).
    Adding AT veneer (8 bytes, Inline) for call to '__rt_lib_shutdown' from rtexit2.o(.ARM.Collect$$rtexit$$00000003).
    Adding TA veneer (4 bytes, Inline) for call to '__rt_exit' from exit.o(.text).
    Adding AT veneer (8 bytes, Inline) for call to 'rand' from hal_random_lpc.o(i.hal_random_generar).
    Adding AT veneer (8 bytes, Inline) for call to 'srand' from hal_random_lpc.o(i.hal_random_iniciar).
    Adding AT veneer (8 bytes, Inline) for call to '_sys_exit' from rtexit2.o(.ARM.Collect$$rtexit$$00000004).

6 Veneer(s) (total 44 bytes) added to the image.

==============================================================================

Image Symbol Table

    Local Symbols

    Symbol Name                              Value     Ov Type        Size  Object(Section)

    RESET                                    0x00000000   Section      272  startup.o(RESET)
    ../clib/angel/boardlib.s                 0x00000000   Number         0  boardshut.o ABSOLUTE
    ../clib/angel/boardlib.s                 0x00000000   Number         0  boardinit1.o ABSOLUTE
    ../clib/angel/boardlib.s                 0x00000000   Number         0  boardinit2.o ABSOLUTE
    ../clib/angel/boardlib.s                 0x00000000   Number         0  boardinit3.o ABSOLUTE
    ../clib/angel/handlers.s                 0x00000000   Number         0  __scatter_copy.o ABSOLUTE
    ../clib/angel/handlers.s                 0x00000000   Number         0  __scatter_zi.o ABSOLUTE
    ../clib/angel/kernel.s                   0x00000000   Number         0  __rtentry4.o ABSOLUTE
    ../clib/angel/kernel.s                   0x00000000   Number         0  rtexit2.o ABSOLUTE
    ../clib/angel/kernel.s                   0x00000000   Number         0  __rtentry2.o ABSOLUTE
    ../clib/angel/kernel.s                   0x00000000   Number         0  __rtentry.o ABSOLUTE
    ../clib/angel/kernel.s                   0x00000000   Number         0  rtexit.o ABSOLUTE
    ../clib/angel/rt.s                       0x00000000   Number         0  aeabi_idiv0.o ABSOLUTE
    ../clib/angel/rt.s                       0x00000000   Number         0  aeabi_idiv0_sigfpe.o ABSOLUTE
    ../clib/angel/rt.s                       0x00000000   Number         0  aeabi_ldiv0.o ABSOLUTE
    ../clib/angel/rt.s                       0x00000000   Number         0  rt_div0.o ABSOLUTE
    ../clib/angel/rt.s                       0x00000000   Number         0  aeabi_ldiv0_sigfpe.o ABSOLUTE
    ../clib/angel/rt.s                       0x00000000   Number         0  rt_raise.o ABSOLUTE
    ../clib/angel/scatter.s                  0x00000000   Number         0  __scatter.o ABSOLUTE
    ../clib/angel/startup.s                  0x00000000   Number         0  __main.o ABSOLUTE
    ../clib/angel/sys.s                      0x00000000   Number         0  libspace.o ABSOLUTE
    ../clib/angel/sys.s                      0x00000000   Number         0  indicate_semi.o ABSOLUTE
    ../clib/angel/sys.s                      0x00000000   Number         0  sys_stackheap_outer.o ABSOLUTE
    ../clib/angel/sys.s                      0x00000000   Number         0  use_no_semi.o ABSOLUTE
    ../clib/angel/sysapp.c                   0x00000000   Number         0  sys_wrch.o ABSOLUTE
    ../clib/angel/sysapp.c                   0x00000000   Number         0  sys_command.o ABSOLUTE
    ../clib/angel/sysapp.c                   0x00000000   Number         0  sys_exit.o ABSOLUTE
    ../clib/armsys.c                         0x00000000   Number         0  _get_argv_nomalloc.o ABSOLUTE
    ../clib/armsys.c                         0x00000000   Number         0  argv_veneer.o ABSOLUTE
    ../clib/armsys.c                         0x00000000   Number         0  no_argv.o ABSOLUTE
    ../clib/armsys.c                         0x00000000   Number         0  argv_veneer.o ABSOLUTE
    ../clib/division.s                       0x00000000   Number         0  aeabi_sdivfast_div0.o ABSOLUTE
    ../clib/division.s                       0x00000000   Number         0  aeabi_sdivfast.o ABSOLUTE
    ../clib/divrt.s                          0x00000000   Number         0  divrt_7tdmi.o ABSOLUTE
    ../clib/divrt.s                          0x00000000   Number         0  divrt_7tdmi_div0.o ABSOLUTE
    ../clib/heapalloc.c                      0x00000000   Number         0  hrguard.o ABSOLUTE
    ../clib/heapaux.c                        0x00000000   Number         0  heapauxi.o ABSOLUTE
    ../clib/libinit.s                        0x00000000   Number         0  libinit2.o ABSOLUTE
    ../clib/libinit.s                        0x00000000   Number         0  libshutdown2.o ABSOLUTE
    ../clib/libinit.s                        0x00000000   Number         0  libshutdown.o ABSOLUTE
    ../clib/libinit.s                        0x00000000   Number         0  libinit.o ABSOLUTE
    ../clib/longlong.s                       0x00000000   Number         0  lludiv.o ABSOLUTE
    ../clib/signal.c                         0x00000000   Number         0  defsig_fpe_outer.o ABSOLUTE
    ../clib/signal.c                         0x00000000   Number         0  defsig_exit.o ABSOLUTE
    ../clib/signal.c                         0x00000000   Number         0  defsig_pvfn_inner.o ABSOLUTE
    ../clib/signal.c                         0x00000000   Number         0  defsig_stak_inner.o ABSOLUTE
    ../clib/signal.c                         0x00000000   Number         0  defsig_rtred_inner.o ABSOLUTE
    ../clib/signal.c                         0x00000000   Number         0  defsig_abrt_inner.o ABSOLUTE
    ../clib/signal.c                         0x00000000   Number         0  defsig_rtmem_inner.o ABSOLUTE
    ../clib/signal.c                         0x00000000   Number         0  defsig_segv_inner.o ABSOLUTE
    ../clib/signal.c                         0x00000000   Number         0  defsig_general.o ABSOLUTE
    ../clib/signal.c                         0x00000000   Number         0  __raise.o ABSOLUTE
    ../clib/signal.c                         0x00000000   Number         0  defsig_cppl_inner.o ABSOLUTE
    ../clib/signal.c                         0x00000000   Number         0  defsig_other.o ABSOLUTE
    ../clib/signal.c                         0x00000000   Number         0  defsig_rtmem_formal.o ABSOLUTE
    ../clib/signal.c                         0x00000000   Number         0  defsig_rtmem_outer.o ABSOLUTE
    ../clib/signal.c                         0x00000000   Number         0  defsig_fpe_inner.o ABSOLUTE
    ../clib/signal.c                         0x00000000   Number         0  defsig_fpe_formal.o ABSOLUTE
    ../clib/signal.s                         0x00000000   Number         0  defsig.o ABSOLUTE
    ../clib/stdlib.c                         0x00000000   Number         0  rand.o ABSOLUTE
    ../clib/stdlib.c                         0x00000000   Number         0  rand.o ABSOLUTE
    ../clib/stdlib.c                         0x00000000   Number         0  exit.o ABSOLUTE
    ../fplib/fpinit.s                        0x00000000   Number         0  fpinit.o ABSOLUTE
    ..\..\src\drv_botones.c                  0x00000000   Number         0  drv_botones.o ABSOLUTE
    ..\..\src\drv_consumo.c                  0x00000000   Number         0  drv_consumo.o ABSOLUTE
    ..\..\src\drv_leds.c                     0x00000000   Number         0  drv_leds.o ABSOLUTE
    ..\..\src\drv_monitor.c                  0x00000000   Number         0  drv_monitor.o ABSOLUTE
    ..\..\src\drv_tiempo.c                   0x00000000   Number         0  drv_tiempo.o ABSOLUTE
    ..\..\src\main.c                         0x00000000   Number         0  main.o ABSOLUTE
    ..\..\src\rt_GE.c                        0x00000000   Number         0  rt_ge.o ABSOLUTE
    ..\..\src\rt_fifo.c                      0x00000000   Number         0  rt_fifo.o ABSOLUTE
    ..\..\src\simon.c                        0x00000000   Number         0  simon.o ABSOLUTE
    ..\..\src\svc_alarma.c                   0x00000000   Number         0  svc_alarma.o ABSOLUTE
    ..\..\src\test.c                         0x00000000   Number         0  test.o ABSOLUTE
    ..\src_lpc\Startup.s                     0x00000000   Number         0  startup.o ABSOLUTE
    ..\src_lpc\hal_SC_lpc.c                  0x00000000   Number         0  hal_sc_lpc.o ABSOLUTE
    ..\src_lpc\hal_WDT_lpc.c                 0x00000000   Number         0  hal_wdt_lpc.o ABSOLUTE
    ..\src_lpc\hal_consumo_lpc.c             0x00000000   Number         0  hal_consumo_lpc.o ABSOLUTE
    ..\src_lpc\hal_ext_int_lpc.c             0x00000000   Number         0  hal_ext_int_lpc.o ABSOLUTE
    ..\src_lpc\hal_gpio_lpc.c                0x00000000   Number         0  hal_gpio_lpc.o ABSOLUTE
    ..\src_lpc\hal_random_lpc.c              0x00000000   Number         0  hal_random_lpc.o ABSOLUTE
    ..\src_lpc\hal_tiempo_lpc.c              0x00000000   Number         0  hal_tiempo_lpc.o ABSOLUTE
    dc.s                                     0x00000000   Number         0  dc.o ABSOLUTE
    Undef_Handler                            0x00000040   ARM Code       4  startup.o(RESET)
    SWI_Handler                              0x00000044   ARM Code       4  startup.o(RESET)
    PAbt_Handler                             0x00000048   ARM Code       4  startup.o(RESET)
    DAbt_Handler                             0x0000004c   ARM Code       4  startup.o(RESET)
    IRQ_Handler                              0x00000050   ARM Code       4  startup.o(RESET)
    FIQ_Handler                              0x00000054   ARM Code       4  startup.o(RESET)
    !!!main                                  0x00000110   Section        8  __main.o(!!!main)
    !!!scatter                               0x00000118   Section       60  __scatter.o(!!!scatter)
    !!handler_copy                           0x00000154   Section       40  __scatter_copy.o(!!handler_copy)
    !!handler_zi                             0x0000017c   Section       44  __scatter_zi.o(!!handler_zi)
    .ARM.Collect$$libinit$$00000000          0x000001b0   Section        2  libinit.o(.ARM.Collect$$libinit$$00000000)
    .ARM.Collect$$libinit$$00000002          0x000001b2   Section        0  libinit2.o(.ARM.Collect$$libinit$$00000002)
    .ARM.Collect$$libinit$$00000004          0x000001b2   Section        0  libinit2.o(.ARM.Collect$$libinit$$00000004)
    .ARM.Collect$$libinit$$0000000A          0x000001b2   Section        0  libinit2.o(.ARM.Collect$$libinit$$0000000A)
    .ARM.Collect$$libinit$$0000000C          0x000001b2   Section        0  libinit2.o(.ARM.Collect$$libinit$$0000000C)
    .ARM.Collect$$libinit$$0000000D          0x000001b2   Section        4  libinit2.o(.ARM.Collect$$libinit$$0000000D)
    .ARM.Collect$$libinit$$0000000E          0x000001b6   Section        0  libinit2.o(.ARM.Collect$$libinit$$0000000E)
    .ARM.Collect$$libinit$$00000011          0x000001b6   Section        0  libinit2.o(.ARM.Collect$$libinit$$00000011)
    .ARM.Collect$$libinit$$00000013          0x000001b6   Section        0  libinit2.o(.ARM.Collect$$libinit$$00000013)
    .ARM.Collect$$libinit$$00000015          0x000001b6   Section        0  libinit2.o(.ARM.Collect$$libinit$$00000015)
    .ARM.Collect$$libinit$$00000017          0x000001b6   Section        0  libinit2.o(.ARM.Collect$$libinit$$00000017)
    .ARM.Collect$$libinit$$00000019          0x000001b6   Section        0  libinit2.o(.ARM.Collect$$libinit$$00000019)
    .ARM.Collect$$libinit$$0000001B          0x000001b6   Section        0  libinit2.o(.ARM.Collect$$libinit$$0000001B)
    .ARM.Collect$$libinit$$0000001D          0x000001b6   Section        0  libinit2.o(.ARM.Collect$$libinit$$0000001D)
    .ARM.Collect$$libinit$$0000001F          0x000001b6   Section        0  libinit2.o(.ARM.Collect$$libinit$$0000001F)
    .ARM.Collect$$libinit$$00000021          0x000001b6   Section        0  libinit2.o(.ARM.Collect$$libinit$$00000021)
    .ARM.Collect$$libinit$$00000023          0x000001b6   Section        0  libinit2.o(.ARM.Collect$$libinit$$00000023)
    .ARM.Collect$$libinit$$00000025          0x000001b6   Section        0  libinit2.o(.ARM.Collect$$libinit$$00000025)
    .ARM.Collect$$libinit$$0000002C          0x000001b6   Section        0  libinit2.o(.ARM.Collect$$libinit$$0000002C)
    .ARM.Collect$$libinit$$0000002E          0x000001b6   Section        0  libinit2.o(.ARM.Collect$$libinit$$0000002E)
    .ARM.Collect$$libinit$$00000030          0x000001b6   Section        0  libinit2.o(.ARM.Collect$$libinit$$00000030)
    .ARM.Collect$$libinit$$00000032          0x000001b6   Section        0  libinit2.o(.ARM.Collect$$libinit$$00000032)
    .ARM.Collect$$libinit$$00000033          0x000001b6   Section       12  libinit2.o(.ARM.Collect$$libinit$$00000033)
    .ARM.Collect$$libshutdown$$00000000      0x000001cc   Section        4  libshutdown.o(.ARM.Collect$$libshutdown$$00000000)
    .ARM.Collect$$libshutdown$$00000002      0x000001d0   Section        0  libshutdown2.o(.ARM.Collect$$libshutdown$$00000002)
    .ARM.Collect$$libshutdown$$00000004      0x000001d0   Section        0  libshutdown2.o(.ARM.Collect$$libshutdown$$00000004)
    .ARM.Collect$$libshutdown$$00000007      0x000001d0   Section        0  libshutdown2.o(.ARM.Collect$$libshutdown$$00000007)
    .ARM.Collect$$libshutdown$$0000000A      0x000001d0   Section        0  libshutdown2.o(.ARM.Collect$$libshutdown$$0000000A)
    .ARM.Collect$$libshutdown$$0000000C      0x000001d0   Section        0  libshutdown2.o(.ARM.Collect$$libshutdown$$0000000C)
    .ARM.Collect$$libshutdown$$0000000F      0x000001d0   Section        0  libshutdown2.o(.ARM.Collect$$libshutdown$$0000000F)
    .ARM.Collect$$libshutdown$$00000010      0x000001d0   Section        6  libshutdown2.o(.ARM.Collect$$libshutdown$$00000010)
    .ARM.Collect$$rtentry$$00000000          0x000001d8   Section        0  __rtentry.o(.ARM.Collect$$rtentry$$00000000)
    .ARM.Collect$$rtentry$$00000002          0x000001d8   Section        0  __rtentry2.o(.ARM.Collect$$rtentry$$00000002)
    .ARM.Collect$$rtentry$$00000004          0x000001d8   Section        8  __rtentry4.o(.ARM.Collect$$rtentry$$00000004)
    .ARM.Collect$$rtentry$$00000009          0x000001e0   Section        0  __rtentry2.o(.ARM.Collect$$rtentry$$00000009)
    .ARM.Collect$$rtentry$$0000000A          0x000001e0   Section        4  __rtentry2.o(.ARM.Collect$$rtentry$$0000000A)
    .ARM.Collect$$rtentry$$0000000C          0x000001e4   Section        0  __rtentry2.o(.ARM.Collect$$rtentry$$0000000C)
    .ARM.Collect$$rtentry$$0000000D          0x000001e4   Section       40  __rtentry2.o(.ARM.Collect$$rtentry$$0000000D)
    .ARM.Collect$$rtexit$$00000000           0x00000210   Section        4  rtexit.o(.ARM.Collect$$rtexit$$00000000)
    .ARM.Collect$$rtexit$$00000002           0x00000214   Section        0  rtexit2.o(.ARM.Collect$$rtexit$$00000002)
    .ARM.Collect$$rtexit$$00000003           0x00000214   Section        4  rtexit2.o(.ARM.Collect$$rtexit$$00000003)
    .ARM.Collect$$rtexit$$00000004           0x00000218   Section        8  rtexit2.o(.ARM.Collect$$rtexit$$00000004)
    .emb_text                                0x00000228   Section       56  rand.o(.emb_text)
    .text                                    0x00000260   Section      104  startup.o(.text)
    .text                                    0x000002c8   Section      720  lludiv.o(.text)
    .text                                    0x000005a0   Section        0  rand.o(.text)
    .text                                    0x000005e0   Section      556  aeabi_sdivfast.o(.text)
    __arm_div_large_positive                 0x00000614   ARM Code       0  aeabi_sdivfast.o(.text)
    __arm_div16                              0x0000063c   ARM Code       0  aeabi_sdivfast.o(.text)
    __arm_div12                              0x0000066c   ARM Code       0  aeabi_sdivfast.o(.text)
    __arm_div8                               0x000006a0   ARM Code       0  aeabi_sdivfast.o(.text)
    __arm_div5                               0x000006c4   ARM Code       0  aeabi_sdivfast.o(.text)
    __arm_div2                               0x000006e8   ARM Code       0  aeabi_sdivfast.o(.text)
    .text                                    0x0000080c   Section        0  heapauxi.o(.text)
    .text                                    0x00000814   Section       96  sys_stackheap_outer.o(.text)
    .text                                    0x00000874   Section        0  exit.o(.text)
    .text                                    0x00000888   Section       12  libspace.o(.text)
    .text                                    0x0000089c   Section        0  sys_exit.o(.text)
    .text                                    0x000008a8   Section        4  use_no_semi.o(.text)
    .text                                    0x000008ac   Section        0  indicate_semi.o(.text)
    .text_udiv                               0x000008ac   Section       48  aeabi_sdivfast.o(.text_udiv)
    i.SC_entrar_disable_irq                  0x000008dc   Section        0  hal_sc_lpc.o(i.SC_entrar_disable_irq)
    i.SC_salir_enable_irq                    0x00000900   Section        0  hal_sc_lpc.o(i.SC_salir_enable_irq)
    i.drv_botones_cb                         0x0000092c   Section        0  drv_botones.o(i.drv_botones_cb)
    i.drv_botones_iniciar                    0x00000978   Section        0  drv_botones.o(i.drv_botones_iniciar)
    i.drv_botones_tratar                     0x00000a1c   Section        0  drv_botones.o(i.drv_botones_tratar)
    i.drv_consumo_dormir                     0x00000ba0   Section        0  drv_consumo.o(i.drv_consumo_dormir)
    i.drv_consumo_esperar                    0x00000bbc   Section        0  drv_consumo.o(i.drv_consumo_esperar)
    i.drv_consumo_iniciar                    0x00000be0   Section        0  drv_consumo.o(i.drv_consumo_iniciar)
    i.drv_led_apagar                         0x00000c04   Section        0  drv_leds.o(i.drv_led_apagar)
    i.drv_led_encender                       0x00000c60   Section        0  drv_leds.o(i.drv_led_encender)
    i.drv_leds_iniciar                       0x00000cbc   Section        0  drv_leds.o(i.drv_leds_iniciar)
    i.drv_monitor_desmarcar                  0x00000d34   Section        0  drv_monitor.o(i.drv_monitor_desmarcar)
    i.drv_monitor_iniciar                    0x00000d58   Section        0  drv_monitor.o(i.drv_monitor_iniciar)
    i.drv_monitor_marcar                     0x00000da8   Section        0  drv_monitor.o(i.drv_monitor_marcar)
    i.drv_tiempo_actual_ms                   0x00000dcc   Section        0  drv_tiempo.o(i.drv_tiempo_actual_ms)
    i.drv_tiempo_actual_us                   0x00000dfc   Section        0  drv_tiempo.o(i.drv_tiempo_actual_us)
    i.drv_tiempo_iniciar                     0x00000e20   Section        0  drv_tiempo.o(i.drv_tiempo_iniciar)
    i.drv_tiempo_periodico_ms                0x00000e3c   Section        0  drv_tiempo.o(i.drv_tiempo_periodico_ms)
    i.eint0_ISR                              0x00000e68   Section        0  hal_ext_int_lpc.o(i.eint0_ISR)
    i.eint1_ISR                              0x00000ebc   Section        0  hal_ext_int_lpc.o(i.eint1_ISR)
    i.eint2_ISR                              0x00000f10   Section        0  hal_ext_int_lpc.o(i.eint2_ISR)
    i.funcionQueLlama                        0x00000f64   Section        0  drv_tiempo.o(i.funcionQueLlama)
    i.hal_WDT_feed                           0x00000f84   Section        0  hal_wdt_lpc.o(i.hal_WDT_feed)
    i.hal_WDT_iniciar                        0x00000fa8   Section        0  hal_wdt_lpc.o(i.hal_WDT_iniciar)
    i.hal_consumo_dormir                     0x00000fe4   Section        0  hal_consumo_lpc.o(i.hal_consumo_dormir)
    i.hal_consumo_esperar                    0x00001004   Section        0  hal_consumo_lpc.o(i.hal_consumo_esperar)
    i.hal_consumo_iniciar                    0x00001024   Section        0  hal_consumo_lpc.o(i.hal_consumo_iniciar)
    i.hal_ext_int_comprobar_pulsado          0x00001028   Section        0  hal_ext_int_lpc.o(i.hal_ext_int_comprobar_pulsado)
    i.hal_ext_int_habilitar                  0x0000108c   Section        0  hal_ext_int_lpc.o(i.hal_ext_int_habilitar)
    i.hal_ext_int_iniciar                    0x000010ec   Section        0  hal_ext_int_lpc.o(i.hal_ext_int_iniciar)
    i.hal_ext_int_iniciar_boton              0x000010fc   Section        0  hal_ext_int_lpc.o(i.hal_ext_int_iniciar_boton)
    i.hal_gpio_escribir                      0x00001234   Section        0  hal_gpio_lpc.o(i.hal_gpio_escribir)
    i.hal_gpio_iniciar                       0x00001254   Section        0  hal_gpio_lpc.o(i.hal_gpio_iniciar)
    i.hal_gpio_sentido                       0x00001268   Section        0  hal_gpio_lpc.o(i.hal_gpio_sentido)
    i.hal_random_generar                     0x000012a0   Section        0  hal_random_lpc.o(i.hal_random_generar)
    i.hal_random_iniciar                     0x000012c4   Section        0  hal_random_lpc.o(i.hal_random_iniciar)
    i.hal_tiempo_actual_tick                 0x000012c8   Section        0  hal_tiempo_lpc.o(i.hal_tiempo_actual_tick)
    i.hal_tiempo_iniciar_tick                0x000012f4   Section        0  hal_tiempo_lpc.o(i.hal_tiempo_iniciar_tick)
    i.hal_tiempo_reloj_periodico_tick        0x00001354   Section        0  hal_tiempo_lpc.o(i.hal_tiempo_reloj_periodico_tick)
    i.leds_dormir                            0x000013c4   Section        0  main.o(i.leds_dormir)
    i.main                                   0x000013cc   Section        0  main.o(i.main)
    i.rt_FIFO_conteo                         0x0000145c   Section        0  rt_fifo.o(i.rt_FIFO_conteo)
    i.rt_FIFO_encolar                        0x00001530   Section        0  rt_fifo.o(i.rt_FIFO_encolar)
    i.rt_FIFO_extraer                        0x000015b0   Section        0  rt_fifo.o(i.rt_FIFO_extraer)
    i.rt_FIFO_inicializar                    0x00001644   Section        0  rt_fifo.o(i.rt_FIFO_inicializar)
    i.rt_GE_iniciar                          0x00001690   Section        0  rt_ge.o(i.rt_GE_iniciar)
    i.rt_GE_lanzador                         0x000016e4   Section        0  rt_ge.o(i.rt_GE_lanzador)
    i.rt_GE_tratar                           0x000017bc   Section        0  rt_ge.o(i.rt_GE_tratar)
    i.simon_iniciar                          0x00001800   Section        0  simon.o(i.simon_iniciar)
    i.simon_tratar                           0x00001894   Section        0  simon.o(i.simon_tratar)
    __switch$$                               0x000018f0   ARM Code       0  simon.o(i.simon_tratar)
    i.svc_GE_suscribir                       0x00001d6c   Section        0  rt_ge.o(i.svc_GE_suscribir)
    i.svc_alarma_activar                     0x00001df8   Section        0  svc_alarma.o(i.svc_alarma_activar)
    i.svc_alarma_codificar                   0x00001f54   Section        0  svc_alarma.o(i.svc_alarma_codificar)
    i.svc_alarma_iniciar                     0x00001f5c   Section        0  svc_alarma.o(i.svc_alarma_iniciar)
    i.svc_alarma_tratar                      0x00002008   Section        0  svc_alarma.o(i.svc_alarma_tratar)
    i.timer0_ISR                             0x000020b0   Section        0  hal_tiempo_lpc.o(i.timer0_ISR)
    i.timer1_ISR                             0x000020e8   Section        0  hal_tiempo_lpc.o(i.timer1_ISR)
    .constdata                               0x00002120   Section        4  drv_leds.o(.constdata)
    led_list                                 0x00002120   Data           4  drv_leds.o(.constdata)
    .constdata                               0x00002124   Section        3  drv_botones.o(.constdata)
    button_list                              0x00002124   Data           3  drv_botones.o(.constdata)
    .constdata                               0x00002127   Section        4  drv_monitor.o(.constdata)
    monitor_list                             0x00002127   Data           4  drv_monitor.o(.constdata)
    .data                                    0x40000000   Section        8  main.o(.data)
    num_leds                                 0x40000000   Data           4  main.o(.data)
    num_botones                              0x40000004   Data           4  main.o(.data)
    .data                                    0x40000008   Section       12  drv_tiempo.o(.data)
    TICKS2US                                 0x40000008   Data           4  drv_tiempo.o(.data)
    Id                                       0x4000000c   Data           4  drv_tiempo.o(.data)
    f_callback                               0x40000010   Data           4  drv_tiempo.o(.data)
    .data                                    0x40000014   Section       24  drv_botones.o(.data)
    estado                                   0x40000014   Data           1  drv_botones.o(.data)
    primera                                  0x40000018   Data           4  drv_botones.o(.data)
    boton_Pulsar                             0x4000001c   Data           4  drv_botones.o(.data)
    boton_Retardo                            0x40000020   Data           4  drv_botones.o(.data)
    dosBotones_Pulsados                      0x40000024   Data           4  drv_botones.o(.data)
    drv_cb                                   0x40000028   Data           4  drv_botones.o(.data)
    .data                                    0x4000002c   Section        8  drv_consumo.o(.data)
    despertar                                0x4000002c   Data           4  drv_consumo.o(.data)
    dormir                                   0x40000030   Data           4  drv_consumo.o(.data)
    .data                                    0x40000034   Section        8  rt_fifo.o(.data)
    head                                     0x40000034   Data           1  rt_fifo.o(.data)
    tail                                     0x40000035   Data           1  rt_fifo.o(.data)
    num_eventos                              0x40000036   Data           1  rt_fifo.o(.data)
    monitor_overflow                         0x40000038   Data           4  rt_fifo.o(.data)
    .data                                    0x4000003c   Section        8  rt_ge.o(.data)
    num_suscripciones                        0x4000003c   Data           1  rt_ge.o(.data)
    monitor_overflow                         0x40000040   Data           4  rt_ge.o(.data)
    .data                                    0x40000044   Section       12  svc_alarma.o(.data)
    monitor_overflow                         0x40000044   Data           4  svc_alarma.o(.data)
    funcion_callback                         0x40000048   Data           4  svc_alarma.o(.data)
    num_alarmas                              0x4000004c   Data           4  svc_alarma.o(.data)
    .data                                    0x40000050   Section       40  simon.o(.data)
    estado                                   0x40000050   Data           1  simon.o(.data)
    nivel                                    0x40000054   Data           4  simon.o(.data)
    retardo_entreLed                         0x40000058   Data           4  simon.o(.data)
    retardo_apagado                          0x4000005c   Data           4  simon.o(.data)
    retardo_base_apagado                     0x40000060   Data           4  simon.o(.data)
    retardo_base_entreLed                    0x40000064   Data           4  simon.o(.data)
    index                                    0x40000068   Data           4  simon.o(.data)
    acertados                                0x4000006c   Data           4  simon.o(.data)
    num_botones                              0x40000070   Data           4  simon.o(.data)
    num_leds                                 0x40000074   Data           4  simon.o(.data)
    .data                                    0x40000078   Section        8  hal_tiempo_lpc.o(.data)
    timer0_int_count                         0x40000078   Data           4  hal_tiempo_lpc.o(.data)
    f_callback                               0x4000007c   Data           4  hal_tiempo_lpc.o(.data)
    .data                                    0x40000080   Section        4  hal_ext_int_lpc.o(.data)
    .data                                    0x40000084   Section        4  hal_sc_lpc.o(.data)
    m_in_critical_region                     0x40000084   Data           4  hal_sc_lpc.o(.data)
    .bss                                     0x40000088   Section      804  rt_fifo.o(.bss)
    conteo_eventos                           0x40000088   Data          36  rt_fifo.o(.bss)
    cola                                     0x400000ac   Data         768  rt_fifo.o(.bss)
    .bss                                     0x400003ac   Section      216  rt_ge.o(.bss)
    suscripciones                            0x400003ac   Data         216  rt_ge.o(.bss)
    .bss                                     0x40000484   Section       96  svc_alarma.o(.bss)
    alarmas                                  0x40000484   Data          96  svc_alarma.o(.bss)
    .bss                                     0x400004e4   Section      400  simon.o(.bss)
    secuencia                                0x400004e4   Data         400  simon.o(.bss)
    .bss                                     0x40000674   Section      228  rand.o(.bss)
    .bss                                     0x40000758   Section       96  libspace.o(.bss)
    HEAP                                     0x400007b8   Section        0  startup.o(HEAP)
    STACK                                    0x400007b8   Section     2176  startup.o(STACK)
    Heap_Mem                                 0x400007b8   Data           0  startup.o(HEAP)
    Stack_Mem                                0x400007b8   Data        1024  startup.o(STACK)
    Stack_Top                                0x40001038   Data           0  startup.o(STACK)

    Global Symbols

    Symbol Name                              Value     Ov Type        Size  Object(Section)

    BuildAttributes$$THM_ISAv1$ARM_ISAv4$S$PE$A:L22$X:L11$S22$IEEE1$IW$USESV6$~STKCKD$USESV7$~SHL$OTIME$ROPI$EBA8$UX$STANDARDLIB$REQ8$PRES8$EABIv2 0x00000000   Number         0  anon$$obj.o ABSOLUTE
    __ARM_use_no_argv                        0x00000000   Number         0  main.o ABSOLUTE
    __ARM_exceptions_init                     - Undefined Weak Reference
    __alloca_initialize                       - Undefined Weak Reference
    __arm_preinit_                            - Undefined Weak Reference
    __cpp_initialize__aeabi_                  - Undefined Weak Reference
    __cxa_finalize                            - Undefined Weak Reference
    __rt_locale                               - Undefined Weak Reference
    __sigvec_lookup                           - Undefined Weak Reference
    _atexit_init                              - Undefined Weak Reference
    _call_atexit_fns                          - Undefined Weak Reference
    _clock_init                               - Undefined Weak Reference
    _fp_trap_init                             - Undefined Weak Reference
    _fp_trap_shutdown                         - Undefined Weak Reference
    _get_lc_collate                           - Undefined Weak Reference
    _get_lc_ctype                             - Undefined Weak Reference
    _get_lc_monetary                          - Undefined Weak Reference
    _get_lc_numeric                           - Undefined Weak Reference
    _get_lc_time                              - Undefined Weak Reference
    _getenv_init                              - Undefined Weak Reference
    _handle_redirection                       - Undefined Weak Reference
    _init_alloc                               - Undefined Weak Reference
    _init_user_alloc                          - Undefined Weak Reference
    _initio                                   - Undefined Weak Reference
    _signal_finish                            - Undefined Weak Reference
    _signal_init                              - Undefined Weak Reference
    _terminate_alloc                          - Undefined Weak Reference
    _terminate_user_alloc                     - Undefined Weak Reference
    _terminateio                              - Undefined Weak Reference
    Reset_Handler                            0x00000058   ARM Code       0  startup.o(RESET)
    __main                                   0x00000110   ARM Code       8  __main.o(!!!main)
    __scatterload                            0x00000118   ARM Code       0  __scatter.o(!!!scatter)
    __scatterload_rt2                        0x00000118   ARM Code      52  __scatter.o(!!!scatter)
    __scatterload_null                       0x0000012c   ARM Code       0  __scatter.o(!!!scatter)
    __scatterload_copy                       0x00000154   ARM Code      40  __scatter_copy.o(!!handler_copy)
    __scatterload_zeroinit                   0x0000017c   ARM Code      44  __scatter_zi.o(!!handler_zi)
    Inline ARM to Thumb Veneer to __rt_lib_init 0x000001a8   ARM Code       8  libinit.o(.ARM.Collect$$libinit$$00000000)
    __rt_lib_init                            0x000001b1   Thumb Code     0  libinit.o(.ARM.Collect$$libinit$$00000000)
    __rt_lib_init_fp_1                       0x000001b3   Thumb Code     0  libinit2.o(.ARM.Collect$$libinit$$00000002)
    __rt_lib_init_heap_1                     0x000001b3   Thumb Code     0  libinit2.o(.ARM.Collect$$libinit$$0000000A)
    __rt_lib_init_preinit_1                  0x000001b3   Thumb Code     0  libinit2.o(.ARM.Collect$$libinit$$00000004)
    __rt_lib_init_rand_2                     0x000001b3   Thumb Code     0  libinit2.o(.ARM.Collect$$libinit$$0000000D)
    __rt_lib_init_user_alloc_1               0x000001b3   Thumb Code     0  libinit2.o(.ARM.Collect$$libinit$$0000000C)
    __rt_lib_init_alloca_1                   0x000001b7   Thumb Code     0  libinit2.o(.ARM.Collect$$libinit$$0000002E)
    __rt_lib_init_argv_1                     0x000001b7   Thumb Code     0  libinit2.o(.ARM.Collect$$libinit$$0000002C)
    __rt_lib_init_atexit_1                   0x000001b7   Thumb Code     0  libinit2.o(.ARM.Collect$$libinit$$0000001B)
    __rt_lib_init_clock_1                    0x000001b7   Thumb Code     0  libinit2.o(.ARM.Collect$$libinit$$00000021)
    __rt_lib_init_cpp_1                      0x000001b7   Thumb Code     0  libinit2.o(.ARM.Collect$$libinit$$00000032)
    __rt_lib_init_exceptions_1               0x000001b7   Thumb Code     0  libinit2.o(.ARM.Collect$$libinit$$00000030)
    __rt_lib_init_fp_trap_1                  0x000001b7   Thumb Code     0  libinit2.o(.ARM.Collect$$libinit$$0000001F)
    __rt_lib_init_getenv_1                   0x000001b7   Thumb Code     0  libinit2.o(.ARM.Collect$$libinit$$00000023)
    __rt_lib_init_lc_collate_1               0x000001b7   Thumb Code     0  libinit2.o(.ARM.Collect$$libinit$$00000011)
    __rt_lib_init_lc_ctype_1                 0x000001b7   Thumb Code     0  libinit2.o(.ARM.Collect$$libinit$$00000013)
    __rt_lib_init_lc_monetary_1              0x000001b7   Thumb Code     0  libinit2.o(.ARM.Collect$$libinit$$00000015)
    __rt_lib_init_lc_numeric_1               0x000001b7   Thumb Code     0  libinit2.o(.ARM.Collect$$libinit$$00000017)
    __rt_lib_init_lc_time_1                  0x000001b7   Thumb Code     0  libinit2.o(.ARM.Collect$$libinit$$00000019)
    __rt_lib_init_rand_1                     0x000001b7   Thumb Code     0  libinit2.o(.ARM.Collect$$libinit$$0000000E)
    __rt_lib_init_return                     0x000001b7   Thumb Code     0  libinit2.o(.ARM.Collect$$libinit$$00000033)
    __rt_lib_init_signal_1                   0x000001b7   Thumb Code     0  libinit2.o(.ARM.Collect$$libinit$$0000001D)
    __rt_lib_init_stdio_1                    0x000001b7   Thumb Code     0  libinit2.o(.ARM.Collect$$libinit$$00000025)
    Inline ARM to Thumb Veneer to __rt_lib_shutdown 0x000001c4   ARM Code       8  libshutdown.o(.ARM.Collect$$libshutdown$$00000000)
    __rt_lib_shutdown                        0x000001cd   Thumb Code     0  libshutdown.o(.ARM.Collect$$libshutdown$$00000000)
    __rt_lib_shutdown_cpp_1                  0x000001d1   Thumb Code     0  libshutdown2.o(.ARM.Collect$$libshutdown$$00000002)
    __rt_lib_shutdown_fp_trap_1              0x000001d1   Thumb Code     0  libshutdown2.o(.ARM.Collect$$libshutdown$$00000007)
    __rt_lib_shutdown_heap_1                 0x000001d1   Thumb Code     0  libshutdown2.o(.ARM.Collect$$libshutdown$$0000000F)
    __rt_lib_shutdown_return                 0x000001d1   Thumb Code     0  libshutdown2.o(.ARM.Collect$$libshutdown$$00000010)
    __rt_lib_shutdown_signal_1               0x000001d1   Thumb Code     0  libshutdown2.o(.ARM.Collect$$libshutdown$$0000000A)
    __rt_lib_shutdown_stdio_1                0x000001d1   Thumb Code     0  libshutdown2.o(.ARM.Collect$$libshutdown$$00000004)
    __rt_lib_shutdown_user_alloc_1           0x000001d1   Thumb Code     0  libshutdown2.o(.ARM.Collect$$libshutdown$$0000000C)
    __rt_entry                               0x000001d8   ARM Code       0  __rtentry.o(.ARM.Collect$$rtentry$$00000000)
    __rt_entry_presh_1                       0x000001d8   ARM Code       0  __rtentry2.o(.ARM.Collect$$rtentry$$00000002)
    __rt_entry_sh                            0x000001d8   ARM Code       0  __rtentry4.o(.ARM.Collect$$rtentry$$00000004)
    __rt_entry_li                            0x000001e0   ARM Code       0  __rtentry2.o(.ARM.Collect$$rtentry$$0000000A)
    __rt_entry_postsh_1                      0x000001e0   ARM Code       0  __rtentry2.o(.ARM.Collect$$rtentry$$00000009)
    __rt_entry_main                          0x000001e4   ARM Code       0  __rtentry2.o(.ARM.Collect$$rtentry$$0000000D)
    __rt_entry_postli_1                      0x000001e4   ARM Code       0  __rtentry2.o(.ARM.Collect$$rtentry$$0000000C)
    Inline Thumb to ARM Veneer to __rt_exit  0x0000020d   Thumb Code     4  rtexit.o(.ARM.Collect$$rtexit$$00000000)
    __rt_exit                                0x00000210   ARM Code       0  rtexit.o(.ARM.Collect$$rtexit$$00000000)
    __rt_exit_ls                             0x00000214   ARM Code       0  rtexit2.o(.ARM.Collect$$rtexit$$00000003)
    __rt_exit_prels_1                        0x00000214   ARM Code       0  rtexit2.o(.ARM.Collect$$rtexit$$00000002)
    __rt_exit_exit                           0x00000218   ARM Code       0  rtexit2.o(.ARM.Collect$$rtexit$$00000004)
    Inline ARM to Thumb Veneer to rand       0x00000220   ARM Code       8  rand.o(.emb_text)
    rand                                     0x00000229   Thumb Code    52  rand.o(.emb_text)
    __user_initial_stackheap                 0x00000260   ARM Code       0  startup.o(.text)
    switch_to_PLL                            0x00000274   ARM Code       0  startup.o(.text)
    __aeabi_uldivmod                         0x000002c8   ARM Code       0  lludiv.o(.text)
    _ll_udiv                                 0x000002c8   ARM Code     720  lludiv.o(.text)
    _ll_udiv_donemoving                      0x000002dc   ARM Code       0  lludiv.o(.text)
    Inline ARM to Thumb Veneer to srand      0x00000598   ARM Code       8  rand.o(.text)
    srand                                    0x000005a1   Thumb Code    46  rand.o(.text)
    _rand_init                               0x000005cf   Thumb Code     4  rand.o(.text)
    __aeabi_idiv                             0x000005e0   ARM Code       0  aeabi_sdivfast.o(.text)
    __aeabi_idivmod                          0x000005e0   ARM Code     556  aeabi_sdivfast.o(.text)
    __use_two_region_memory                  0x0000080d   Thumb Code     2  heapauxi.o(.text)
    __rt_heap_escrow$2region                 0x0000080f   Thumb Code     2  heapauxi.o(.text)
    __rt_heap_expand$2region                 0x00000811   Thumb Code     2  heapauxi.o(.text)
    __user_setup_stackheap                   0x00000814   ARM Code      96  sys_stackheap_outer.o(.text)
    exit                                     0x00000875   Thumb Code    20  exit.o(.text)
    __user_libspace                          0x00000888   ARM Code      12  libspace.o(.text)
    __user_perproc_libspace                  0x00000888   ARM Code       0  libspace.o(.text)
    __user_perthread_libspace                0x00000888   ARM Code       0  libspace.o(.text)
    Inline ARM to Thumb Veneer to _sys_exit  0x00000894   ARM Code       8  sys_exit.o(.text)
    _sys_exit                                0x0000089d   Thumb Code     8  sys_exit.o(.text)
    __I$use$semihosting                      0x000008a8   ARM Code       0  use_no_semi.o(.text)
    __use_no_semihosting_swi                 0x000008a8   ARM Code       4  use_no_semi.o(.text)
    __aeabi_uidiv                            0x000008ac   ARM Code       0  aeabi_sdivfast.o(.text_udiv)
    __aeabi_uidivmod                         0x000008ac   ARM Code      48  aeabi_sdivfast.o(.text_udiv)
    __semihosting_library_function           0x000008ac   ARM Code       0  indicate_semi.o(.text)
    SC_entrar_disable_irq                    0x000008dc   ARM Code      32  hal_sc_lpc.o(i.SC_entrar_disable_irq)
    SC_salir_enable_irq                      0x00000900   ARM Code      40  hal_sc_lpc.o(i.SC_salir_enable_irq)
    drv_botones_cb                           0x0000092c   ARM Code      68  drv_botones.o(i.drv_botones_cb)
    drv_botones_iniciar                      0x00000978   ARM Code     148  drv_botones.o(i.drv_botones_iniciar)
    drv_botones_tratar                       0x00000a1c   ARM Code     380  drv_botones.o(i.drv_botones_tratar)
    drv_consumo_dormir                       0x00000ba0   ARM Code      24  drv_consumo.o(i.drv_consumo_dormir)
    drv_consumo_esperar                      0x00000bbc   ARM Code      32  drv_consumo.o(i.drv_consumo_esperar)
    drv_consumo_iniciar                      0x00000be0   ARM Code      32  drv_consumo.o(i.drv_consumo_iniciar)
    drv_led_apagar                           0x00000c04   ARM Code      88  drv_leds.o(i.drv_led_apagar)
    drv_led_encender                         0x00000c60   ARM Code      88  drv_leds.o(i.drv_led_encender)
    drv_leds_iniciar                         0x00000cbc   ARM Code     116  drv_leds.o(i.drv_leds_iniciar)
    drv_monitor_desmarcar                    0x00000d34   ARM Code      32  drv_monitor.o(i.drv_monitor_desmarcar)
    drv_monitor_iniciar                      0x00000d58   ARM Code      76  drv_monitor.o(i.drv_monitor_iniciar)
    drv_monitor_marcar                       0x00000da8   ARM Code      32  drv_monitor.o(i.drv_monitor_marcar)
    drv_tiempo_actual_ms                     0x00000dcc   ARM Code      44  drv_tiempo.o(i.drv_tiempo_actual_ms)
    drv_tiempo_actual_us                     0x00000dfc   ARM Code      32  drv_tiempo.o(i.drv_tiempo_actual_us)
    drv_tiempo_iniciar                       0x00000e20   ARM Code      24  drv_tiempo.o(i.drv_tiempo_iniciar)
    drv_tiempo_periodico_ms                  0x00000e3c   ARM Code      36  drv_tiempo.o(i.drv_tiempo_periodico_ms)
    eint0_ISR                                0x00000e68   ARM Code      80  hal_ext_int_lpc.o(i.eint0_ISR)
    eint1_ISR                                0x00000ebc   ARM Code      80  hal_ext_int_lpc.o(i.eint1_ISR)
    eint2_ISR                                0x00000f10   ARM Code      80  hal_ext_int_lpc.o(i.eint2_ISR)
    funcionQueLlama                          0x00000f64   ARM Code      28  drv_tiempo.o(i.funcionQueLlama)
    hal_WDT_feed                             0x00000f84   ARM Code      36  hal_wdt_lpc.o(i.hal_WDT_feed)
    hal_WDT_iniciar                          0x00000fa8   ARM Code      56  hal_wdt_lpc.o(i.hal_WDT_iniciar)
    hal_consumo_dormir                       0x00000fe4   ARM Code      32  hal_consumo_lpc.o(i.hal_consumo_dormir)
    hal_consumo_esperar                      0x00001004   ARM Code      32  hal_consumo_lpc.o(i.hal_consumo_esperar)
    hal_consumo_iniciar                      0x00001024   ARM Code       4  hal_consumo_lpc.o(i.hal_consumo_iniciar)
    hal_ext_int_comprobar_pulsado            0x00001028   ARM Code     100  hal_ext_int_lpc.o(i.hal_ext_int_comprobar_pulsado)
    hal_ext_int_habilitar                    0x0000108c   ARM Code      96  hal_ext_int_lpc.o(i.hal_ext_int_habilitar)
    hal_ext_int_iniciar                      0x000010ec   ARM Code      12  hal_ext_int_lpc.o(i.hal_ext_int_iniciar)
    hal_ext_int_iniciar_boton                0x000010fc   ARM Code     300  hal_ext_int_lpc.o(i.hal_ext_int_iniciar_boton)
    hal_gpio_escribir                        0x00001234   ARM Code      32  hal_gpio_lpc.o(i.hal_gpio_escribir)
    hal_gpio_iniciar                         0x00001254   ARM Code      20  hal_gpio_lpc.o(i.hal_gpio_iniciar)
    hal_gpio_sentido                         0x00001268   ARM Code      56  hal_gpio_lpc.o(i.hal_gpio_sentido)
    hal_random_generar                       0x000012a0   ARM Code      36  hal_random_lpc.o(i.hal_random_generar)
    hal_random_iniciar                       0x000012c4   ARM Code       4  hal_random_lpc.o(i.hal_random_iniciar)
    hal_tiempo_actual_tick                   0x000012c8   ARM Code      40  hal_tiempo_lpc.o(i.hal_tiempo_actual_tick)
    hal_tiempo_iniciar_tick                  0x000012f4   ARM Code      88  hal_tiempo_lpc.o(i.hal_tiempo_iniciar_tick)
    hal_tiempo_reloj_periodico_tick          0x00001354   ARM Code     104  hal_tiempo_lpc.o(i.hal_tiempo_reloj_periodico_tick)
    leds_dormir                              0x000013c4   ARM Code       8  main.o(i.leds_dormir)
    main                                     0x000013cc   ARM Code     132  main.o(i.main)
    rt_FIFO_conteo                           0x0000145c   ARM Code     208  rt_fifo.o(i.rt_FIFO_conteo)
    rt_FIFO_encolar                          0x00001530   ARM Code     120  rt_fifo.o(i.rt_FIFO_encolar)
    rt_FIFO_extraer                          0x000015b0   ARM Code     140  rt_fifo.o(i.rt_FIFO_extraer)
    rt_FIFO_inicializar                      0x00001644   ARM Code      68  rt_fifo.o(i.rt_FIFO_inicializar)
    rt_GE_iniciar                            0x00001690   ARM Code      72  rt_ge.o(i.rt_GE_iniciar)
    rt_GE_lanzador                           0x000016e4   ARM Code     204  rt_ge.o(i.rt_GE_lanzador)
    rt_GE_tratar                             0x000017bc   ARM Code      68  rt_ge.o(i.rt_GE_tratar)
    simon_iniciar                            0x00001800   ARM Code     140  simon.o(i.simon_iniciar)
    simon_tratar                             0x00001894   ARM Code    1232  simon.o(i.simon_tratar)
    svc_GE_suscribir                         0x00001d6c   ARM Code     132  rt_ge.o(i.svc_GE_suscribir)
    svc_alarma_activar                       0x00001df8   ARM Code     340  svc_alarma.o(i.svc_alarma_activar)
    svc_alarma_codificar                     0x00001f54   ARM Code       8  svc_alarma.o(i.svc_alarma_codificar)
    svc_alarma_iniciar                       0x00001f5c   ARM Code     160  svc_alarma.o(i.svc_alarma_iniciar)
    svc_alarma_tratar                        0x00002008   ARM Code     160  svc_alarma.o(i.svc_alarma_tratar)
    timer0_ISR                               0x000020b0   ARM Code      52  hal_tiempo_lpc.o(i.timer0_ISR)
    timer1_ISR                               0x000020e8   ARM Code      52  hal_tiempo_lpc.o(i.timer1_ISR)
    Region$$Table$$Base                      0x0000212c   Number         0  anon$$obj.o(Region$$Table)
    Region$$Table$$Limit                     0x0000214c   Number         0  anon$$obj.o(Region$$Table)
    f_callback                               0x40000080   Data           4  hal_ext_int_lpc.o(.data)
    _random_number_data                      0x40000674   Data         228  rand.o(.bss)
    __libspace_start                         0x40000758   Data          96  libspace.o(.bss)
    __temporary_stack_top$libspace           0x400007b8   Data           0  libspace.o(.bss)



==============================================================================

Memory Map of the image

  Image Entry point : 0x00000110

  Load Region LR_IROM1 (Base: 0x00000000, Size: 0x000021d4, Max: 0x00020000, ABSOLUTE)

    Execution Region ER_IROM1 (Exec base: 0x00000000, Load base: 0x00000000, Size: 0x0000214c, Max: 0x00020000, ABSOLUTE)

    Exec Addr    Load Addr    Size         Type   Attr      Idx    E Section Name        Object

    0x00000000   0x00000000   0x00000110   Code   RO            3    RESET               startup.o
    0x00000110   0x00000110   0x00000008   Code   RO          823  * !!!main             c_t.l(__main.o)
    0x00000118   0x00000118   0x0000003c   Code   RO          996    !!!scatter          c_t.l(__scatter.o)
    0x00000154   0x00000154   0x00000028   Code   RO          998    !!handler_copy      c_t.l(__scatter_copy.o)
    0x0000017c   0x0000017c   0x0000002c   Code   RO         1000    !!handler_zi        c_t.l(__scatter_zi.o)
    0x000001a8   0x000001a8   0x00000008   Ven    RO          917    .ARM.Collect$$libinit$$00000000  c_t.l(libinit.o)
    0x000001b0   0x000001b0   0x00000002   Code   RO          917    .ARM.Collect$$libinit$$00000000  c_t.l(libinit.o)
    0x000001b2   0x000001b2   0x00000000   Code   RO          835    .ARM.Collect$$libinit$$00000002  c_t.l(libinit2.o)
    0x000001b2   0x000001b2   0x00000000   Code   RO          837    .ARM.Collect$$libinit$$00000004  c_t.l(libinit2.o)
    0x000001b2   0x000001b2   0x00000000   Code   RO          840    .ARM.Collect$$libinit$$0000000A  c_t.l(libinit2.o)
    0x000001b2   0x000001b2   0x00000000   Code   RO          842    .ARM.Collect$$libinit$$0000000C  c_t.l(libinit2.o)
    0x000001b2   0x000001b2   0x00000004   Code   RO          843    .ARM.Collect$$libinit$$0000000D  c_t.l(libinit2.o)
    0x000001b6   0x000001b6   0x00000000   Code   RO          844    .ARM.Collect$$libinit$$0000000E  c_t.l(libinit2.o)
    0x000001b6   0x000001b6   0x00000000   Code   RO          847    .ARM.Collect$$libinit$$00000011  c_t.l(libinit2.o)
    0x000001b6   0x000001b6   0x00000000   Code   RO          849    .ARM.Collect$$libinit$$00000013  c_t.l(libinit2.o)
    0x000001b6   0x000001b6   0x00000000   Code   RO          851    .ARM.Collect$$libinit$$00000015  c_t.l(libinit2.o)
    0x000001b6   0x000001b6   0x00000000   Code   RO          853    .ARM.Collect$$libinit$$00000017  c_t.l(libinit2.o)
    0x000001b6   0x000001b6   0x00000000   Code   RO          855    .ARM.Collect$$libinit$$00000019  c_t.l(libinit2.o)
    0x000001b6   0x000001b6   0x00000000   Code   RO          857    .ARM.Collect$$libinit$$0000001B  c_t.l(libinit2.o)
    0x000001b6   0x000001b6   0x00000000   Code   RO          859    .ARM.Collect$$libinit$$0000001D  c_t.l(libinit2.o)
    0x000001b6   0x000001b6   0x00000000   Code   RO          861    .ARM.Collect$$libinit$$0000001F  c_t.l(libinit2.o)
    0x000001b6   0x000001b6   0x00000000   Code   RO          863    .ARM.Collect$$libinit$$00000021  c_t.l(libinit2.o)
    0x000001b6   0x000001b6   0x00000000   Code   RO          865    .ARM.Collect$$libinit$$00000023  c_t.l(libinit2.o)
    0x000001b6   0x000001b6   0x00000000   Code   RO          867    .ARM.Collect$$libinit$$00000025  c_t.l(libinit2.o)
    0x000001b6   0x000001b6   0x00000000   Code   RO          871    .ARM.Collect$$libinit$$0000002C  c_t.l(libinit2.o)
    0x000001b6   0x000001b6   0x00000000   Code   RO          873    .ARM.Collect$$libinit$$0000002E  c_t.l(libinit2.o)
    0x000001b6   0x000001b6   0x00000000   Code   RO          875    .ARM.Collect$$libinit$$00000030  c_t.l(libinit2.o)
    0x000001b6   0x000001b6   0x00000000   Code   RO          877    .ARM.Collect$$libinit$$00000032  c_t.l(libinit2.o)
    0x000001b6   0x000001b6   0x0000000c   Code   RO          878    .ARM.Collect$$libinit$$00000033  c_t.l(libinit2.o)
    0x000001c2   0x000001c2   0x00000002   PAD
    0x000001c4   0x000001c4   0x00000008   Ven    RO          963    .ARM.Collect$$libshutdown$$00000000  c_t.l(libshutdown.o)
    0x000001cc   0x000001cc   0x00000004   Code   RO          963    .ARM.Collect$$libshutdown$$00000000  c_t.l(libshutdown.o)
    0x000001d0   0x000001d0   0x00000000   Code   RO          979    .ARM.Collect$$libshutdown$$00000002  c_t.l(libshutdown2.o)
    0x000001d0   0x000001d0   0x00000000   Code   RO          981    .ARM.Collect$$libshutdown$$00000004  c_t.l(libshutdown2.o)
    0x000001d0   0x000001d0   0x00000000   Code   RO          984    .ARM.Collect$$libshutdown$$00000007  c_t.l(libshutdown2.o)
    0x000001d0   0x000001d0   0x00000000   Code   RO          987    .ARM.Collect$$libshutdown$$0000000A  c_t.l(libshutdown2.o)
    0x000001d0   0x000001d0   0x00000000   Code   RO          989    .ARM.Collect$$libshutdown$$0000000C  c_t.l(libshutdown2.o)
    0x000001d0   0x000001d0   0x00000000   Code   RO          992    .ARM.Collect$$libshutdown$$0000000F  c_t.l(libshutdown2.o)
    0x000001d0   0x000001d0   0x00000006   Code   RO          993    .ARM.Collect$$libshutdown$$00000010  c_t.l(libshutdown2.o)
    0x000001d6   0x000001d6   0x00000002   PAD
    0x000001d8   0x000001d8   0x00000000   Code   RO          825    .ARM.Collect$$rtentry$$00000000  c_t.l(__rtentry.o)
    0x000001d8   0x000001d8   0x00000000   Code   RO          880    .ARM.Collect$$rtentry$$00000002  c_t.l(__rtentry2.o)
    0x000001d8   0x000001d8   0x00000008   Code   RO          892    .ARM.Collect$$rtentry$$00000004  c_t.l(__rtentry4.o)
    0x000001e0   0x000001e0   0x00000000   Code   RO          882    .ARM.Collect$$rtentry$$00000009  c_t.l(__rtentry2.o)
    0x000001e0   0x000001e0   0x00000004   Code   RO          883    .ARM.Collect$$rtentry$$0000000A  c_t.l(__rtentry2.o)
    0x000001e4   0x000001e4   0x00000000   Code   RO          885    .ARM.Collect$$rtentry$$0000000C  c_t.l(__rtentry2.o)
    0x000001e4   0x000001e4   0x00000028   Code   RO          886    .ARM.Collect$$rtentry$$0000000D  c_t.l(__rtentry2.o)
    0x0000020c   0x0000020c   0x00000004   Ven    RO          923    .ARM.Collect$$rtexit$$00000000  c_t.l(rtexit.o)
    0x00000210   0x00000210   0x00000004   Code   RO          923    .ARM.Collect$$rtexit$$00000000  c_t.l(rtexit.o)
    0x00000214   0x00000214   0x00000000   Code   RO          943    .ARM.Collect$$rtexit$$00000002  c_t.l(rtexit2.o)
    0x00000214   0x00000214   0x00000004   Code   RO          944    .ARM.Collect$$rtexit$$00000003  c_t.l(rtexit2.o)
    0x00000218   0x00000218   0x00000008   Code   RO          945    .ARM.Collect$$rtexit$$00000004  c_t.l(rtexit2.o)
    0x00000220   0x00000220   0x00000008   Ven    RO          800    .emb_text           c_t.l(rand.o)
    0x00000228   0x00000228   0x00000038   Code   RO          800    .emb_text           c_t.l(rand.o)
    0x00000260   0x00000260   0x00000068   Code   RO            4    .text               startup.o
    0x000002c8   0x000002c8   0x000002d0   Code   RO          798    .text               c_t.l(lludiv.o)
    0x00000598   0x00000598   0x00000008   Ven    RO          801    .text               c_t.l(rand.o)
    0x000005a0   0x000005a0   0x00000040   Code   RO          801    .text               c_t.l(rand.o)
    0x000005e0   0x000005e0   0x0000022c   Code   RO          805    .text               c_t.l(aeabi_sdivfast.o)
    0x0000080c   0x0000080c   0x00000006   Code   RO          821    .text               c_t.l(heapauxi.o)
    0x00000812   0x00000812   0x00000002   PAD
    0x00000814   0x00000814   0x00000060   Code   RO          900    .text               c_t.l(sys_stackheap_outer.o)
    0x00000874   0x00000874   0x00000014   Code   RO          902    .text               c_t.l(exit.o)
    0x00000888   0x00000888   0x0000000c   Code   RO          920    .text               c_t.l(libspace.o)
    0x00000894   0x00000894   0x00000008   Ven    RO          937    .text               c_t.l(sys_exit.o)
    0x0000089c   0x0000089c   0x0000000c   Code   RO          937    .text               c_t.l(sys_exit.o)
    0x000008a8   0x000008a8   0x00000004   Code   RO          939    .text               c_t.l(use_no_semi.o)
    0x000008ac   0x000008ac   0x00000000   Code   RO          941    .text               c_t.l(indicate_semi.o)
    0x000008ac   0x000008ac   0x00000030   Code   RO          806    .text_udiv          c_t.l(aeabi_sdivfast.o)
    0x000008dc   0x000008dc   0x00000024   Code   RO          755    i.SC_entrar_disable_irq  hal_sc_lpc.o
    0x00000900   0x00000900   0x0000002c   Code   RO          756    i.SC_salir_enable_irq  hal_sc_lpc.o
    0x0000092c   0x0000092c   0x0000004c   Code   RO          174    i.drv_botones_cb    drv_botones.o
    0x00000978   0x00000978   0x000000a4   Code   RO          175    i.drv_botones_iniciar  drv_botones.o
    0x00000a1c   0x00000a1c   0x00000184   Code   RO          176    i.drv_botones_tratar  drv_botones.o
    0x00000ba0   0x00000ba0   0x0000001c   Code   RO          206    i.drv_consumo_dormir  drv_consumo.o
    0x00000bbc   0x00000bbc   0x00000024   Code   RO          207    i.drv_consumo_esperar  drv_consumo.o
    0x00000be0   0x00000be0   0x00000024   Code   RO          208    i.drv_consumo_iniciar  drv_consumo.o
    0x00000c04   0x00000c04   0x0000005c   Code   RO           77    i.drv_led_apagar    drv_leds.o
    0x00000c60   0x00000c60   0x0000005c   Code   RO           79    i.drv_led_encender  drv_leds.o
    0x00000cbc   0x00000cbc   0x00000078   Code   RO           80    i.drv_leds_iniciar  drv_leds.o
    0x00000d34   0x00000d34   0x00000024   Code   RO          236    i.drv_monitor_desmarcar  drv_monitor.o
    0x00000d58   0x00000d58   0x00000050   Code   RO          237    i.drv_monitor_iniciar  drv_monitor.o
    0x00000da8   0x00000da8   0x00000024   Code   RO          238    i.drv_monitor_marcar  drv_monitor.o
    0x00000dcc   0x00000dcc   0x00000030   Code   RO          121    i.drv_tiempo_actual_ms  drv_tiempo.o
    0x00000dfc   0x00000dfc   0x00000024   Code   RO          122    i.drv_tiempo_actual_us  drv_tiempo.o
    0x00000e20   0x00000e20   0x0000001c   Code   RO          125    i.drv_tiempo_iniciar  drv_tiempo.o
    0x00000e3c   0x00000e3c   0x0000002c   Code   RO          126    i.drv_tiempo_periodico_ms  drv_tiempo.o
    0x00000e68   0x00000e68   0x00000054   Code   RO          641    i.eint0_ISR         hal_ext_int_lpc.o
    0x00000ebc   0x00000ebc   0x00000054   Code   RO          643    i.eint1_ISR         hal_ext_int_lpc.o
    0x00000f10   0x00000f10   0x00000054   Code   RO          645    i.eint2_ISR         hal_ext_int_lpc.o
    0x00000f64   0x00000f64   0x00000020   Code   RO          127    i.funcionQueLlama   drv_tiempo.o
    0x00000f84   0x00000f84   0x00000024   Code   RO          731    i.hal_WDT_feed      hal_wdt_lpc.o
    0x00000fa8   0x00000fa8   0x0000003c   Code   RO          732    i.hal_WDT_iniciar   hal_wdt_lpc.o
    0x00000fe4   0x00000fe4   0x00000020   Code   RO          614    i.hal_consumo_dormir  hal_consumo_lpc.o
    0x00001004   0x00001004   0x00000020   Code   RO          615    i.hal_consumo_esperar  hal_consumo_lpc.o
    0x00001024   0x00001024   0x00000004   Code   RO          616    i.hal_consumo_iniciar  hal_consumo_lpc.o
    0x00001028   0x00001028   0x00000064   Code   RO          647    i.hal_ext_int_comprobar_pulsado  hal_ext_int_lpc.o
    0x0000108c   0x0000108c   0x00000060   Code   RO          650    i.hal_ext_int_habilitar  hal_ext_int_lpc.o
    0x000010ec   0x000010ec   0x00000010   Code   RO          652    i.hal_ext_int_iniciar  hal_ext_int_lpc.o
    0x000010fc   0x000010fc   0x00000138   Code   RO          653    i.hal_ext_int_iniciar_boton  hal_ext_int_lpc.o
    0x00001234   0x00001234   0x00000020   Code   RO          525    i.hal_gpio_escribir  hal_gpio_lpc.o
    0x00001254   0x00001254   0x00000014   Code   RO          527    i.hal_gpio_iniciar  hal_gpio_lpc.o
    0x00001268   0x00001268   0x00000038   Code   RO          530    i.hal_gpio_sentido  hal_gpio_lpc.o
    0x000012a0   0x000012a0   0x00000024   Code   RO          775    i.hal_random_generar  hal_random_lpc.o
    0x000012c4   0x000012c4   0x00000004   Code   RO          776    i.hal_random_iniciar  hal_random_lpc.o
    0x000012c8   0x000012c8   0x0000002c   Code   RO          576    i.hal_tiempo_actual_tick  hal_tiempo_lpc.o
    0x000012f4   0x000012f4   0x00000060   Code   RO          577    i.hal_tiempo_iniciar_tick  hal_tiempo_lpc.o
    0x00001354   0x00001354   0x00000070   Code   RO          578    i.hal_tiempo_reloj_periodico_tick  hal_tiempo_lpc.o
    0x000013c4   0x000013c4   0x00000008   Code   RO           11    i.leds_dormir       main.o
    0x000013cc   0x000013cc   0x00000090   Code   RO           12    i.main              main.o
    0x0000145c   0x0000145c   0x000000d4   Code   RO          267    i.rt_FIFO_conteo    rt_fifo.o
    0x00001530   0x00001530   0x00000080   Code   RO          268    i.rt_FIFO_encolar   rt_fifo.o
    0x000015b0   0x000015b0   0x00000094   Code   RO          271    i.rt_FIFO_extraer   rt_fifo.o
    0x00001644   0x00001644   0x0000004c   Code   RO          272    i.rt_FIFO_inicializar  rt_fifo.o
    0x00001690   0x00001690   0x00000054   Code   RO          326    i.rt_GE_iniciar     rt_ge.o
    0x000016e4   0x000016e4   0x000000d8   Code   RO          327    i.rt_GE_lanzador    rt_ge.o
    0x000017bc   0x000017bc   0x00000044   Code   RO          328    i.rt_GE_tratar      rt_ge.o
    0x00001800   0x00001800   0x00000094   Code   RO          419    i.simon_iniciar     simon.o
    0x00001894   0x00001894   0x000004d8   Code   RO          421    i.simon_tratar      simon.o
    0x00001d6c   0x00001d6c   0x0000008c   Code   RO          330    i.svc_GE_suscribir  rt_ge.o
    0x00001df8   0x00001df8   0x0000015c   Code   RO          371    i.svc_alarma_activar  svc_alarma.o
    0x00001f54   0x00001f54   0x00000008   Code   RO          372    i.svc_alarma_codificar  svc_alarma.o
    0x00001f5c   0x00001f5c   0x000000ac   Code   RO          373    i.svc_alarma_iniciar  svc_alarma.o
    0x00002008   0x00002008   0x000000a8   Code   RO          374    i.svc_alarma_tratar  svc_alarma.o
    0x000020b0   0x000020b0   0x00000038   Code   RO          579    i.timer0_ISR        hal_tiempo_lpc.o
    0x000020e8   0x000020e8   0x00000038   Code   RO          580    i.timer1_ISR        hal_tiempo_lpc.o
    0x00002120   0x00002120   0x00000004   Data   RO           81    .constdata          drv_leds.o
    0x00002124   0x00002124   0x00000003   Data   RO          177    .constdata          drv_botones.o
    0x00002127   0x00002127   0x00000004   Data   RO          239    .constdata          drv_monitor.o
    0x0000212b   0x0000212b   0x00000001   PAD
    0x0000212c   0x0000212c   0x00000020   Data   RO          994    Region$$Table       anon$$obj.o


    Execution Region RW_IRAM1 (Exec base: 0x40000000, Load base: 0x0000214c, Size: 0x00001038, Max: 0x00008000, ABSOLUTE)

    Exec Addr    Load Addr    Size         Type   Attr      Idx    E Section Name        Object

    0x40000000   0x0000214c   0x00000008   Data   RW           13    .data               main.o
    0x40000008   0x00002154   0x0000000c   Data   RW          128    .data               drv_tiempo.o
    0x40000014   0x00002160   0x00000018   Data   RW          178    .data               drv_botones.o
    0x4000002c   0x00002178   0x00000008   Data   RW          209    .data               drv_consumo.o
    0x40000034   0x00002180   0x00000008   Data   RW          275    .data               rt_fifo.o
    0x4000003c   0x00002188   0x00000008   Data   RW          332    .data               rt_ge.o
    0x40000044   0x00002190   0x0000000c   Data   RW          377    .data               svc_alarma.o
    0x40000050   0x0000219c   0x00000028   Data   RW          423    .data               simon.o
    0x40000078   0x000021c4   0x00000008   Data   RW          581    .data               hal_tiempo_lpc.o
    0x40000080   0x000021cc   0x00000004   Data   RW          654    .data               hal_ext_int_lpc.o
    0x40000084   0x000021d0   0x00000004   Data   RW          757    .data               hal_sc_lpc.o
    0x40000088        -       0x00000324   Zero   RW          274    .bss                rt_fifo.o
    0x400003ac        -       0x000000d8   Zero   RW          331    .bss                rt_ge.o
    0x40000484        -       0x00000060   Zero   RW          376    .bss                svc_alarma.o
    0x400004e4        -       0x00000190   Zero   RW          422    .bss                simon.o
    0x40000674        -       0x000000e4   Zero   RW          802    .bss                c_t.l(rand.o)
    0x40000758        -       0x00000060   Zero   RW          921    .bss                c_t.l(libspace.o)
    0x400007b8        -       0x00000000   Zero   RW            2    HEAP                startup.o
    0x400007b8        -       0x00000880   Zero   RW            1    STACK               startup.o


==============================================================================

Image component sizes


      Code (inc. data)   RO Data    RW Data    ZI Data      Debug   Object Name

       628         32          3         24          0       4245   drv_botones.o
       100         12          0          8          0       2505   drv_consumo.o
       304         12          4          0          0       2991   drv_leds.o
       152         12          4          0          0       2567   drv_monitor.o
       188         24          0         12          0       3769   drv_tiempo.o
        68          0          0          0          0       1501   hal_consumo_lpc.o
       776         28          0          4          0       5487   hal_ext_int_lpc.o
       108          0          0          0          0       2214   hal_gpio_lpc.o
        40          0          0          0          0       1186   hal_random_lpc.o
        80          8          0          4          0       1290   hal_sc_lpc.o
       364         28          0          8          0       3815   hal_tiempo_lpc.o
        96          4          0          0          0       1673   hal_wdt_lpc.o
       152         12          0          8          0       7873   main.o
       564         28          0          8        804       3783   rt_fifo.o
       508         32          0          8        216       4043   rt_ge.o
      1388         44          0         40        400       4658   simon.o
       376         64          0          0       2176        748   startup.o
       696         28          0         12         96       4822   svc_alarma.o

    ----------------------------------------------------------------------
      6588        368         44        136       3692      59170   Object Totals
         0          0         32          0          0          0   (incl. Generated)
         0          0          1          0          0          0   (incl. Padding)

    ----------------------------------------------------------------------

      Code (inc. data)   RO Data    RW Data    ZI Data      Debug   Library Member Name

         8          0          0          0          0         68   __main.o
         0          0          0          0          0          0   __rtentry.o
        44          4          0          0          0          0   __rtentry2.o
         8          0          0          0          0          0   __rtentry4.o
        60          8          0          0          0          0   __scatter.o
        40          0          0          0          0          0   __scatter_copy.o
        44          0          0          0          0          0   __scatter_zi.o
       604          0          0          0          0        148   aeabi_sdivfast.o
        20          0          0          0          0         80   exit.o
         6          0          0          0          0        136   heapauxi.o
         0          0          0          0          0          0   indicate_semi.o
        10          0          0          0          0          0   libinit.o
        16          0          0          0          0          0   libinit2.o
        12          0          0          0          0          0   libshutdown.o
         6          0          0          0          0          0   libshutdown2.o
        12          4          0          0         96         68   libspace.o
       720         64          0          0          0        156   lludiv.o
       136         18          0          0        228        156   rand.o
         8          0          0          0          0          0   rtexit.o
        12          0          0          0          0          0   rtexit2.o
        20          4          0          0          0         60   sys_exit.o
        96          0          0          0          0         80   sys_stackheap_outer.o
         4          0          0          0          0         68   use_no_semi.o

    ----------------------------------------------------------------------
      1892        102          0          0        324       1020   Library Totals
         6          0          0          0          0          0   (incl. Padding)

    ----------------------------------------------------------------------

      Code (inc. data)   RO Data    RW Data    ZI Data      Debug   Library Name

      1886        102          0          0        324       1020   c_t.l

    ----------------------------------------------------------------------
      1892        102          0          0        324       1020   Library Totals

    ----------------------------------------------------------------------

==============================================================================


      Code (inc. data)   RO Data    RW Data    ZI Data      Debug   

      8480        470         44        136       4016      57194   Grand Totals
      8480        470         44        136       4016      57194   ELF Image Totals
      8480        470         44        136          0          0   ROM Totals

==============================================================================

    Total RO  Size (Code + RO Data)                 8524 (   8.32kB)
    Total RW  Size (RW Data + ZI Data)              4152 (   4.05kB)
    Total ROM Size (Code + RO Data + RW Data)       8660 (   8.46kB)

==============================================================================

